[    0.000000] Linux version 4.15.0-197-generic (buildd@lcy02-amd64-110) (gcc version 7.5.0 (Ubuntu 7.5.0-3ubuntu1~18.04)) #208-Ubuntu SMP Tue Nov 1 17:23:37 UTC 2022 (Ubuntu 4.15.0-197.208-generic 4.15.18)
[    0.000000] Command line: BOOT_IMAGE=/boot/vmlinuz-4.15.0-197-generic root=LABEL=cloudimg-rootfs ro console=tty1 console=ttyS0
[    0.000000] KERNEL supported cpus:
[    0.000000]   Intel GenuineIntel
[    0.000000]   AMD AuthenticAMD
[    0.000000]   Centaur CentaurHauls
[    0.000000] x86/fpu: Supporting XSAVE feature 0x001: 'x87 floating point registers'
[    0.000000] x86/fpu: Supporting XSAVE feature 0x002: 'SSE registers'
[    0.000000] x86/fpu: Supporting XSAVE feature 0x004: 'AVX registers'
[    0.000000] x86/fpu: xstate_offset[2]:  576, xstate_sizes[2]:  256
[    0.000000] x86/fpu: Enabled xstate features 0x7, context size is 832 bytes, using 'standard' format.
[    0.000000] e820: BIOS-provided physical RAM map:
[    0.000000] BIOS-e820: [mem 0x0000000000000000-0x000000000009fbff] usable
[    0.000000] BIOS-e820: [mem 0x000000000009fc00-0x000000000009ffff] reserved
[    0.000000] BIOS-e820: [mem 0x00000000000f0000-0x00000000000fffff] reserved
[    0.000000] BIOS-e820: [mem 0x0000000000100000-0x000000003ffeffff] usable
[    0.000000] BIOS-e820: [mem 0x000000003fff0000-0x000000003fffffff] ACPI data
[    0.000000] BIOS-e820: [mem 0x00000000fec00000-0x00000000fec00fff] reserved
[    0.000000] BIOS-e820: [mem 0x00000000fee00000-0x00000000fee00fff] reserved
[    0.000000] BIOS-e820: [mem 0x00000000fffc0000-0x00000000ffffffff] reserved
[    0.000000] NX (Execute Disable) protection: active
[    0.000000] SMBIOS 2.5 present.
[    0.000000] DMI: innotek GmbH VirtualBox/VirtualBox, BIOS VirtualBox 12/01/2006
[    0.000000] Hypervisor detected: KVM
[    0.000000] e820: last_pfn = 0x3fff0 max_arch_pfn = 0x400000000
[    0.000000] MTRR: Disabled
[    0.000000] x86/PAT: MTRRs disabled, skipping PAT initialization too.
[    0.000000] CPU MTRRs all blank - virtualized system.
[    0.000000] x86/PAT: Configuration [0-7]: WB  WT  UC- UC  WB  WT  UC- UC  
[    0.000000] found SMP MP-table at [mem 0x0009fff0-0x0009ffff]
[    0.000000] Scanning 1 areas for low memory corruption
[    0.000000] RAMDISK: [mem 0x359c7000-0x36cdafff]
[    0.000000] ACPI: Early table checksum verification disabled
[    0.000000] ACPI: RSDP 0x00000000000E0000 000024 (v02 VBOX  )
[    0.000000] ACPI: XSDT 0x000000003FFF0030 00003C (v01 VBOX   VBOXXSDT 00000001 ASL  00000061)
[    0.000000] ACPI: FACP 0x000000003FFF00F0 0000F4 (v04 VBOX   VBOXFACP 00000001 ASL  00000061)
[    0.000000] ACPI: DSDT 0x000000003FFF0470 002325 (v02 VBOX   VBOXBIOS 00000002 INTL 20160527)
[    0.000000] ACPI: FACS 0x000000003FFF0200 000040
[    0.000000] ACPI: FACS 0x000000003FFF0200 000040
[    0.000000] ACPI: APIC 0x000000003FFF0240 00005C (v02 VBOX   VBOXAPIC 00000001 ASL  00000061)
[    0.000000] ACPI: SSDT 0x000000003FFF02A0 0001CC (v01 VBOX   VBOXCPUT 00000002 INTL 20160527)
[    0.000000] ACPI: Reserving FACP table memory at [mem 0x3fff00f0-0x3fff01e3]
[    0.000000] ACPI: Reserving DSDT table memory at [mem 0x3fff0470-0x3fff2794]
[    0.000000] ACPI: Reserving FACS table memory at [mem 0x3fff0200-0x3fff023f]
[    0.000000] ACPI: Reserving FACS table memory at [mem 0x3fff0200-0x3fff023f]
[    0.000000] ACPI: Reserving APIC table memory at [mem 0x3fff0240-0x3fff029b]
[    0.000000] ACPI: Reserving SSDT table memory at [mem 0x3fff02a0-0x3fff046b]
[    0.000000] No NUMA configuration found
[    0.000000] Faking a node at [mem 0x0000000000000000-0x000000003ffeffff]
[    0.000000] NODE_DATA(0) allocated [mem 0x3ffc5000-0x3ffeffff]
[    0.000000] kvm-clock: cpu 0, msr 0:3ff44001, primary cpu clock
[    0.000000] kvm-clock: Using msrs 4b564d01 and 4b564d00
[    0.000000] kvm-clock: using sched offset of 3394167858 cycles
[    0.000000] clocksource: kvm-clock: mask: 0xffffffffffffffff max_cycles: 0x1cd42e4dffb, max_idle_ns: 881590591483 ns
[    0.000000] Zone ranges:
[    0.000000]   DMA      [mem 0x0000000000001000-0x0000000000ffffff]
[    0.000000]   DMA32    [mem 0x0000000001000000-0x000000003ffeffff]
[    0.000000]   Normal   empty
[    0.000000]   Device   empty
[    0.000000] Movable zone start for each node
[    0.000000] Early memory node ranges
[    0.000000]   node   0: [mem 0x0000000000001000-0x000000000009efff]
[    0.000000]   node   0: [mem 0x0000000000100000-0x000000003ffeffff]
[    0.000000] Reserved but unavailable: 104 pages
[    0.000000] Initmem setup node 0 [mem 0x0000000000001000-0x000000003ffeffff]
[    0.000000] ACPI: PM-Timer IO Port: 0x4008
[    0.000000] IOAPIC[0]: apic_id 2, version 32, address 0xfec00000, GSI 0-23
[    0.000000] ACPI: INT_SRC_OVR (bus 0 bus_irq 0 global_irq 2 dfl dfl)
[    0.000000] ACPI: INT_SRC_OVR (bus 0 bus_irq 9 global_irq 9 low level)
[    0.000000] Using ACPI (MADT) for SMP configuration information
[    0.000000] smpboot: Allowing 2 CPUs, 0 hotplug CPUs
[    0.000000] PM: Registered nosave memory: [mem 0x00000000-0x00000fff]
[    0.000000] PM: Registered nosave memory: [mem 0x0009f000-0x0009ffff]
[    0.000000] PM: Registered nosave memory: [mem 0x000a0000-0x000effff]
[    0.000000] PM: Registered nosave memory: [mem 0x000f0000-0x000fffff]
[    0.000000] e820: [mem 0x40000000-0xfebfffff] available for PCI devices
[    0.000000] Booting paravirtualized kernel on KVM
[    0.000000] clocksource: refined-jiffies: mask: 0xffffffff max_cycles: 0xffffffff, max_idle_ns: 7645519600211568 ns
[    0.000000] setup_percpu: NR_CPUS:8192 nr_cpumask_bits:2 nr_cpu_ids:2 nr_node_ids:1
[    0.000000] percpu: Embedded 50 pages/cpu s167936 r8192 d28672 u1048576
[    0.000000] PV qspinlock hash table entries: 256 (order: 0, 4096 bytes)
[    0.000000] Built 1 zonelists, mobility grouping on.  Total pages: 257913
[    0.000000] Policy zone: DMA32
[    0.000000] Kernel command line: BOOT_IMAGE=/boot/vmlinuz-4.15.0-197-generic root=LABEL=cloudimg-rootfs ro console=tty1 console=ttyS0
[    0.000000] Memory: 982644K/1048120K available (12300K kernel code, 2477K rwdata, 4320K rodata, 2472K init, 2720K bss, 65476K reserved, 0K cma-reserved)
[    0.000000] SLUB: HWalign=64, Order=0-3, MinObjects=0, CPUs=2, Nodes=1
[    0.000000] Kernel/User page tables isolation: enabled
[    0.000000] ftrace: allocating 39478 entries in 155 pages
[    0.004000] Hierarchical RCU implementation.
[    0.004000] 	RCU restricting CPUs from NR_CPUS=8192 to nr_cpu_ids=2.
[    0.004000] 	Tasks RCU enabled.
[    0.004000] RCU: Adjusting geometry for rcu_fanout_leaf=16, nr_cpu_ids=2
[    0.004000] NR_IRQS: 524544, nr_irqs: 440, preallocated irqs: 16
[    0.004000] random: crng init done
[    0.004000] Console: colour VGA+ 80x25
[    0.004000] console [tty1] enabled
[    0.004000] console [ttyS0] enabled
[    0.004000] ACPI: Core revision 20170831
[    0.004000] ACPI: 2 ACPI AML tables successfully acquired and loaded
[    0.004000] APIC: Switch to symmetric I/O mode setup
[    0.004000] x2apic enabled
[    0.004000] Switched APIC routing to physical x2apic.
[    0.005232] ..TIMER: vector=0x30 apic1=0 pin1=2 apic2=-1 pin2=-1
[    0.008002] tsc: Detected 3192.024 MHz processor
[    0.012008] Calibrating delay loop (skipped) preset value.. 6384.04 BogoMIPS (lpj=12768096)
[    0.014527] pid_max: default: 32768 minimum: 301
[    0.016027] Security Framework initialized
[    0.017485] Yama: becoming mindful.
[    0.018643] AppArmor: AppArmor initialized
[    0.020541] Dentry cache hash table entries: 131072 (order: 8, 1048576 bytes)
[    0.022893] Inode-cache hash table entries: 65536 (order: 7, 524288 bytes)
[    0.024008] Mount-cache hash table entries: 2048 (order: 2, 16384 bytes)
[    0.025848] Mountpoint-cache hash table entries: 2048 (order: 2, 16384 bytes)
[    0.028247] Last level iTLB entries: 4KB 64, 2MB 8, 4MB 8
[    0.030028] Last level dTLB entries: 4KB 64, 2MB 0, 4MB 0, 1GB 4
[    0.032004] Spectre V1 : Mitigation: usercopy/swapgs barriers and __user pointer sanitization
[    0.034270] Spectre V2 : Mitigation: Retpolines
[    0.036001] Spectre V2 : Spectre v2 / SpectreRSB mitigation: Filling RSB on context switch
[    0.038505] Speculative Store Bypass: Vulnerable
[    0.040085] MDS: Mitigation: Clear CPU buffers
[    0.041337] MMIO Stale Data: Mitigation: Clear CPU buffers
[    0.042883] SRBDS: Unknown: Dependent on hypervisor status
[    0.044182] Freeing SMP alternatives memory: 36K
[    0.156390] smpboot: CPU0: Intel(R) Core(TM) i7-8700 CPU @ 3.20GHz (family: 0x6, model: 0x9e, stepping: 0xa)
[    0.158916] Performance Events: unsupported p6 CPU model 158 no PMU driver, software events only.
[    0.160028] Hierarchical SRCU implementation.
[    0.161774] NMI watchdog: Perf event create on CPU 0 failed with -2
[    0.164001] NMI watchdog: Perf NMI watchdog permanently disabled
[    0.165560] smp: Bringing up secondary CPUs ...
[    0.166671] x86: Booting SMP configuration:
[    0.168001] .... node  #0, CPUs:      #1
[    0.004000] kvm-clock: cpu 1, msr 0:3ff44041, secondary cpu clock
[    0.172020] smp: Brought up 1 node, 2 CPUs
[    0.173301] smpboot: Max logical packages: 1
[    0.174312] smpboot: Total of 2 processors activated (12768.09 BogoMIPS)
[    0.176093] devtmpfs: initialized
[    0.177167] x86/mm: Memory block size: 128MB
[    0.180129] evm: security.selinux
[    0.180983] evm: security.SMACK64
[    0.182003] evm: security.SMACK64EXEC
[    0.183076] evm: security.SMACK64TRANSMUTE
[    0.184002] evm: security.SMACK64MMAP
[    0.184913] evm: security.apparmor
[    0.185886] evm: security.ima
[    0.186977] evm: security.capability
[    0.188076] clocksource: jiffies: mask: 0xffffffff max_cycles: 0xffffffff, max_idle_ns: 7645041785100000 ns
[    0.190645] futex hash table entries: 512 (order: 3, 32768 bytes)
[    0.192043] pinctrl core: initialized pinctrl subsystem
[    0.193933] RTC time: 13:12:16, date: 12/02/22
[    0.195400] NET: Registered protocol family 16
[    0.196086] audit: initializing netlink subsys (disabled)
[    0.197618] audit: type=2000 audit(1669986741.111:1): state=initialized audit_enabled=0 res=1
[    0.200007] cpuidle: using governor ladder
[    0.201266] cpuidle: using governor menu
[    0.204032] ACPI: bus type PCI registered
[    0.205249] acpiphp: ACPI Hot Plug PCI Controller Driver version: 0.5
[    0.207270] PCI: Using configuration type 1 for base access
[    0.208876] HugeTLB registered 2.00 MiB page size, pre-allocated 0 pages
[    0.212048] ACPI: Added _OSI(Module Device)
[    0.213238] ACPI: Added _OSI(Processor Device)
[    0.214662] ACPI: Added _OSI(3.0 _SCP Extensions)
[    0.216009] ACPI: Added _OSI(Processor Aggregator Device)
[    0.217732] ACPI: Added _OSI(Linux-Dell-Video)
[    0.219187] ACPI: Added _OSI(Linux-Lenovo-NV-HDMI-Audio)
[    0.220008] ACPI: Added _OSI(Linux-HPI-Hybrid-Graphics)
[    0.221776] ACPI: Executed 1 blocks of module-level executable AML code
[    0.229912] ACPI: Interpreter enabled
[    0.231869] ACPI: (supports S0 S5)
[    0.232002] ACPI: Using IOAPIC for interrupt routing
[    0.234112] PCI: Using host bridge windows from ACPI; if necessary, use "pci=nocrs" and report a bug
[    0.236140] ACPI: Enabled 2 GPEs in block 00 to 07
[    0.245702] ACPI: PCI Root Bridge [PCI0] (domain 0000 [bus 00-ff])
[    0.247712] acpi PNP0A03:00: _OSC: OS supports [ASPM ClockPM Segments MSI]
[    0.248477] acpi PNP0A03:00: _OSC: not requesting OS control; OS requires [ExtendedConfig ASPM ClockPM MSI]
[    0.252013] acpi PNP0A03:00: fail to add MMCONFIG information, can't access extended PCI configuration space under this bridge.
[    0.256322] PCI host bridge to bus 0000:00
[    0.257647] pci_bus 0000:00: root bus resource [io  0x0000-0x0cf7 window]
[    0.260002] pci_bus 0000:00: root bus resource [io  0x0d00-0xffff window]
[    0.261876] pci_bus 0000:00: root bus resource [mem 0x000a0000-0x000bffff window]
[    0.264002] pci_bus 0000:00: root bus resource [mem 0x40000000-0xfdffffff window]
[    0.266493] pci_bus 0000:00: root bus resource [bus 00-ff]
[    0.269442] pci 0000:00:01.1: legacy IDE quirk: reg 0x10: [io  0x01f0-0x01f7]
[    0.272002] pci 0000:00:01.1: legacy IDE quirk: reg 0x14: [io  0x03f6]
[    0.273908] pci 0000:00:01.1: legacy IDE quirk: reg 0x18: [io  0x0170-0x0177]
[    0.276002] pci 0000:00:01.1: legacy IDE quirk: reg 0x1c: [io  0x0376]
[    0.288883] pci 0000:00:07.0: quirk: [io  0x4000-0x403f] claimed by PIIX4 ACPI
[    0.291137] pci 0000:00:07.0: quirk: [io  0x4100-0x410f] claimed by PIIX4 SMB
[    0.296401] ACPI: PCI Interrupt Link [LNKA] (IRQs 5 9 10 *11)
[    0.298568] ACPI: PCI Interrupt Link [LNKB] (IRQs 5 9 *10 11)
[    0.300117] ACPI: PCI Interrupt Link [LNKC] (IRQs 5 *9 10 11)
[    0.301694] ACPI: PCI Interrupt Link [LNKD] (IRQs 5 9 10 *11)
[    0.303528] SCSI subsystem initialized
[    0.304037] pci 0000:00:02.0: vgaarb: setting as boot VGA device
[    0.305531] pci 0000:00:02.0: vgaarb: VGA device added: decodes=io+mem,owns=io+mem,locks=none
[    0.308029] pci 0000:00:02.0: vgaarb: bridge control possible
[    0.309818] vgaarb: loaded
[    0.310712] ACPI: bus type USB registered
[    0.312023] usbcore: registered new interface driver usbfs
[    0.313551] usbcore: registered new interface driver hub
[    0.315121] usbcore: registered new device driver usb
[    0.316054] EDAC MC: Ver: 3.0.0
[    0.317156] PCI: Using ACPI for IRQ routing
[    0.320101] NetLabel: Initializing
[    0.320983] NetLabel:  domain hash size = 128
[    0.321995] NetLabel:  protocols = UNLABELED CIPSOv4 CALIPSO
[    0.323448] NetLabel:  unlabeled traffic allowed by default
[    0.324084] clocksource: Switched to clocksource kvm-clock
[    0.334590] VFS: Disk quotas dquot_6.6.0
[    0.336045] VFS: Dquot-cache hash table entries: 512 (order 0, 4096 bytes)
[    0.339652] AppArmor: AppArmor Filesystem Enabled
[    0.342013] pnp: PnP ACPI init
[    0.344360] pnp: PnP ACPI: found 3 devices
[    0.353736] clocksource: acpi_pm: mask: 0xffffff max_cycles: 0xffffff, max_idle_ns: 2085701024 ns
[    0.357625] NET: Registered protocol family 2
[    0.359581] IP idents hash table entries: 16384 (order: 5, 131072 bytes)
[    0.363211] TCP established hash table entries: 8192 (order: 4, 65536 bytes)
[    0.366430] TCP bind hash table entries: 8192 (order: 5, 131072 bytes)
[    0.369589] TCP: Hash tables configured (established 8192 bind 8192)
[    0.372411] UDP hash table entries: 512 (order: 2, 16384 bytes)
[    0.374010] UDP-Lite hash table entries: 512 (order: 2, 16384 bytes)
[    0.375574] NET: Registered protocol family 1
[    0.376824] pci 0000:00:00.0: Limiting direct PCI/PCI transfers
[    0.378436] pci 0000:00:01.0: Activating ISA DMA hang workarounds
[    0.379939] pci 0000:00:02.0: Video device with shadowed ROM at [mem 0x000c0000-0x000dffff]
[    0.382441] Unpacking initramfs...
[    0.581154] Freeing initrd memory: 19536K
[    0.582695] clocksource: tsc: mask: 0xffffffffffffffff max_cycles: 0x2e02db5ee98, max_idle_ns: 440795356631 ns
[    0.585358] platform rtc_cmos: registered platform RTC device (no PNP device found)
[    0.587492] Scanning for low memory corruption every 60 seconds
[    0.589538] Initialise system trusted keyrings
[    0.590872] Key type blacklist registered
[    0.591994] workingset: timestamp_bits=36 max_order=18 bucket_order=0
[    0.594411] zbud: loaded
[    0.595567] squashfs: version 4.0 (2009/01/31) Phillip Lougher
[    0.597522] fuse init (API version 7.26)
[    0.599672] Key type asymmetric registered
[    0.600937] Asymmetric key parser 'x509' registered
[    0.602123] Block layer SCSI generic (bsg) driver version 0.4 loaded (major 246)
[    0.604347] io scheduler noop registered
[    0.605271] io scheduler deadline registered
[    0.606332] io scheduler cfq registered (default)
[    0.607870] ACPI: AC Adapter [AC] (on-line)
[    0.608858] input: Power Button as /devices/LNXSYSTM:00/LNXPWRBN:00/input/input0
[    0.610632] ACPI: Power Button [PWRF]
[    0.611856] input: Sleep Button as /devices/LNXSYSTM:00/LNXSLPBN:00/input/input1
[    0.613995] ACPI: Sleep Button [SLPF]
[    0.615169] Serial: 8250/16550 driver, 32 ports, IRQ sharing enabled
[    0.637592] 00:02: ttyS0 at I/O 0x3f8 (irq = 4, base_baud = 115200) is a 16550A
[    0.641579] Linux agpgart interface v0.103
[    0.644281] loop: module loaded
[    0.645548] scsi host0: ata_piix
[    0.646882] scsi host1: ata_piix
[    0.647900] ata1: PATA max UDMA/33 cmd 0x1f0 ctl 0x3f6 bmdma 0xd000 irq 14
[    0.649718] ata2: PATA max UDMA/33 cmd 0x170 ctl 0x376 bmdma 0xd008 irq 15
[    0.651333] tun: Universal TUN/TAP device driver, 1.6
[    0.652598] PPP generic driver version 2.4.2
[    0.653732] ehci_hcd: USB 2.0 'Enhanced' Host Controller (EHCI) Driver
[    0.655309] ehci-pci: EHCI PCI platform driver
[    0.656394] ehci-platform: EHCI generic platform driver
[    0.657460] ohci_hcd: USB 1.1 'Open' Host Controller (OHCI) Driver
[    0.658767] ohci-pci: OHCI PCI platform driver
[    0.659659] ohci-platform: OHCI generic platform driver
[    0.660869] uhci_hcd: USB Universal Host Controller Interface driver
[    0.662353] i8042: PNP: PS/2 Controller [PNP0303:PS2K,PNP0f03:PS2M] at 0x60,0x64 irq 1,12
[    0.664668] serio: i8042 KBD port at 0x60,0x64 irq 1
[    0.665868] serio: i8042 AUX port at 0x60,0x64 irq 12
[    0.667050] mousedev: PS/2 mouse device common for all mice
[    0.668858] input: AT Translated Set 2 keyboard as /devices/platform/i8042/serio0/input/input2
[    0.671357] rtc_cmos rtc_cmos: rtc core: registered rtc_cmos as rtc0
[    0.673430] rtc_cmos rtc_cmos: alarms up to one day, 114 bytes nvram
[    0.674932] i2c /dev entries driver
[    0.675804] device-mapper: uevent: version 1.0.3
[    0.677303] device-mapper: ioctl: 4.37.0-ioctl (2017-09-20) initialised: dm-devel@redhat.com
[    0.679617] ledtrig-cpu: registered to indicate activity on CPUs
[    0.681643] NET: Registered protocol family 10
[    0.685773] Segment Routing with IPv6
[    0.687059] NET: Registered protocol family 17
[    0.688324] Key type dns_resolver registered
[    0.689536] mce: Using 0 MCE banks
[    0.690415] RAS: Correctable Errors collector initialized.
[    0.692110] sched_clock: Marking stable (692094320, 0)->(912951788, -220857468)
[    0.694568] registered taskstats version 1
[    0.695795] Loading compiled-in X.509 certificates
[    0.698790] Loaded X.509 cert 'Build time autogenerated kernel key: ffc9dd3886e7b6bb89620497cc57c4262b59bc54'
[    0.702191] Loaded X.509 cert 'Canonical Ltd. Live Patch Signing: 14df34d1a87cf37625abec039ef2bf521249b969'
[    0.705153] Loaded X.509 cert 'Canonical Ltd. Kernel Module Signing: 88f752e560a1e0737e31163a466ad7b70a850c19'
[    0.707906] blacklist: Loading compiled-in revocation X.509 certificates
[    0.709769] Loaded X.509 cert 'Canonical Ltd. Secure Boot Signing: 61482aa2830d0ab2ad5af10b7250da9033ddcef0'
[    0.712430] zswap: loaded using pool lzo/zbud
[    0.716115] Key type big_key registered
[    0.717479] Key type trusted registered
[    0.719850] Key type encrypted registered
[    0.721136] AppArmor: AppArmor sha1 policy hashing enabled
[    0.722635] ima: No TPM chip found, activating TPM-bypass! (rc=-19)
[    0.724272] ima: Allocated hash algorithm: sha1
[    0.725494] evm: HMAC attrs: 0x1
[    0.726598]   Magic number: 2:732:229
[    0.727534] rtc_cmos rtc_cmos: setting system clock to 2022-12-02 13:12:17 UTC (1669986737)
[    0.729847] BIOS EDD facility v0.16 2004-Jun-25, 0 devices found
[    0.731232] EDD information not available.
[    0.832627] Freeing unused kernel image memory: 2472K
[    0.840079] Write protecting the kernel read-only data: 20480k
[    0.842328] Freeing unused kernel image memory: 2008K
[    0.844058] Freeing unused kernel image memory: 1824K
[    0.852096] x86/mm: Checked W+X mappings: passed, no W+X pages found.
[    0.854083] x86/mm: Checking user space page tables
[    0.861914] x86/mm: Checked W+X mappings: passed, no W+X pages found.
Loading, please wait...
starting version 237
[    0.917228] e1000: Intel(R) PRO/1000 Network Driver - version 7.3.21-k8-NAPI
[    0.919810] e1000: Copyright (c) 1999-2006 Intel Corporation.
[    0.924268] Fusion MPT base driver 3.04.20
[    0.925539] Copyright (c) 1999-2008 LSI Corporation
[    0.929845] Fusion MPT SPI Host driver 3.04.20
[    0.938073] AVX2 version of gcm_enc/dec engaged.
[    0.939334] AES CTR mode by8 optimization enabled
[    1.152467] input: ImExPS/2 Generic Explorer Mouse as /devices/platform/i8042/serio1/input/input4
[    1.388152] e1000 0000:00:03.0 eth0: (PCI:33MHz:32-bit) 02:a6:12:9f:2a:1a
[    1.390016] e1000 0000:00:03.0 eth0: Intel(R) PRO/1000 Network Connection
[    1.392479] mptbase: ioc0: Initiating bringup
[    1.394227] e1000 0000:00:03.0 enp0s3: renamed from eth0
[    1.644538] ioc0: LSI53C1030 A0: Capabilities={Initiator}
[    4.629844] scsi host2: ioc0: LSI53C1030 A0, FwRev=00000000h, Ports=1, MaxQ=256, IRQ=20
[    7.574473] scsi 2:0:0:0: Direct-Access     VBOX     HARDDISK         1.0  PQ: 0 ANSI: 5
[    7.608024] scsi target2:0:0: Beginning Domain Validation
[    7.610974] scsi target2:0:0: Domain Validation skipping write tests
[    7.612857] scsi target2:0:0: Ending Domain Validation
[    7.614295] scsi target2:0:0: asynchronous
[    7.615563] scsi 2:0:1:0: Direct-Access     VBOX     HARDDISK         1.0  PQ: 0 ANSI: 5
[    7.648184] scsi target2:0:1: Beginning Domain Validation
[    7.661908] scsi target2:0:1: Domain Validation skipping write tests
[    7.669849] scsi target2:0:1: Ending Domain Validation
[    7.676601] scsi target2:0:1: asynchronous
[    7.691926] sd 2:0:0:0: Attached scsi generic sg0 type 0
[    7.692147] sd 2:0:0:0: [sda] 83886080 512-byte logical blocks: (42.9 GB/40.0 GiB)
[    7.695813] sd 2:0:1:0: Attached scsi generic sg1 type 0
[    7.699401] sd 2:0:0:0: [sda] Write Protect is off
[    7.705875] sd 2:0:0:0: [sda] Incomplete mode parameter data
[    7.705920] sd 2:0:1:0: [sdb] 20480 512-byte logical blocks: (10.5 MB/10.0 MiB)
[    7.708066] sd 2:0:0:0: [sda] Assuming drive cache: write through
[    7.712723] sd 2:0:1:0: [sdb] Write Protect is off
[    7.713778]  sda: sda1
[    7.715332] sd 2:0:1:0: [sdb] Incomplete mode parameter data
[    7.715505] sd 2:0:0:0: [sda] Attached SCSI disk
[    7.716968] sd 2:0:1:0: [sdb] Assuming drive cache: write through
[    7.721987] sd 2:0:1:0: [sdb] Attached SCSI disk
Begin: Loading essential drivers ... [    9.220038] raid6: sse2x1   gen() 15491 MB/s
[    9.268041] raid6: sse2x1   xor() 11060 MB/s
[    9.316033] raid6: sse2x2   gen() 18389 MB/s
[    9.364039] raid6: sse2x2   xor() 12317 MB/s
[    9.412041] raid6: sse2x4   gen() 21309 MB/s
[    9.460015] raid6: sse2x4   xor() 12343 MB/s
[    9.508045] raid6: avx2x1   gen() 29486 MB/s
[    9.556039] raid6: avx2x1   xor() 20501 MB/s
[    9.604040] raid6: avx2x2   gen() 35237 MB/s
[    9.652044] raid6: avx2x2   xor() 22650 MB/s
[    9.700014] raid6: avx2x4   gen() 41574 MB/s
[    9.748042] raid6: avx2x4   xor() 25273 MB/s
[    9.749603] raid6: using algorithm avx2x4 gen() 41574 MB/s
[    9.751164] raid6: .... xor() 25273 MB/s, rmw enabled
[    9.752787] raid6: using avx2x2 recovery algorithm
[    9.755115] xor: automatically using best checksumming function   avx       
[    9.758507] async_tx: api initialized (async)
done.
Begin: Running /scripts/init-premount ... done.
Begin: Mounting root file system ... Begin: Running /scripts/local-top ... done.
Begin: Running /scripts/local-premount ... [    9.795585] Btrfs loaded, crc32c=crc32c-intel
Scanning for Btrfs filesystems
done.
Warning: fsck not present, so skipping root file system
[    9.818709] EXT4-fs (sda1): INFO: recovery required on readonly filesystem
[    9.820653] EXT4-fs (sda1): write access will be enabled during recovery
[    9.870708] EXT4-fs (sda1): orphan cleanup on readonly fs
[    9.872726] EXT4-fs (sda1): 1 orphan inode deleted
[    9.874201] EXT4-fs (sda1): recovery complete
[    9.875985] EXT4-fs (sda1): mounted filesystem with ordered data mode. Opts: (null)
done.
Begin: Running /scripts/local-bottom ... done.
Begin: Running /scripts/init-bottom ... done.
[   10.121734] ip_tables: (C) 2000-2006 Netfilter Core Team
[   10.137990] systemd[1]: systemd 237 running in system mode. (+PAM +AUDIT +SELINUX +IMA +APPARMOR +SMACK +SYSVINIT +UTMP +LIBCRYPTSETUP +GCRYPT +GNUTLS +ACL +XZ +LZ4 +SECCOMP +BLKID +ELFUTILS +KMOD -IDN2 +IDN -PCRE2 default-hierarchy=hybrid)
[   10.146877] systemd[1]: Detected virtualization oracle.
[   10.148783] systemd[1]: Detected architecture x86-64.

Welcome to [1mUbuntu 18.04.6 LTS[0m!

[   10.165176] systemd[1]: Set hostname to <SSS-CW>.
[   10.560666] systemd[1]: Created slice System Slice.
[[0;32m  OK  [0m] Created slice System Slice.
[   10.572109] systemd[1]: Listening on LVM2 metadata daemon socket.
[[0;32m  OK  [0m] Listening on LVM2 metadata daemon socket.
[   10.584269] systemd[1]: Created slice system-serial\x2dgetty.slice.
[[0;32m  OK  [0m] Created slice system-serial\x2dgetty.slice.
[   10.586760] systemd[1]: Listening on /dev/initctl Compatibility Named Pipe.
[[0;32m  OK  [0m] Listening on /dev/initctl Compatibility Named Pipe.
[   10.600309] systemd[1]: Set up automount Arbitrary Executable File Formats File System Automount Point.
[[0;32m  OK  [0m] Set up automount Arbitrary Executabâ€¦rmats File System Automount Point.
[   10.616143] systemd[1]: Listening on Journal Socket (/dev/log).
[[0;32m  OK  [0m] Listening on Journal Socket (/dev/log).
[[0;32m  OK  [0m] Listening on udev Control Socket.
[[0;32m  OK  [0m] Listening on Journal Audit Socket.
[[0;32m  OK  [0m] Reached target Swap.
[[0;32m  OK  [0m] Listening on udev Kernel Socket.
[[0;32m  OK  [0m] Listening on Syslog Socket.
[[0;32m  OK  [0m] Listening on Device-mapper event daemon FIFOs.
[[0;32m  OK  [0m] Listening on fsck to fsckd communication Socket.
[[0;32m  OK  [0m] Reached target System Time Synchronized.
[[0;32m  OK  [0m] Listening on LVM2 poll daemon socket.
[[0;32m  OK  [0m] Reached target User and Group Name Lookups.
[[0;32m  OK  [0m] Listening on Network Service Netlink Socket.
[[0;32m  OK  [0m] Created slice User and Session Slice.
[[0;32m  OK  [0m] Reached target Slices.
[[0;32m  OK  [0m] Started Forward Password Requests to Wall Directory Watch.
[[0;32m  OK  [0m] Listening on Journal Socket.
         Starting Create list of required stâ€¦ce nodes for the current kernel...
         Starting Monitoring of LVM2 mirrorsâ€¦ng dmeventd or progress polling...
         Starting Journal Service...
         Mounting Huge Pages File System...
         Mounting Kernel Debug File System...
         Mounting POSIX Message Queue File System...
         Starting Load Kernel Modules...
         Starting File System Check on Root Device...
         Starting Set the console keyboard layout...
[   10.823116] Loading iSCSI transport class v2.0-870.
         Starting udev Coldplug all Devices...
[   10.857858] iscsi: registered transport (tcp)
[   10.871149] iscsi: registered transport (iser)
         Starting Uncomplicated firewall...
[[0;32m  OK  [0m] Started Journal Service.
[[0;32m  OK  [0m] Started Create list of required staâ€¦vice nodes for the current kernel.
[[0;32m  OK  [0m] Mounted Huge Pages File System.
[[0;32m  OK  [0m] Mounted Kernel Debug File System.
[[0;32m  OK  [0m] Mounted POSIX Message Queue File System.
[[0;32m  OK  [0m] Started Load Kernel Modules.
[[0;32m  OK  [0m] Started File System Check on Root Device.
[[0;32m  OK  [0m] Started Uncomplicated firewall.
[[0;32m  OK  [0m] Started LVM2 metadata daemon.
[[0;32m  OK  [0m] Started File System Check Daemon to report status.
         Starting Remount Root and Kernel File Systems...
         Mounting Kernel Configuration File System...
         Mounting FUSE Control File System...
         Starting Apply Kernel Variables...
         Starting Create Static Device Nodes in /dev...
[[0;32m  OK  [0m] Started Monitoring of LVM2 mirrors,â€¦sing dmeventd or progress polling.
[[0;32m  OK  [0m] Started udev Coldplug all Devices.
[[0;32m  OK  [0m] Started Remount Root and Kernel File Systems.
[[0;32m  OK  [0m] Mounted Kernel Configuration File System.
[[0;32m  OK  [0m] Mounted FUSE Control File System.
[[0;32m  OK  [0m] Started Apply Kernel Variables.
[[0;32m  OK  [0m] Started Create Static Device Nodes in /dev.
         Starting udev Kernel Device Manager...
         Starting Load/Save Random Seed...
         Starting Flush Journal to Persistent Storage...
[[0;32m  OK  [0m] Started Set the console keyboard layout.
[[0;32m  OK  [0m] Reached target Local File Systems (Pre).
[[0;32m  OK  [0m] Reached target Local File Systems.
         Starting Set console font and keymap...
         Starting ebtables ruleset management...
         Starting Tell Plymouth To Write Out Runtime Data...
         Starting AppArmor initialization...
[[0;32m  OK  [0m] Started udev Kernel Device Manager.
[[0;32m  OK  [0m] Started Dispatch Password Requests to Console Directory Watch.
[[0;32m  OK  [0m] Reached target Local Encrypted Volumes.
[[0;32m  OK  [0m] Started Load/Save Random Seed.
[[0;32m  OK  [0m] Started Set console font and keymap.
[[0;32m  OK  [0m] Started Tell Plymouth To Write Out Runtime Data.
[[0;32m  OK  [0m] Started Flush Journal to Persistent Storage.
         Starting Create Volatile Files and Directories...
[[0;32m  OK  [0m] Found device /dev/ttyS0.
[[0;32m  OK  [0m] Started Create Volatile Files and Directories.
         Starting Update UTMP about System Boot/Shutdown...
[[0;32m  OK  [0m] Started ebtables ruleset management.
[[0;32m  OK  [0m] Started Update UTMP about System Boot/Shutdown.
[[0;32m  OK  [0m] Listening on Load/Save RF Kill Switch Status /dev/rfkill Watch.
[[0;32m  OK  [0m] Started AppArmor initialization.
         Mounting Arbitrary Executable File Formats File System...
         Starting Load AppArmor profiles managed internally by snapd...
         Starting Initial cloud-init job (pre-networking)...
[[0;32m  OK  [0m] Mounted Arbitrary Executable File Formats File System.
[[0;32m  OK  [0m] Started Load AppArmor profiles managed internally by snapd.
[   12.928212] cloud-init[566]: Cloud-init v. 22.3.4-0ubuntu1~18.04.1 running 'init-local' at Fri, 02 Dec 2022 13:12:29 +0000. Up 12.73 seconds.
[[0;32m  OK  [0m] Started Initial cloud-init job (pre-networking).
[[0;32m  OK  [0m] Reached target Network (Pre).
         Starting Network Service...
[[0;32m  OK  [0m] Started Network Service.
         Starting Network Name Resolution...
         Starting Wait for Network to be Configured...
[[0;32m  OK  [0m] Started Network Name Resolution.
[[0;32m  OK  [0m] Reached target Host and Network Name Lookups.
[[0;32m  OK  [0m] Reached target Network.
[[0;32m  OK  [0m] Started Wait for Network to be Configured.
         Starting Initial cloud-init job (metadata service crawler)...
[   14.990440] cloud-init[678]: Cloud-init v. 22.3.4-0ubuntu1~18.04.1 running 'init' at Fri, 02 Dec 2022 13:12:31 +0000. Up 14.82 seconds.
[   14.993282] cloud-init[678]: ci-info: ++++++++++++++++++++++++++++++++++++++Net device info++++++++++++++++++++++++++++++++++++++
[   15.004074] cloud-init[678]: ci-info: +--------+------+----------------------------+---------------+--------+-------------------+
[   15.016186] cloud-init[678]: ci-info: | Device |  Up  |          Address           |      Mask     | Scope  |     Hw-Address    |
[   15.018092] cloud-init[678]: ci-info: +--------+------+----------------------------+---------------+--------+-------------------+
[   15.032128] cloud-init[678]: ci-info: | enp0s3 | True |         10.0.2.15          | 255.255.255.0 | global | 02:a6:12:9f:2a:1a |
[   15.048135] cloud-init[678]: ci-info: | enp0s3 | True | fe80::a6:12ff:fe9f:2a1a/64 |       .       |  link  | 02:a6:12:9f:2a:1a |
[   15.050480] cloud-init[678]: ci-info: |   lo   | True |         127.0.0.1          |   255.0.0.0   |  host  |         .         |
[   15.064107] cloud-init[678]: ci-info: |   lo   | True |          ::1/128           |       .       |  host  |         .         |
[   15.080147] cloud-init[678]: ci-info: +--------+------+----------------------------+---------------+--------+-------------------+
[   15.092120] cloud-init[678]: ci-info: ++++++++++++++++++++++++++++Route IPv4 info+++++++++++++++++++++++++++++
[   15.093468] cloud-init[678]: ci-info: +-------+-------------+----------+-----------------+-----------+-------+
[   15.095107] cloud-init[678]: ci-info: | Route | Destination | Gateway  |     Genmask     | Interface | Flags |
[   15.096594] cloud-init[678]: ci-info: +-------+-------------+----------+-----------------+-----------+-------+
[   15.098554] cloud-init[678]: ci-info: |   0   |   0.0.0.0   | 10.0.2.2 |     0.0.0.0     |   enp0s3  |   UG  |
[   15.108125] cloud-init[678]: ci-info: |   1   |   10.0.2.0  | 0.0.0.0  |  255.255.255.0  |   enp0s3  |   U   |
[   15.109883] cloud-init[678]: ci-info: |   2   |   10.0.2.2  | 0.0.0.0  | 255.255.255.255 |   enp0s3  |   UH  |
[   15.128062] cloud-init[678]: ci-info: +-------+-------------+----------+-----------------+-----------+-------+
[   15.129923] cloud-init[678]: ci-info: +++++++++++++++++++Route IPv6 info+++++++++++++++++++
[   15.131219] cloud-init[678]: ci-info: +-------+-------------+---------+-----------+-------+
[   15.132774] cloud-init[678]: ci-info: | Route | Destination | Gateway | Interface | Flags |
[   15.134316] cloud-init[678]: ci-info: +-------+-------------+---------+-----------+-------+
[   15.135726] cloud-init[678]: ci-info: |   1   |  fe80::/64  |    ::   |   enp0s3  |   U   |
[   15.137312] cloud-init[678]: ci-info: |   3   |    local    |    ::   |   enp0s3  |   U   |
[   15.138961] cloud-init[678]: ci-info: |   4   |   ff00::/8  |    ::   |   enp0s3  |   U   |
[   15.140532] cloud-init[678]: ci-info: +-------+-------------+---------+-----------+-------+
[[0;32m  OK  [0m] Started Initial cloud-init job (metadata service crawler).
[[0;32m  OK  [0m] Reached target Network is Online.
[[0;32m  OK  [0m] Reached target Remote File Systems (Pre).
         Starting Availability of block devices...
         Mounting /vagrant...
[[0;32m  OK  [0m] Reached target Cloud-config availability.
[[0;32m  OK  [0m] Reached target System Initialization.
[[0;32m  OK  [0m] Started Ubuntu Advantage Timer for running repeated jobs.
[[0;32m  OK  [0m] Started Daily apt download activities.
[[0;32m  OK  [0m] Started Daily Cleanup of Temporary Directories.
[[0;32m  OK  [0m] Listening on Open-iSCSI iscsid Socket.
[[0;32m  OK  [0m] Listening on ACPID Listen Socket.
[[0;32m  OK  [0m] Started Daily apt upgrade and clean activities.
[[0;32m  OK  [0m] Listening on D-Bus System Message Bus Socket.
[[0;32m  OK  [0m] Started Message of the Day.
[[0;32m  OK  [0m] Started ACPI Events Check.
[[0;32m  OK  [0m] Reached target Paths.
         Starting LXD - unix socket.
[[0;32m  OK  [0m] Listening on UUID daemon activation socket.
[[0;32m  OK  [0m] Listening on cloud-init hotplug hook socket.
[[0;32m  OK  [0m] Started Discard unused blocks once a week.
[[0;32m  OK  [0m] Reached target Timers.
         Starting Socket activation for snappy daemon.
[[0;32m  OK  [0m] Started Availability of block devices.
[[0;32m  OK  [0m] Mounted /vagrant.
[[0;32m  OK  [0m] Listening on LXD - unix socket.
[[0;32m  OK  [0m] Listening on Socket activation for snappy daemon.
[[0;32m  OK  [0m] Reached target Sockets.
[[0;32m  OK  [0m] Reached target Basic System.
         Starting Dispatcher daemon for systemd-networkd...
         Starting Message of the Day...
         Starting Snap Daemon...
         Starting System Logging Service...
[[0;32m  OK  [0m] Started Deferred execution scheduler.
[[0;32m  OK  [0m] Reached target Login Prompts (Pre).
         Starting Login Service...
[[0;32m  OK  [0m] Started FUSE filesystem for LXC.
[[0;32m  OK  [0m] Started Regular background program processing daemon.
         Starting Accounts Service...
         Starting LSB: Record successful boot for GRUB...
[[0;32m  OK  [0m] Started D-Bus System Message Bus.
         Starting Virtualbox guest utils...
[[0;32m  OK  [0m] Started irqbalance daemon.
         Starting OpenBSD Secure Shell server...
         Starting LXD - container startup/shutdown...
[[0;32m  OK  [0m] Reached target Remote File Systems.
         Starting LSB: automatic crash report generation...
         Starting Permit User Sessions...
[[0;32m  OK  [0m] Started System Logging Service.
[[0;32m  OK  [0m] Started Login Service.
[[0;32m  OK  [0m] Started Dispatcher daemon for systemd-networkd.
[[0;32m  OK  [0m] Started Permit User Sessions.
         Starting Hold until boot process finishes up...
         Starting Terminate Plymouth Boot Screen...
         Starting Authorization Manager...
[[0;32m  OK  [0m] Started Unattended Upgrades Shutdown.
[[0;32m  OK  [0m] Started Hold until boot process finishes up.
[[0;32m  OK  [0m] Started Terminate Plymouth Boot Screen.
[[0;32m  OK  [0m] Started Serial Getty on ttyS0.
         Starting Set console scheme...
[[0;32m  OK  [0m] Started OpenBSD Secure Shell server.
[[0;32m  OK  [0m] Started Authorization Manager.
[[0;32m  OK  [0m] Started Accounts Service.
[[0;32m  OK  [0m] Started LSB: Record successful boot for GRUB.
[[0;32m  OK  [0m] Started Set console scheme.
[[0;32m  OK  [0m] Created slice system-getty.slice.
[[0;32m  OK  [0m] Started Getty on tty1.
[[0;32m  OK  [0m] Reached target Login Prompts.
[[0;32m  OK  [0m] Started Virtualbox guest utils.
[[0;32m  OK  [0m] Started LSB: automatic crash report generation.
[[0;32m  OK  [0m] Started LXD - container startup/shutdown.
[[0;32m  OK  [0m] Started Message of the Day.
[[0;32m  OK  [0m] Started Snap Daemon.
         Starting Wait until snapd is fully seeded...
         Starting Time & Date Service...
[[0;32m  OK  [0m] Started Time & Date Service.
[[0;32m  OK  [0m] Started Wait until snapd is fully seeded.
         Starting Apply the settings specified in cloud-config...
[   16.902937] cloud-init[1208]: Cloud-init v. 22.3.4-0ubuntu1~18.04.1 running 'modules:config' at Fri, 02 Dec 2022 13:12:33 +0000. Up 16.79 seconds.
[[0;32m  OK  [0m] Started Apply the settings specified in cloud-config.
[[0;32m  OK  [0m] Reached target Multi-User System.
[[0;32m  OK  [0m] Reached target Graphical Interface.
         Starting Update UTMP about System Runlevel Changes...
         Starting Execute cloud user/final scripts...
[[0;32m  OK  [0m] Started Update UTMP about System Runlevel Changes.
[   17.511439] cloud-init[1249]: Cloud-init v. 22.3.4-0ubuntu1~18.04.1 running 'modules:final' at Fri, 02 Dec 2022 13:12:34 +0000. Up 17.38 seconds.
[   17.513443] cloud-init[1249]: Cloud-init v. 22.3.4-0ubuntu1~18.04.1 finished at Fri, 02 Dec 2022 13:12:34 +0000. Datasource DataSourceNoCloud [seed=/dev/sdb][dsmode=net].  Up 17.50 seconds
[[0;32m  OK  [0m] Started Execute cloud user/final scripts.
[[0;32m  OK  [0m] Reached target Cloud-init target.
         Starting Daily apt download activities...
[[0;32m  OK  [0m] Created slice User Slice of vagrant.
         Starting User Manager for UID 1000...
[[0;32m  OK  [0m] Started Session 1 of user vagrant.
[[0;32m  OK  [0m] Started User Manager for UID 1000.

Ubuntu 18.04.6 LTS SSS-CW ttyS0

SSS-CW login: [[0;32m  OK  [0m] Stopped Wait until snapd is fully seeded.
         Stopping Wait until snapd is fully seeded...
[[0;32m  OK  [0m] Closed Socket activation for snappy daemon.
         Stopping Socket activation for snappy daemon.
         Starting Socket activation for snappy daemon.
[[0;32m  OK  [0m] Listening on Socket activation for snappy daemon.
         Starting Wait until snapd is fully seeded...
         Starting Snap Daemon...
[[0;32m  OK  [0m] Stopped Snap Daemon.
         Starting Snap Daemon...
[[0;32m  OK  [0m] Started Snap Daemon.
         Starting Time & Date Service...
[[0;32m  OK  [0m] Started Time & Date Service.
[[0;32m  OK  [0m] Started Wait until snapd is fully seeded.
[[0;32m  OK  [0m] Stopped Load AppArmor profiles managed internally by snapd.
         Stopping Load AppArmor profiles managed internally by snapd...
         Starting Load AppArmor profiles managed internally by snapd...
[[0;32m  OK  [0m] Started Load AppArmor profiles managed internally by snapd.
[[0;32m  OK  [0m] Stopped Wait until snapd is fully seeded.
         Stopping Wait until snapd is fully seeded...
         Starting Wait until snapd is fully seeded...
[[0;32m  OK  [0m] Started Wait until snapd is fully seeded.
         Stopping LSB: Record successful boot for GRUB...
[[0;32m  OK  [0m] Stopped LSB: Record successful boot for GRUB.
         Starting LSB: Record successful boot for GRUB...
[[0;32m  OK  [0m] Started LSB: Record successful boot for GRUB.
[[0;32m  OK  [0m] Started Daily apt upgrade and clean activities.
