[    0.000000] Linux version 4.15.0-200-generic (buildd@lcy02-amd64-069) (gcc version 7.5.0 (Ubuntu 7.5.0-3ubuntu1~18.04)) #211-Ubuntu SMP Thu Nov 24 18:16:04 UTC 2022 (Ubuntu 4.15.0-200.211-generic 4.15.18)
[    0.000000] Command line: BOOT_IMAGE=/boot/vmlinuz-4.15.0-200-generic root=LABEL=cloudimg-rootfs ro console=tty1 console=ttyS0
[    0.000000] KERNEL supported cpus:
[    0.000000]   Intel GenuineIntel
[    0.000000]   AMD AuthenticAMD
[    0.000000]   Centaur CentaurHauls
[    0.000000] x86/fpu: Supporting XSAVE feature 0x001: 'x87 floating point registers'
[    0.000000] x86/fpu: Supporting XSAVE feature 0x002: 'SSE registers'
[    0.000000] x86/fpu: Supporting XSAVE feature 0x004: 'AVX registers'
[    0.000000] x86/fpu: xstate_offset[2]:  576, xstate_sizes[2]:  256
[    0.000000] x86/fpu: Enabled xstate features 0x7, context size is 832 bytes, using 'standard' format.
[    0.000000] e820: BIOS-provided physical RAM map:
[    0.000000] BIOS-e820: [mem 0x0000000000000000-0x000000000009fbff] usable
[    0.000000] BIOS-e820: [mem 0x000000000009fc00-0x000000000009ffff] reserved
[    0.000000] BIOS-e820: [mem 0x00000000000f0000-0x00000000000fffff] reserved
[    0.000000] BIOS-e820: [mem 0x0000000000100000-0x000000003ffeffff] usable
[    0.000000] BIOS-e820: [mem 0x000000003fff0000-0x000000003fffffff] ACPI data
[    0.000000] BIOS-e820: [mem 0x00000000fec00000-0x00000000fec00fff] reserved
[    0.000000] BIOS-e820: [mem 0x00000000fee00000-0x00000000fee00fff] reserved
[    0.000000] BIOS-e820: [mem 0x00000000fffc0000-0x00000000ffffffff] reserved
[    0.000000] NX (Execute Disable) protection: active
[    0.000000] SMBIOS 2.5 present.
[    0.000000] DMI: innotek GmbH VirtualBox/VirtualBox, BIOS VirtualBox 12/01/2006
[    0.000000] Hypervisor detected: KVM
[    0.000000] e820: last_pfn = 0x3fff0 max_arch_pfn = 0x400000000
[    0.000000] MTRR: Disabled
[    0.000000] x86/PAT: MTRRs disabled, skipping PAT initialization too.
[    0.000000] CPU MTRRs all blank - virtualized system.
[    0.000000] x86/PAT: Configuration [0-7]: WB  WT  UC- UC  WB  WT  UC- UC  
[    0.000000] found SMP MP-table at [mem 0x0009fff0-0x0009ffff]
[    0.000000] Scanning 1 areas for low memory corruption
[    0.000000] RAMDISK: [mem 0x359c9000-0x36cdbfff]
[    0.000000] ACPI: Early table checksum verification disabled
[    0.000000] ACPI: RSDP 0x00000000000E0000 000024 (v02 VBOX  )
[    0.000000] ACPI: XSDT 0x000000003FFF0030 00003C (v01 VBOX   VBOXXSDT 00000001 ASL  00000061)
[    0.000000] ACPI: FACP 0x000000003FFF00F0 0000F4 (v04 VBOX   VBOXFACP 00000001 ASL  00000061)
[    0.000000] ACPI: DSDT 0x000000003FFF0470 002325 (v02 VBOX   VBOXBIOS 00000002 INTL 20160527)
[    0.000000] ACPI: FACS 0x000000003FFF0200 000040
[    0.000000] ACPI: FACS 0x000000003FFF0200 000040
[    0.000000] ACPI: APIC 0x000000003FFF0240 00005C (v02 VBOX   VBOXAPIC 00000001 ASL  00000061)
[    0.000000] ACPI: SSDT 0x000000003FFF02A0 0001CC (v01 VBOX   VBOXCPUT 00000002 INTL 20160527)
[    0.000000] ACPI: Reserving FACP table memory at [mem 0x3fff00f0-0x3fff01e3]
[    0.000000] ACPI: Reserving DSDT table memory at [mem 0x3fff0470-0x3fff2794]
[    0.000000] ACPI: Reserving FACS table memory at [mem 0x3fff0200-0x3fff023f]
[    0.000000] ACPI: Reserving FACS table memory at [mem 0x3fff0200-0x3fff023f]
[    0.000000] ACPI: Reserving APIC table memory at [mem 0x3fff0240-0x3fff029b]
[    0.000000] ACPI: Reserving SSDT table memory at [mem 0x3fff02a0-0x3fff046b]
[    0.000000] No NUMA configuration found
[    0.000000] Faking a node at [mem 0x0000000000000000-0x000000003ffeffff]
[    0.000000] NODE_DATA(0) allocated [mem 0x3ffc5000-0x3ffeffff]
[    0.000000] kvm-clock: cpu 0, msr 0:3ff44001, primary cpu clock
[    0.000000] kvm-clock: Using msrs 4b564d01 and 4b564d00
[    0.000000] kvm-clock: using sched offset of 3342204733 cycles
[    0.000000] clocksource: kvm-clock: mask: 0xffffffffffffffff max_cycles: 0x1cd42e4dffb, max_idle_ns: 881590591483 ns
[    0.000000] Zone ranges:
[    0.000000]   DMA      [mem 0x0000000000001000-0x0000000000ffffff]
[    0.000000]   DMA32    [mem 0x0000000001000000-0x000000003ffeffff]
[    0.000000]   Normal   empty
[    0.000000]   Device   empty
[    0.000000] Movable zone start for each node
[    0.000000] Early memory node ranges
[    0.000000]   node   0: [mem 0x0000000000001000-0x000000000009efff]
[    0.000000]   node   0: [mem 0x0000000000100000-0x000000003ffeffff]
[    0.000000] Reserved but unavailable: 104 pages
[    0.000000] Initmem setup node 0 [mem 0x0000000000001000-0x000000003ffeffff]
[    0.000000] ACPI: PM-Timer IO Port: 0x4008
[    0.000000] IOAPIC[0]: apic_id 2, version 32, address 0xfec00000, GSI 0-23
[    0.000000] ACPI: INT_SRC_OVR (bus 0 bus_irq 0 global_irq 2 dfl dfl)
[    0.000000] ACPI: INT_SRC_OVR (bus 0 bus_irq 9 global_irq 9 low level)
[    0.000000] Using ACPI (MADT) for SMP configuration information
[    0.000000] smpboot: Allowing 2 CPUs, 0 hotplug CPUs
[    0.000000] PM: Registered nosave memory: [mem 0x00000000-0x00000fff]
[    0.000000] PM: Registered nosave memory: [mem 0x0009f000-0x0009ffff]
[    0.000000] PM: Registered nosave memory: [mem 0x000a0000-0x000effff]
[    0.000000] PM: Registered nosave memory: [mem 0x000f0000-0x000fffff]
[    0.000000] e820: [mem 0x40000000-0xfebfffff] available for PCI devices
[    0.000000] Booting paravirtualized kernel on KVM
[    0.000000] clocksource: refined-jiffies: mask: 0xffffffff max_cycles: 0xffffffff, max_idle_ns: 7645519600211568 ns
[    0.000000] setup_percpu: NR_CPUS:8192 nr_cpumask_bits:2 nr_cpu_ids:2 nr_node_ids:1
[    0.000000] percpu: Embedded 50 pages/cpu s167936 r8192 d28672 u1048576
[    0.000000] PV qspinlock hash table entries: 256 (order: 0, 4096 bytes)
[    0.000000] Built 1 zonelists, mobility grouping on.  Total pages: 257913
[    0.000000] Policy zone: DMA32
[    0.000000] Kernel command line: BOOT_IMAGE=/boot/vmlinuz-4.15.0-200-generic root=LABEL=cloudimg-rootfs ro console=tty1 console=ttyS0
[    0.000000] Memory: 982648K/1048120K available (12300K kernel code, 2477K rwdata, 4320K rodata, 2472K init, 2720K bss, 65472K reserved, 0K cma-reserved)
[    0.000000] SLUB: HWalign=64, Order=0-3, MinObjects=0, CPUs=2, Nodes=1
[    0.000000] Kernel/User page tables isolation: enabled
[    0.000000] ftrace: allocating 39478 entries in 155 pages
[    0.004000] Hierarchical RCU implementation.
[    0.004000] 	RCU restricting CPUs from NR_CPUS=8192 to nr_cpu_ids=2.
[    0.004000] 	Tasks RCU enabled.
[    0.004000] RCU: Adjusting geometry for rcu_fanout_leaf=16, nr_cpu_ids=2
[    0.004000] NR_IRQS: 524544, nr_irqs: 440, preallocated irqs: 16
[    0.004000] random: crng init done
[    0.004000] Console: colour VGA+ 80x25
[    0.004000] console [tty1] enabled
[    0.004000] console [ttyS0] enabled
[    0.004000] ACPI: Core revision 20170831
[    0.004000] ACPI: 2 ACPI AML tables successfully acquired and loaded
[    0.004000] APIC: Switch to symmetric I/O mode setup
[    0.004000] x2apic enabled
[    0.004000] Switched APIC routing to physical x2apic.
[    0.004000] ..TIMER: vector=0x30 apic1=0 pin1=2 apic2=-1 pin2=-1
[    0.004003] tsc: Detected 3191.970 MHz processor
[    0.004669] Calibrating delay loop (skipped) preset value.. 6383.94 BogoMIPS (lpj=12767880)
[    0.005197] pid_max: default: 32768 minimum: 301
[    0.005884] Security Framework initialized
[    0.006491] Yama: becoming mindful.
[    0.008015] AppArmor: AppArmor initialized
[    0.009126] Dentry cache hash table entries: 131072 (order: 8, 1048576 bytes)
[    0.010137] Inode-cache hash table entries: 65536 (order: 7, 524288 bytes)
[    0.011083] Mount-cache hash table entries: 2048 (order: 2, 16384 bytes)
[    0.012003] Mountpoint-cache hash table entries: 2048 (order: 2, 16384 bytes)
[    0.013190] Last level iTLB entries: 4KB 64, 2MB 8, 4MB 8
[    0.013959] Last level dTLB entries: 4KB 64, 2MB 0, 4MB 0, 1GB 4
[    0.014796] Spectre V1 : Mitigation: usercopy/swapgs barriers and __user pointer sanitization
[    0.016002] Spectre V2 : Mitigation: Retpolines
[    0.016661] Spectre V2 : Spectre v2 / SpectreRSB mitigation: Filling RSB on context switch
[    0.017839] Speculative Store Bypass: Vulnerable
[    0.018593] MDS: Mitigation: Clear CPU buffers
[    0.019237] MMIO Stale Data: Mitigation: Clear CPU buffers
[    0.020002] SRBDS: Unknown: Dependent on hypervisor status
[    0.020942] Freeing SMP alternatives memory: 36K
[    0.131369] smpboot: CPU0: Intel(R) Core(TM) i7-8700 CPU @ 3.20GHz (family: 0x6, model: 0x9e, stepping: 0xa)
[    0.132000] Performance Events: unsupported p6 CPU model 158 no PMU driver, software events only.
[    0.132000] Hierarchical SRCU implementation.
[    0.132000] NMI watchdog: Perf event create on CPU 0 failed with -2
[    0.132002] NMI watchdog: Perf NMI watchdog permanently disabled
[    0.132867] smp: Bringing up secondary CPUs ...
[    0.133587] x86: Booting SMP configuration:
[    0.134205] .... node  #0, CPUs:      #1
[    0.004000] kvm-clock: cpu 1, msr 0:3ff44041, secondary cpu clock
[    0.138092] smp: Brought up 1 node, 2 CPUs
[    0.138092] smpboot: Max logical packages: 1
[    0.138092] smpboot: Total of 2 processors activated (12767.88 BogoMIPS)
[    0.140093] devtmpfs: initialized
[    0.140564] x86/mm: Memory block size: 128MB
[    0.141330] evm: security.selinux
[    0.141864] evm: security.SMACK64
[    0.142384] evm: security.SMACK64EXEC
[    0.142939] evm: security.SMACK64TRANSMUTE
[    0.144002] evm: security.SMACK64MMAP
[    0.144555] evm: security.apparmor
[    0.145078] evm: security.ima
[    0.145567] evm: security.capability
[    0.146143] clocksource: jiffies: mask: 0xffffffff max_cycles: 0xffffffff, max_idle_ns: 7645041785100000 ns
[    0.146143] futex hash table entries: 512 (order: 3, 32768 bytes)
[    0.148036] pinctrl core: initialized pinctrl subsystem
[    0.149271] RTC time:  5:22:27, date: 12/10/22
[    0.150068] NET: Registered protocol family 16
[    0.150784] audit: initializing netlink subsys (disabled)
[    0.152018] audit: type=2000 audit(1670649751.969:1): state=initialized audit_enabled=0 res=1
[    0.153283] cpuidle: using governor ladder
[    0.153283] cpuidle: using governor menu
[    0.153283] ACPI: bus type PCI registered
[    0.153283] acpiphp: ACPI Hot Plug PCI Controller Driver version: 0.5
[    0.156070] PCI: Using configuration type 1 for base access
[    0.156882] HugeTLB registered 2.00 MiB page size, pre-allocated 0 pages
[    0.156999] ACPI: Added _OSI(Module Device)
[    0.156999] ACPI: Added _OSI(Processor Device)
[    0.160005] ACPI: Added _OSI(3.0 _SCP Extensions)
[    0.160688] ACPI: Added _OSI(Processor Aggregator Device)
[    0.161448] ACPI: Added _OSI(Linux-Dell-Video)
[    0.162097] ACPI: Added _OSI(Linux-Lenovo-NV-HDMI-Audio)
[    0.162846] ACPI: Added _OSI(Linux-HPI-Hybrid-Graphics)
[    0.164215] ACPI: Executed 1 blocks of module-level executable AML code
[    0.168421] ACPI: Interpreter enabled
[    0.168990] ACPI: (supports S0 S5)
[    0.169512] ACPI: Using IOAPIC for interrupt routing
[    0.170433] PCI: Using host bridge windows from ACPI; if necessary, use "pci=nocrs" and report a bug
[    0.171845] ACPI: Enabled 2 GPEs in block 00 to 07
[    0.177640] ACPI: PCI Root Bridge [PCI0] (domain 0000 [bus 00-ff])
[    0.178541] acpi PNP0A03:00: _OSC: OS supports [ASPM ClockPM Segments MSI]
[    0.179941] acpi PNP0A03:00: _OSC: not requesting OS control; OS requires [ExtendedConfig ASPM ClockPM MSI]
[    0.180009] acpi PNP0A03:00: fail to add MMCONFIG information, can't access extended PCI configuration space under this bridge.
[    0.181879] PCI host bridge to bus 0000:00
[    0.182487] pci_bus 0000:00: root bus resource [io  0x0000-0x0cf7 window]
[    0.184002] pci_bus 0000:00: root bus resource [io  0x0d00-0xffff window]
[    0.184931] pci_bus 0000:00: root bus resource [mem 0x000a0000-0x000bffff window]
[    0.186949] pci_bus 0000:00: root bus resource [mem 0x40000000-0xfdffffff window]
[    0.188002] pci_bus 0000:00: root bus resource [bus 00-ff]
[    0.190158] pci 0000:00:01.1: legacy IDE quirk: reg 0x10: [io  0x01f0-0x01f7]
[    0.191131] pci 0000:00:01.1: legacy IDE quirk: reg 0x14: [io  0x03f6]
[    0.192002] pci 0000:00:01.1: legacy IDE quirk: reg 0x18: [io  0x0170-0x0177]
[    0.192978] pci 0000:00:01.1: legacy IDE quirk: reg 0x1c: [io  0x0376]
[    0.204181] pci 0000:00:07.0: quirk: [io  0x4000-0x403f] claimed by PIIX4 ACPI
[    0.205313] pci 0000:00:07.0: quirk: [io  0x4100-0x410f] claimed by PIIX4 SMB
[    0.210020] ACPI: PCI Interrupt Link [LNKA] (IRQs 5 9 10 *11)
[    0.211121] ACPI: PCI Interrupt Link [LNKB] (IRQs 5 9 *10 11)
[    0.212049] ACPI: PCI Interrupt Link [LNKC] (IRQs 5 *9 10 11)
[    0.212943] ACPI: PCI Interrupt Link [LNKD] (IRQs 5 9 10 *11)
[    0.214029] SCSI subsystem initialized
[    0.214634] pci 0000:00:02.0: vgaarb: setting as boot VGA device
[    0.214634] pci 0000:00:02.0: vgaarb: VGA device added: decodes=io+mem,owns=io+mem,locks=none
[    0.216006] pci 0000:00:02.0: vgaarb: bridge control possible
[    0.216809] vgaarb: loaded
[    0.217267] ACPI: bus type USB registered
[    0.217880] usbcore: registered new interface driver usbfs
[    0.218657] usbcore: registered new interface driver hub
[    0.220012] usbcore: registered new device driver usb
[    0.220767] EDAC MC: Ver: 3.0.0
[    0.220767] PCI: Using ACPI for IRQ routing
[    0.220832] NetLabel: Initializing
[    0.221359] NetLabel:  domain hash size = 128
[    0.221992] NetLabel:  protocols = UNLABELED CIPSOv4 CALIPSO
[    0.224017] NetLabel:  unlabeled traffic allowed by default
[    0.224814] clocksource: Switched to clocksource kvm-clock
[    0.232938] VFS: Disk quotas dquot_6.6.0
[    0.233545] VFS: Dquot-cache hash table entries: 512 (order 0, 4096 bytes)
[    0.234555] AppArmor: AppArmor Filesystem Enabled
[    0.235253] pnp: PnP ACPI init
[    0.236549] pnp: PnP ACPI: found 3 devices
[    0.244143] clocksource: acpi_pm: mask: 0xffffff max_cycles: 0xffffff, max_idle_ns: 2085701024 ns
[    0.245430] NET: Registered protocol family 2
[    0.246095] IP idents hash table entries: 16384 (order: 5, 131072 bytes)
[    0.247605] TCP established hash table entries: 8192 (order: 4, 65536 bytes)
[    0.248601] TCP bind hash table entries: 8192 (order: 5, 131072 bytes)
[    0.249502] TCP: Hash tables configured (established 8192 bind 8192)
[    0.250391] UDP hash table entries: 512 (order: 2, 16384 bytes)
[    0.251216] UDP-Lite hash table entries: 512 (order: 2, 16384 bytes)
[    0.252106] NET: Registered protocol family 1
[    0.252766] pci 0000:00:00.0: Limiting direct PCI/PCI transfers
[    0.253602] pci 0000:00:01.0: Activating ISA DMA hang workarounds
[    0.254473] pci 0000:00:02.0: Video device with shadowed ROM at [mem 0x000c0000-0x000dffff]
[    0.255712] Unpacking initramfs...
[    0.453871] Freeing initrd memory: 19532K
[    0.454619] clocksource: tsc: mask: 0xffffffffffffffff max_cycles: 0x2e02a8b8573, max_idle_ns: 440795302298 ns
[    0.456038] platform rtc_cmos: registered platform RTC device (no PNP device found)
[    0.457219] Scanning for low memory corruption every 60 seconds
[    0.458589] Initialise system trusted keyrings
[    0.459265] Key type blacklist registered
[    0.459920] workingset: timestamp_bits=36 max_order=18 bucket_order=0
[    0.461652] zbud: loaded
[    0.462505] squashfs: version 4.0 (2009/01/31) Phillip Lougher
[    0.463482] fuse init (API version 7.26)
[    0.465298] Key type asymmetric registered
[    0.465895] Asymmetric key parser 'x509' registered
[    0.466628] Block layer SCSI generic (bsg) driver version 0.4 loaded (major 246)
[    0.467741] io scheduler noop registered
[    0.468332] io scheduler deadline registered
[    0.468963] io scheduler cfq registered (default)
[    0.469845] ACPI: AC Adapter [AC] (on-line)
[    0.470488] input: Power Button as /devices/LNXSYSTM:00/LNXPWRBN:00/input/input0
[    0.471603] ACPI: Power Button [PWRF]
[    0.472202] input: Sleep Button as /devices/LNXSYSTM:00/LNXSLPBN:00/input/input1
[    0.473254] ACPI: Sleep Button [SLPF]
[    0.474066] Serial: 8250/16550 driver, 32 ports, IRQ sharing enabled
[    0.495441] 00:02: ttyS0 at I/O 0x3f8 (irq = 4, base_baud = 115200) is a 16550A
[    0.498322] Linux agpgart interface v0.103
[    0.500431] loop: module loaded
[    0.501289] scsi host0: ata_piix
[    0.501852] scsi host1: ata_piix
[    0.502368] ata1: PATA max UDMA/33 cmd 0x1f0 ctl 0x3f6 bmdma 0xd000 irq 14
[    0.503287] ata2: PATA max UDMA/33 cmd 0x170 ctl 0x376 bmdma 0xd008 irq 15
[    0.504265] tun: Universal TUN/TAP device driver, 1.6
[    0.505052] PPP generic driver version 2.4.2
[    0.505742] ehci_hcd: USB 2.0 'Enhanced' Host Controller (EHCI) Driver
[    0.506620] ehci-pci: EHCI PCI platform driver
[    0.507258] ehci-platform: EHCI generic platform driver
[    0.507983] ohci_hcd: USB 1.1 'Open' Host Controller (OHCI) Driver
[    0.508844] ohci-pci: OHCI PCI platform driver
[    0.509483] ohci-platform: OHCI generic platform driver
[    0.510220] uhci_hcd: USB Universal Host Controller Interface driver
[    0.511103] i8042: PNP: PS/2 Controller [PNP0303:PS2K,PNP0f03:PS2M] at 0x60,0x64 irq 1,12
[    0.512664] serio: i8042 KBD port at 0x60,0x64 irq 1
[    0.513380] serio: i8042 AUX port at 0x60,0x64 irq 12
[    0.514257] mousedev: PS/2 mouse device common for all mice
[    0.515564] input: AT Translated Set 2 keyboard as /devices/platform/i8042/serio0/input/input2
[    0.516067] rtc_cmos rtc_cmos: rtc core: registered rtc_cmos as rtc0
[    0.517721] rtc_cmos rtc_cmos: alarms up to one day, 114 bytes nvram
[    0.518594] i2c /dev entries driver
[    0.519155] device-mapper: uevent: version 1.0.3
[    0.519882] device-mapper: ioctl: 4.37.0-ioctl (2017-09-20) initialised: dm-devel@redhat.com
[    0.521121] ledtrig-cpu: registered to indicate activity on CPUs
[    0.522208] NET: Registered protocol family 10
[    0.525526] Segment Routing with IPv6
[    0.526092] NET: Registered protocol family 17
[    0.526767] Key type dns_resolver registered
[    0.527506] mce: Using 0 MCE banks
[    0.528031] RAS: Correctable Errors collector initialized.
[    0.528834] sched_clock: Marking stable (528821109, 0)->(667301375, -138480266)
[    0.530097] registered taskstats version 1
[    0.530704] Loading compiled-in X.509 certificates
[    0.532996] Loaded X.509 cert 'Build time autogenerated kernel key: 29e5beaa583364da097e68c9386761f80dbce7ef'
[    0.534792] Loaded X.509 cert 'Canonical Ltd. Live Patch Signing: 14df34d1a87cf37625abec039ef2bf521249b969'
[    0.536608] Loaded X.509 cert 'Canonical Ltd. Kernel Module Signing: 88f752e560a1e0737e31163a466ad7b70a850c19'
[    0.537974] blacklist: Loading compiled-in revocation X.509 certificates
[    0.538889] Loaded X.509 cert 'Canonical Ltd. Secure Boot Signing: 61482aa2830d0ab2ad5af10b7250da9033ddcef0'
[    0.540243] zswap: loaded using pool lzo/zbud
[    0.543312] Key type big_key registered
[    0.543890] Key type trusted registered
[    0.545682] Key type encrypted registered
[    0.546282] AppArmor: AppArmor sha1 policy hashing enabled
[    0.547048] ima: No TPM chip found, activating TPM-bypass! (rc=-19)
[    0.547903] ima: Allocated hash algorithm: sha1
[    0.548666] evm: HMAC attrs: 0x1
[    0.549303]   Magic number: 2:140:365
[    0.549939] rtc_cmos rtc_cmos: setting system clock to 2022-12-10 05:22:28 UTC (1670649748)
[    0.551233] BIOS EDD facility v0.16 2004-Jun-25, 0 devices found
[    0.552059] EDD information not available.
[    0.689990] Freeing unused kernel image memory: 2472K
[    0.704060] Write protecting the kernel read-only data: 20480k
[    0.705474] Freeing unused kernel image memory: 2008K
[    0.706503] Freeing unused kernel image memory: 1824K
[    0.714059] x86/mm: Checked W+X mappings: passed, no W+X pages found.
[    0.715010] x86/mm: Checking user space page tables
[    0.722430] x86/mm: Checked W+X mappings: passed, no W+X pages found.
Loading, please wait...
starting version 237
[    0.778294] Fusion MPT base driver 3.04.20
[    0.778907] Copyright (c) 1999-2008 LSI Corporation
[    0.781893] Fusion MPT SPI Host driver 3.04.20
[    0.784838] e1000: Intel(R) PRO/1000 Network Driver - version 7.3.21-k8-NAPI
[    0.785824] e1000: Copyright (c) 1999-2006 Intel Corporation.
[    0.787156] mptbase: ioc0: Initiating bringup
[    0.798079] AVX2 version of gcm_enc/dec engaged.
[    0.798735] AES CTR mode by8 optimization enabled
[    1.141971] input: ImExPS/2 Generic Explorer Mouse as /devices/platform/i8042/serio1/input/input4
[    1.161216] ioc0: LSI53C1030 A0: Capabilities={Initiator}
[    3.429458] scsi host2: ioc0: LSI53C1030 A0, FwRev=00000000h, Ports=1, MaxQ=256, IRQ=20
[    5.034112] scsi 2:0:0:0: Direct-Access     VBOX     HARDDISK         1.0  PQ: 0 ANSI: 5
[    5.076110] scsi target2:0:0: Beginning Domain Validation
[    5.078763] scsi target2:0:0: Domain Validation skipping write tests
[    5.080634] scsi target2:0:0: Ending Domain Validation
[    5.082224] scsi target2:0:0: asynchronous
[    5.083959] scsi 2:0:1:0: Direct-Access     VBOX     HARDDISK         1.0  PQ: 0 ANSI: 5
[    5.396063] scsi target2:0:1: Beginning Domain Validation
[    5.397517] scsi target2:0:1: Domain Validation skipping write tests
[    5.398433] scsi target2:0:1: Ending Domain Validation
[    5.399216] scsi target2:0:1: asynchronous
[    5.400483] e1000 0000:00:03.0 eth0: (PCI:33MHz:32-bit) 02:40:49:ac:f0:20
[    5.401564] e1000 0000:00:03.0 eth0: Intel(R) PRO/1000 Network Connection
[    5.402710] sd 2:0:0:0: [sda] 83886080 512-byte logical blocks: (42.9 GB/40.0 GiB)
[    5.403882] sd 2:0:0:0: [sda] Write Protect is off
[    5.404101] sd 2:0:0:0: Attached scsi generic sg0 type 0
[    5.405498] sd 2:0:1:0: Attached scsi generic sg1 type 0
[    5.405718] sd 2:0:0:0: [sda] Incomplete mode parameter data
[    5.408062] sd 2:0:0:0: [sda] Assuming drive cache: write through
[    5.409165] sd 2:0:1:0: [sdb] 20480 512-byte logical blocks: (10.5 MB/10.0 MiB)
[    5.409805]  sda: sda1
[    5.410764] sd 2:0:1:0: [sdb] Write Protect is off
[    5.411019] sd 2:0:0:0: [sda] Attached SCSI disk
[    5.412378] sd 2:0:1:0: [sdb] Incomplete mode parameter data
[    5.413193] sd 2:0:1:0: [sdb] Assuming drive cache: write through
[    5.417160] sd 2:0:1:0: [sdb] Attached SCSI disk
[    5.418474] e1000 0000:00:03.0 enp0s3: renamed from eth0
Begin: Loading essential drivers ... [    6.900060] raid6: sse2x1   gen() 15437 MB/s
[    6.948058] raid6: sse2x1   xor() 10855 MB/s
[    6.996058] raid6: sse2x2   gen() 18768 MB/s
[    7.044060] raid6: sse2x2   xor() 12153 MB/s
[    7.092064] raid6: sse2x4   gen() 20802 MB/s
[    7.140058] raid6: sse2x4   xor() 12777 MB/s
[    7.188057] raid6: avx2x1   gen() 30111 MB/s
[    7.236053] raid6: avx2x1   xor() 20737 MB/s
[    7.284056] raid6: avx2x2   gen() 35306 MB/s
[    7.332057] raid6: avx2x2   xor() 22726 MB/s
[    7.380053] raid6: avx2x4   gen() 42423 MB/s
[    7.428028] raid6: avx2x4   xor() 24381 MB/s
[    7.428697] raid6: using algorithm avx2x4 gen() 42423 MB/s
[    7.429477] raid6: .... xor() 24381 MB/s, rmw enabled
[    7.430231] raid6: using avx2x2 recovery algorithm
[    7.432002] xor: automatically using best checksumming function   avx       
[    7.433836] async_tx: api initialized (async)
done.
Begin: Running /scripts/init-premount ... done.
Begin: Mounting root file system ... Begin: Running /scripts/local-top ... done.
Begin: Running /scripts/local-premount ... [    7.471026] Btrfs loaded, crc32c=crc32c-intel
Scanning for Btrfs filesystems
done.
Warning: fsck not present, so skipping root file system
[    7.491741] EXT4-fs (sda1): mounted filesystem with ordered data mode. Opts: (null)
done.
Begin: Running /scripts/local-bottom ... done.
Begin: Running /scripts/init-bottom ... done.
[    7.724344] ip_tables: (C) 2000-2006 Netfilter Core Team
[    7.740863] systemd[1]: systemd 237 running in system mode. (+PAM +AUDIT +SELINUX +IMA +APPARMOR +SMACK +SYSVINIT +UTMP +LIBCRYPTSETUP +GCRYPT +GNUTLS +ACL +XZ +LZ4 +SECCOMP +BLKID +ELFUTILS +KMOD -IDN2 +IDN -PCRE2 default-hierarchy=hybrid)
[    7.750829] systemd[1]: Detected virtualization oracle.
[    7.753409] systemd[1]: Detected architecture x86-64.

Welcome to [1mUbuntu 18.04.6 LTS[0m!

[    7.763866] systemd[1]: Set hostname to <ubuntu>.
[    7.768152] systemd[1]: Initializing machine ID from random generator.
[    7.769762] systemd[1]: Installed transient /etc/machine-id file.
[    8.027233] systemd[1]: Created slice User and Session Slice.
[[0;32m  OK  [0m] Created slice User and Session Slice.
[    8.028700] systemd[1]: Reached target User and Group Name Lookups.
[[0;32m  OK  [0m] Reached target User and Group Name Lookups.
[    8.030179] systemd[1]: Started Forward Password Requests to Wall Directory Watch.
[[0;32m  OK  [0m] Started Forward Password Requests to Wall Directory Watch.
[    8.032236] systemd[1]: Created slice System Slice.
[[0;32m  OK  [0m] Created slice System Slice.
[[0;32m  OK  [0m] Listening on LVM2 poll daemon socket.
[[0;32m  OK  [0m] Reached target Slices.
[[0;32m  OK  [0m] Listening on Journal Socket (/dev/log).
[[0;32m  OK  [0m] Listening on /dev/initctl Compatibility Named Pipe.
[[0;32m  OK  [0m] Created slice system-serial\x2dgetty.slice.
[[0;32m  OK  [0m] Listening on Syslog Socket.
[[0;32m  OK  [0m] Listening on Journal Audit Socket.
[[0;32m  OK  [0m] Reached target System Time Synchronized.
[[0;32m  OK  [0m] Listening on LVM2 metadata daemon socket.
[[0;32m  OK  [0m] Listening on Device-mapper event daemon FIFOs.
[[0;32m  OK  [0m] Listening on udev Kernel Socket.
[[0;32m  OK  [0m] Reached target Swap.
[[0;32m  OK  [0m] Listening on fsck to fsckd communication Socket.
[[0;32m  OK  [0m] Listening on Network Service Netlink Socket.
[[0;32m  OK  [0m] Listening on udev Control Socket.
[[0;32m  OK  [0m] Set up automount Arbitrary Executabâ€¦rmats File System Automount Point.
[[0;32m  OK  [0m] Listening on Journal Socket.
         Mounting POSIX Message Queue File System...
         Starting Load Kernel Modules...
         Starting Create list of required stâ€¦ce nodes for the current kernel...
         Starting Uncomplicated firewall...
         Mounting Huge Pages File System...
         Starting Journal Service...
         Mounting Kernel Debug File System...
         Starting udev Coldplug all Devices...
         Starting Set the console keyboard layout...
         Starting Monitoring of LVM2 mirrorsâ€¦ng dmeventd or progress polling...
         Starting File System Check on Root Device...
[    8.072528] Loading iSCSI transport class v2.0-870.
[    8.077128] iscsi: registered transport (tcp)
[    8.090065] iscsi: registered transport (iser)
[[0;32m  OK  [0m] Started Load Kernel Modules.
         Starting Apply Kernel Variables...
         Mounting FUSE Control File System...
         Mounting Kernel Configuration File System...
[[0;32m  OK  [0m] Started Create list of required staâ€¦vice nodes for the current kernel.
         Starting Create Static Device Nodes in /dev...
[[0;32m  OK  [0m] Started Uncomplicated firewall.
[[0;32m  OK  [0m] Started Journal Service.
[[0;32m  OK  [0m] Started File System Check Daemon to report status.
[[0;32m  OK  [0m] Mounted POSIX Message Queue File System.
[[0;32m  OK  [0m] Mounted Huge Pages File System.
[[0;32m  OK  [0m] Mounted Kernel Debug File System.
[[0;32m  OK  [0m] Mounted FUSE Control File System.
[[0;32m  OK  [0m] Mounted Kernel Configuration File System.
[[0;32m  OK  [0m] Started udev Coldplug all Devices.
[[0;32m  OK  [0m] Started Create Static Device Nodes in /dev.
[[0;32m  OK  [0m] Started File System Check on Root Device.
         Starting Remount Root and Kernel File Systems...
[[0;32m  OK  [0m] Started LVM2 metadata daemon.
[[0;32m  OK  [0m] Started Apply Kernel Variables.
[[0;32m  OK  [0m] Started Remount Root and Kernel File Systems.
         Starting Flush Journal to Persistent Storage...
         Starting Load/Save Random Seed...
         Starting udev Kernel Device Manager...
[[0;32m  OK  [0m] Started Load/Save Random Seed.
[[0;32m  OK  [0m] Started Monitoring of LVM2 mirrors,â€¦sing dmeventd or progress polling.
[[0;32m  OK  [0m] Started udev Kernel Device Manager.
[[0;32m  OK  [0m] Started Flush Journal to Persistent Storage.
[[0;32m  OK  [0m] Found device /dev/ttyS0.
[[0;32m  OK  [0m] Listening on Load/Save RF Kill Switch Status /dev/rfkill Watch.
         Mounting Arbitrary Executable File Formats File System...
[[0;32m  OK  [0m] Mounted Arbitrary Executable File Formats File System.
[[0;32m  OK  [0m] Started Set the console keyboard layout.
[[0;32m  OK  [0m] Started Dispatch Password Requests to Console Directory Watch.
[[0;32m  OK  [0m] Reached target Local Encrypted Volumes.
[[0;32m  OK  [0m] Reached target Local File Systems (Pre).
[[0;32m  OK  [0m] Reached target Local File Systems.
         Starting ebtables ruleset management...
         Starting Tell Plymouth To Write Out Runtime Data...
         Starting Commit a transient machine-id on disk...
         Starting Create Volatile Files and Directories...
         Starting Set console font and keymap...
         Starting AppArmor initialization...
[[0;32m  OK  [0m] Started Tell Plymouth To Write Out Runtime Data.
[[0;32m  OK  [0m] Started Create Volatile Files and Directories.
         Starting Update UTMP about System Boot/Shutdown...
[[0;32m  OK  [0m] Started Update UTMP about System Boot/Shutdown.
[[0;32m  OK  [0m] Started Commit a transient machine-id on disk.
[[0;32m  OK  [0m] Started ebtables ruleset management.
[[0;32m  OK  [0m] Started Set console font and keymap.
[[0;32m  OK  [0m] Started AppArmor initialization.
         Starting Initial cloud-init job (pre-networking)...
         Starting Load AppArmor profiles managed internally by snapd...
[[0;32m  OK  [0m] Started Load AppArmor profiles managed internally by snapd.
[   11.971939] cloud-init[895]: Cloud-init v. 22.4.2-0ubuntu0~18.04.1 running 'init-local' at Sat, 10 Dec 2022 05:22:39 +0000. Up 11.62 seconds.
[[0;32m  OK  [0m] Started Initial cloud-init job (pre-networking).
[[0;32m  OK  [0m] Reached target Network (Pre).
         Starting Network Service...
[[0;32m  OK  [0m] Started Network Service.
         Starting Network Name Resolution...
         Starting Wait for Network to be Configured...
[[0;32m  OK  [0m] Started Network Name Resolution.
[[0;32m  OK  [0m] Reached target Host and Network Name Lookups.
[[0;32m  OK  [0m] Reached target Network.
[[0;32m  OK  [0m] Started Wait for Network to be Configured.
         Starting Initial cloud-init job (metadata service crawler)...
[   14.005341] cloud-init[1025]: Cloud-init v. 22.4.2-0ubuntu0~18.04.1 running 'init' at Sat, 10 Dec 2022 05:22:41 +0000. Up 13.83 seconds.
[   14.006579] cloud-init[1025]: ci-info: ++++++++++++++++++++++++++++++++++++++Net device info++++++++++++++++++++++++++++++++++++++
[   14.007719] cloud-init[1025]: ci-info: +--------+------+----------------------------+---------------+--------+-------------------+
[   14.008866] cloud-init[1025]: ci-info: | Device |  Up  |          Address           |      Mask     | Scope  |     Hw-Address    |
[   14.009966] cloud-init[1025]: ci-info: +--------+------+----------------------------+---------------+--------+-------------------+
[   14.011078] cloud-init[1025]: ci-info: | enp0s3 | True |         10.0.2.15          | 255.255.255.0 | global | 02:40:49:ac:f0:20 |
[   14.012198] cloud-init[1025]: ci-info: | enp0s3 | True | fe80::40:49ff:feac:f020/64 |       .       |  link  | 02:40:49:ac:f0:20 |
[   14.013317] cloud-init[1025]: ci-info: |   lo   | True |         127.0.0.1          |   255.0.0.0   |  host  |         .         |
[   14.014431] cloud-init[1025]: ci-info: |   lo   | True |          ::1/128           |       .       |  host  |         .         |
[   14.015364] cloud-init[1025]: ci-info: +--------+------+----------------------------+---------------+--------+-------------------+
[   14.016504] cloud-init[1025]: ci-info: ++++++++++++++++++++++++++++Route IPv4 info+++++++++++++++++++++++++++++
[   14.017497] cloud-init[1025]: ci-info: +-------+-------------+----------+-----------------+-----------+-------+
[   14.018516] cloud-init[1025]: ci-info: | Route | Destination | Gateway  |     Genmask     | Interface | Flags |
[   14.019525] cloud-init[1025]: ci-info: +-------+-------------+----------+-----------------+-----------+-------+
[   14.020544] cloud-init[1025]: ci-info: |   0   |   0.0.0.0   | 10.0.2.2 |     0.0.0.0     |   enp0s3  |   UG  |
[   14.021529] cloud-init[1025]: ci-info: |   1   |   10.0.2.0  | 0.0.0.0  |  255.255.255.0  |   enp0s3  |   U   |
[   14.022512] cloud-init[1025]: ci-info: |   2   |   10.0.2.2  | 0.0.0.0  | 255.255.255.255 |   enp0s3  |   UH  |
[   14.023481] cloud-init[1025]: ci-info: +-------+-------------+----------+-----------------+-----------+-------+
[   14.024438] cloud-init[1025]: ci-info: +++++++++++++++++++Route IPv6 info+++++++++++++++++++
[   14.025240] cloud-init[1025]: ci-info: +-------+-------------+---------+-----------+-------+
[   14.026078] cloud-init[1025]: ci-info: | Route | Destination | Gateway | Interface | Flags |
[   14.026896] cloud-init[1025]: ci-info: +-------+-------------+---------+-----------+-------+
[   14.027680] cloud-init[1025]: ci-info: |   1   |  fe80::/64  |    ::   |   enp0s3  |   U   |
[   14.028579] cloud-init[1025]: ci-info: |   3   |    local    |    ::   |   enp0s3  |   U   |
[   14.029440] cloud-init[1025]: ci-info: |   4   |   ff00::/8  |    ::   |   enp0s3  |   U   |
[   14.030382] cloud-init[1025]: ci-info: +-------+-------------+---------+-----------+-------+
[   15.016478] cloud-init[1025]: Generating public/private rsa key pair.
[   15.017312] cloud-init[1025]: Your identification has been saved in /etc/ssh/ssh_host_rsa_key.
[   15.018242] cloud-init[1025]: Your public key has been saved in /etc/ssh/ssh_host_rsa_key.pub.
[   15.019166] cloud-init[1025]: The key fingerprint is:
[   15.019813] cloud-init[1025]: SHA256:MnMvXVMSfLEABCY0xSGpe/MpEdl7w9kQ2Wa9qkUpLP8 root@ubuntu-bionic
[   15.020755] cloud-init[1025]: The key's randomart image is:
[   15.021381] cloud-init[1025]: +---[RSA 2048]----+
[   15.022048] cloud-init[1025]: |     .=+=+o=o... |
[   15.022732] cloud-init[1025]: |      .=. o =oo. |
[   15.023432] cloud-init[1025]: |     . o . +.oo. |
[   15.024010] cloud-init[1025]: |    . o o + oo.  |
[   15.024654] cloud-init[1025]: |     .+.S= *o.   |
[   15.025219] cloud-init[1025]: |    . +=.o*.+.   |
[   15.025845] cloud-init[1025]: |     . +.oo=     |
[   15.026413] cloud-init[1025]: |      . o.. E    |
[   15.026982] cloud-init[1025]: |       .         |
[   15.027550] cloud-init[1025]: +----[SHA256]-----+
[   15.028161] cloud-init[1025]: Generating public/private dsa key pair.
[   15.028861] cloud-init[1025]: Your identification has been saved in /etc/ssh/ssh_host_dsa_key.
[   15.029734] cloud-init[1025]: Your public key has been saved in /etc/ssh/ssh_host_dsa_key.pub.
[   15.030595] cloud-init[1025]: The key fingerprint is:
[   15.031179] cloud-init[1025]: SHA256:X23EeFYg6nkgP+1+EQAgQOFmmVuoPxKY39aD+AMEYPI root@ubuntu-bionic
[   15.032136] cloud-init[1025]: The key's randomart image is:
[   15.032775] cloud-init[1025]: +---[DSA 1024]----+
[   15.033338] cloud-init[1025]: |+. .+o. ..... ...|
[   15.033911] cloud-init[1025]: |+. . + .   ..+ . |
[   15.034483] cloud-init[1025]: | .E B . . o ..=  |
[   15.035049] cloud-init[1025]: | o.+ o   + + =.  |
[   15.035628] cloud-init[1025]: |o.o .   S = + o. |
[   15.036282] cloud-init[1025]: | ..= o   . = ..  |
[   15.036947] cloud-init[1025]: |  +.* o   . .  . |
[   15.037489] cloud-init[1025]: |   +.. .   .  .  |
[   15.038132] cloud-init[1025]: |    ..      ..   |
[   15.038792] cloud-init[1025]: +----[SHA256]-----+
[   15.039468] cloud-init[1025]: Generating public/private ecdsa key pair.
[   15.040245] cloud-init[1025]: Your identification has been saved in /etc/ssh/ssh_host_ecdsa_key.
[   15.041266] cloud-init[1025]: Your public key has been saved in /etc/ssh/ssh_host_ecdsa_key.pub.
[   15.042327] cloud-init[1025]: The key fingerprint is:
[   15.042924] cloud-init[1025]: SHA256:ijMkNGlbvvAq/SZLZil2XtzwiDzyMGSkw8bgU3Zagmk root@ubuntu-bionic
[   15.043979] cloud-init[1025]: The key's randomart image is:
[   15.044758] cloud-init[1025]: +---[ECDSA 256]---+
[   15.045452] cloud-init[1025]: |                 |
[   15.046107] cloud-init[1025]: |  o.             |
[   15.046804] cloud-init[1025]: |.E=+.o           |
[   15.047492] cloud-init[1025]: |Ooo==            |
[   15.048188] cloud-init[1025]: |oO+.o.  S        |
[   15.048853] cloud-init[1025]: |+.o*oo=.         |
[   15.049530] cloud-init[1025]: |.*==*+.o         |
[   15.050179] cloud-init[1025]: |o=X.+o           |
[   15.050798] cloud-init[1025]: | .oB.            |
[   15.051468] cloud-init[1025]: +----[SHA256]-----+
[   15.052161] cloud-init[1025]: Generating public/private ed25519 key pair.
[   15.053072] cloud-init[1025]: Your identification has been saved in /etc/ssh/ssh_host_ed25519_key.
[   15.054230] cloud-init[1025]: Your public key has been saved in /etc/ssh/ssh_host_ed25519_key.pub.
[   15.055281] cloud-init[1025]: The key fingerprint is:
[   15.055986] cloud-init[1025]: SHA256:RDEor3CXWHVxC/GX0Ozv32/7q1b/13TUoxncFz4cAYE root@ubuntu-bionic
[   15.057109] cloud-init[1025]: The key's randomart image is:
[   15.057896] cloud-init[1025]: +--[ED25519 256]--+
[   15.058494] cloud-init[1025]: |       o=.=o+=o..|
[   15.059156] cloud-init[1025]: |    . o. o E oo+ |
[[0;32m  OK  [0m] Started Initial cloud-init job (metadata service crawler).
[   15.072949] [[0;32m  OK  [0m] Reached target Network is Online.
cloud-init[1025]: |     = ..   +.* +|
[   15.074228]          Starting Availability of block devices...
[[0;32m  OK  [0m] Reached target Remote File Systems (Pre).
[[0;32m  OK  [0m] Reached target Remote File Systems.
[[0;32m  OK  [0m] Reached target Cloud-config availability.
[[0;32m  OK  [0m] Reached target System Initialization.
[[0;32m  OK  [0m] Started Daily Cleanup of Temporary Directories.
[[0;32m  OK  [0m] Listening on Open-iSCSI iscsid Socket.
cloud-init[1025]: |  . o +.     +.*+|
[[0;32m  OK  [0m] Listening on UUID daemon activation socket.
[   15.082454] [[0;32m  OK  [0m] Listening on ACPID Listen Socket.
[[0;32m  OK  [0m] Listening on cloud-init hotplug hook socket.
[[0;32m  OK  [0m] Started Ubuntu Advantage Timer for running repeated jobs.
[[0;32m  OK  [0m] Started Daily apt download activities.
[[0;32m  OK  [0m] Started Daily apt upgrade and clean activities.
[[0;32m  OK  [0m] Listening on D-Bus System Message Bus Socket.
         Starting LXD - unix socket.
cloud-init[1025]:          |   o o  S     +o+|Starting Socket activation for snappy daemon.

[[0;32m  OK  [0m] Started Discard unused blocks once a week.
[[0;32m  OK  [0m] Started Message of the Day.
[[0;32m  OK  [0m] Reached target Timers.
[   15.092945] cloud-init[1025]: |    .        o .+|[[0;32m  OK  [0m] Started ACPI Events Check.
[[0;32m  OK  [0m] Reached target Paths.
[[0;32m  OK  [0m] Listening on LXD - unix socket.
[[0;32m  OK  [0m] Listening on Socket activation for snappy daemon.
[[0;32m  OK  [0m] Reached target Sockets.
[[0;32m  OK  [0m] Reached target Basic System.
[[0;32m  OK  [0m] Started D-Bus System Message Bus.

[   15.098939] cloud-init[1025]: |              .o+|
[   15.099668] cloud-init[1025]: |             .  B|
[   15.100553] cloud-init[1025]: |            ...+#|
[   15.101784] cloud-init[1025]: +----[SHA256]-----+
[[0;32m  OK  [0m] Started Regular background program processing daemon.
[[0;32m  OK  [0m] Started FUSE filesystem for LXC.
         Starting LXD - container startup/shutdown...
         Starting Virtualbox guest utils...
[[0;32m  OK  [0m] Started irqbalance daemon.
         Starting Dispatcher daemon for systemd-networkd...
[[0;32m  OK  [0m] Started Deferred execution scheduler.
         Starting System Logging Service...
         Starting LSB: Record successful boot for GRUB...
[[0;32m  OK  [0m] Reached target Login Prompts (Pre).
         Starting LSB: automatic crash report generation...
         Starting Login Service...
         Starting Pollinate to seed the pseudo random number generator...
         Starting Snap Daemon...
         Starting Accounts Service...
         Starting Permit User Sessions...
[[0;32m  OK  [0m] Started Availability of block devices.
[[0;32m  OK  [0m] Started LXD - container startup/shutdown.
[[0;32m  OK  [0m] Started System Logging Service.
[[0;32m  OK  [0m] Started Login Service.
[[0;32m  OK  [0m] Started Unattended Upgrades Shutdown.
[[0;32m  OK  [0m] Started Permit User Sessions.
         Starting Hold until boot process finishes up...
         Starting Terminate Plymouth Boot Screen...
[[0;32m  OK  [0m] Started Hold until boot process finishes up.
         Starting Set console scheme...
[[0;32m  OK  [0m] Started Serial Getty on ttyS0.
[[0;32m  OK  [0m] Started Terminate Plymouth Boot Screen.
[[0;32m  OK  [0m] Started LSB: automatic crash report generation.
[[0;32m  OK  [0m] Started Set console scheme.
[[0;32m  OK  [0m] Created slice system-getty.slice.
[[0;32m  OK  [0m] Started Getty on tty1.
[[0;32m  OK  [0m] Reached target Login Prompts.
         Starting Authorization Manager...
[[0;32m  OK  [0m] Started LSB: Record successful boot for GRUB.
[[0;32m  OK  [0m] Started Authorization Manager.
[[0;32m  OK  [0m] Started Accounts Service.
[[0;32m  OK  [0m] Started Virtualbox guest utils.
[[0;32m  OK  [0m] Started Dispatcher daemon for systemd-networkd.
[[0;32m  OK  [0m] Started Snap Daemon.
[[0;32m  OK  [0m] Started Pollinate to seed the pseudo random number generator.
         Starting OpenBSD Secure Shell server...
         Starting Wait until snapd is fully seeded...
[[0;32m  OK  [0m] Started OpenBSD Secure Shell server.
         Starting Time & Date Service...
[[0;32m  OK  [0m] Started Time & Date Service.
[[0;32m  OK  [0m] Created slice User Slice of vagrant.
         Starting User Manager for UID 1000...
[[0;32m  OK  [0m] Started Session 1 of user vagrant.
[[0;32m  OK  [0m] Started User Manager for UID 1000.
[[0;32m  OK  [0m] Started Wait until snapd is fully seeded.
         Starting Apply the settings specified in cloud-config...
[   18.174810] cloud-init[1645]: Cloud-init v. 22.4.2-0ubuntu0~18.04.1 running 'modules:config' at Sat, 10 Dec 2022 05:22:45 +0000. Up 17.68 seconds.
[[0;32m  OK  [0m] Started Apply the settings specified in cloud-config.
[[0;32m  OK  [0m] Reached target Multi-User System.
[[0;32m  OK  [0m] Reached target Graphical Interface.
         Starting Update UTMP about System Runlevel Changes...
         Starting Execute cloud user/final scripts...
[[0;32m  OK  [0m] Started Update UTMP about System Runlevel Changes.
ci-info: no authorized SSH keys fingerprints found for user ubuntu.
<14>Dec 10 05:22:46 cloud-init: #############################################################
<14>Dec 10 05:22:46 cloud-init: -----BEGIN SSH HOST KEY FINGERPRINTS-----
<14>Dec 10 05:22:46 cloud-init: 1024 SHA256:X23EeFYg6nkgP+1+EQAgQOFmmVuoPxKY39aD+AMEYPI root@ubuntu-bionic (DSA)
<14>Dec 10 05:22:46 cloud-init: 256 SHA256:ijMkNGlbvvAq/SZLZil2XtzwiDzyMGSkw8bgU3Zagmk root@ubuntu-bionic (ECDSA)
<14>Dec 10 05:22:46 cloud-init: 256 SHA256:RDEor3CXWHVxC/GX0Ozv32/7q1b/13TUoxncFz4cAYE root@ubuntu-bionic (ED25519)
<14>Dec 10 05:22:46 cloud-init: 2048 SHA256:MnMvXVMSfLEABCY0xSGpe/MpEdl7w9kQ2Wa9qkUpLP8 root@ubuntu-bionic (RSA)
<14>Dec 10 05:22:46 cloud-init: -----END SSH HOST KEY FINGERPRINTS-----
<14>Dec 10 05:22:46 cloud-init: #############################################################
-----BEGIN SSH HOST KEY KEYS-----
ecdsa-sha2-nistp256 AAAAE2VjZHNhLXNoYTItbmlzdHAyNTYAAAAIbmlzdHAyNTYAAABBBHuWlDAhg9bhElgcYpZ6XWMotK9QryIe/QA4Mak4hkI3PxguFkPe3ij9J5zc7LcDiWxu/gOVWkFCc6QhAa9wFf0= root@ubuntu-bionic
ssh-ed25519 AAAAC3NzaC1lZDI1NTE5AAAAILhokTpTtFFszQvCchV6nX7YdXT9+86yFeoPjXLLdf7c root@ubuntu-bionic
ssh-rsa AAAAB3NzaC1yc2EAAAADAQABAAABAQDXGH/g/7y5vGDj7+uWKwt8eioS3Ymi//lnPhw4yFEFWoAJTRdkjtmBmPsAO5DY411DkpcvzpsQzlCaNWwaaYAM2yWXc2tg1AfC08YswyF0iYxxzTT0cxBLH7bZsVomgN26PRg/BTZOmL0Z12gPp+tzGdyMig0IHXtY4ZHyu1ZscujjAQJiaM7qj1dWLxiN7aeZKL1pKuWg1TCHLln/ckaFK3p4xQpwohWTl6FZfsRI9tcMcmoMyz1x7aljzQPMBWcNjNxRZP2Vsv1tI2XGmVnPN2vYcVj9URnu34oPJUH6BE2CoyJkMWMiVXhR7NlKpRzkPuGsxMvRyBXFcAS8qoUH root@ubuntu-bionic
-----END SSH HOST KEY KEYS-----
[   18.864603] cloud-init[1750]: Cloud-init v. 22.4.2-0ubuntu0~18.04.1 running 'modules:final' at Sat, 10 Dec 2022 05:22:46 +0000. Up 18.67 seconds.
[   18.876243] cloud-init[1750]: Cloud-init v. 22.4.2-0ubuntu0~18.04.1 finished at Sat, 10 Dec 2022 05:22:46 +0000. Datasource DataSourceNoCloud [seed=/dev/sdb][dsmode=net].  Up 18.85 seconds
[[0;32m  OK  [0m] Started Execute cloud user/final scripts.
[[0;32m  OK  [0m] Reached target Cloud-init target.

Ubuntu 18.04.6 LTS ubuntu-bionic ttyS0

ubuntu-bionic login: 