[    0.000000] Linux version 4.15.0-197-generic (buildd@lcy02-amd64-110) (gcc version 7.5.0 (Ubuntu 7.5.0-3ubuntu1~18.04)) #208-Ubuntu SMP Tue Nov 1 17:23:37 UTC 2022 (Ubuntu 4.15.0-197.208-generic 4.15.18)
[    0.000000] Command line: BOOT_IMAGE=/boot/vmlinuz-4.15.0-197-generic root=LABEL=cloudimg-rootfs ro console=tty1 console=ttyS0
[    0.000000] KERNEL supported cpus:
[    0.000000]   Intel GenuineIntel
[    0.000000]   AMD AuthenticAMD
[    0.000000]   Centaur CentaurHauls
[    0.000000] x86/fpu: Supporting XSAVE feature 0x001: 'x87 floating point registers'
[    0.000000] x86/fpu: Supporting XSAVE feature 0x002: 'SSE registers'
[    0.000000] x86/fpu: Supporting XSAVE feature 0x004: 'AVX registers'
[    0.000000] x86/fpu: xstate_offset[2]:  576, xstate_sizes[2]:  256
[    0.000000] x86/fpu: Enabled xstate features 0x7, context size is 832 bytes, using 'standard' format.
[    0.000000] e820: BIOS-provided physical RAM map:
[    0.000000] BIOS-e820: [mem 0x0000000000000000-0x000000000009fbff] usable
[    0.000000] BIOS-e820: [mem 0x000000000009fc00-0x000000000009ffff] reserved
[    0.000000] BIOS-e820: [mem 0x00000000000f0000-0x00000000000fffff] reserved
[    0.000000] BIOS-e820: [mem 0x0000000000100000-0x000000003ffeffff] usable
[    0.000000] BIOS-e820: [mem 0x000000003fff0000-0x000000003fffffff] ACPI data
[    0.000000] BIOS-e820: [mem 0x00000000fec00000-0x00000000fec00fff] reserved
[    0.000000] BIOS-e820: [mem 0x00000000fee00000-0x00000000fee00fff] reserved
[    0.000000] BIOS-e820: [mem 0x00000000fffc0000-0x00000000ffffffff] reserved
[    0.000000] NX (Execute Disable) protection: active
[    0.000000] SMBIOS 2.5 present.
[    0.000000] DMI: innotek GmbH VirtualBox/VirtualBox, BIOS VirtualBox 12/01/2006
[    0.000000] Hypervisor detected: KVM
[    0.000000] e820: last_pfn = 0x3fff0 max_arch_pfn = 0x400000000
[    0.000000] MTRR: Disabled
[    0.000000] x86/PAT: MTRRs disabled, skipping PAT initialization too.
[    0.000000] CPU MTRRs all blank - virtualized system.
[    0.000000] x86/PAT: Configuration [0-7]: WB  WT  UC- UC  WB  WT  UC- UC  
[    0.000000] found SMP MP-table at [mem 0x0009fff0-0x0009ffff]
[    0.000000] Scanning 1 areas for low memory corruption
[    0.000000] RAMDISK: [mem 0x359c7000-0x36cdafff]
[    0.000000] ACPI: Early table checksum verification disabled
[    0.000000] ACPI: RSDP 0x00000000000E0000 000024 (v02 VBOX  )
[    0.000000] ACPI: XSDT 0x000000003FFF0030 00003C (v01 VBOX   VBOXXSDT 00000001 ASL  00000061)
[    0.000000] ACPI: FACP 0x000000003FFF00F0 0000F4 (v04 VBOX   VBOXFACP 00000001 ASL  00000061)
[    0.000000] ACPI: DSDT 0x000000003FFF0470 002325 (v02 VBOX   VBOXBIOS 00000002 INTL 20160527)
[    0.000000] ACPI: FACS 0x000000003FFF0200 000040
[    0.000000] ACPI: FACS 0x000000003FFF0200 000040
[    0.000000] ACPI: APIC 0x000000003FFF0240 00005C (v02 VBOX   VBOXAPIC 00000001 ASL  00000061)
[    0.000000] ACPI: SSDT 0x000000003FFF02A0 0001CC (v01 VBOX   VBOXCPUT 00000002 INTL 20160527)
[    0.000000] ACPI: Reserving FACP table memory at [mem 0x3fff00f0-0x3fff01e3]
[    0.000000] ACPI: Reserving DSDT table memory at [mem 0x3fff0470-0x3fff2794]
[    0.000000] ACPI: Reserving FACS table memory at [mem 0x3fff0200-0x3fff023f]
[    0.000000] ACPI: Reserving FACS table memory at [mem 0x3fff0200-0x3fff023f]
[    0.000000] ACPI: Reserving APIC table memory at [mem 0x3fff0240-0x3fff029b]
[    0.000000] ACPI: Reserving SSDT table memory at [mem 0x3fff02a0-0x3fff046b]
[    0.000000] No NUMA configuration found
[    0.000000] Faking a node at [mem 0x0000000000000000-0x000000003ffeffff]
[    0.000000] NODE_DATA(0) allocated [mem 0x3ffc5000-0x3ffeffff]
[    0.000000] kvm-clock: cpu 0, msr 0:3ff44001, primary cpu clock
[    0.000000] kvm-clock: Using msrs 4b564d01 and 4b564d00
[    0.000000] kvm-clock: using sched offset of 3373647439 cycles
[    0.000000] clocksource: kvm-clock: mask: 0xffffffffffffffff max_cycles: 0x1cd42e4dffb, max_idle_ns: 881590591483 ns
[    0.000000] Zone ranges:
[    0.000000]   DMA      [mem 0x0000000000001000-0x0000000000ffffff]
[    0.000000]   DMA32    [mem 0x0000000001000000-0x000000003ffeffff]
[    0.000000]   Normal   empty
[    0.000000]   Device   empty
[    0.000000] Movable zone start for each node
[    0.000000] Early memory node ranges
[    0.000000]   node   0: [mem 0x0000000000001000-0x000000000009efff]
[    0.000000]   node   0: [mem 0x0000000000100000-0x000000003ffeffff]
[    0.000000] Reserved but unavailable: 104 pages
[    0.000000] Initmem setup node 0 [mem 0x0000000000001000-0x000000003ffeffff]
[    0.000000] ACPI: PM-Timer IO Port: 0x4008
[    0.000000] IOAPIC[0]: apic_id 2, version 32, address 0xfec00000, GSI 0-23
[    0.000000] ACPI: INT_SRC_OVR (bus 0 bus_irq 0 global_irq 2 dfl dfl)
[    0.000000] ACPI: INT_SRC_OVR (bus 0 bus_irq 9 global_irq 9 low level)
[    0.000000] Using ACPI (MADT) for SMP configuration information
[    0.000000] smpboot: Allowing 2 CPUs, 0 hotplug CPUs
[    0.000000] PM: Registered nosave memory: [mem 0x00000000-0x00000fff]
[    0.000000] PM: Registered nosave memory: [mem 0x0009f000-0x0009ffff]
[    0.000000] PM: Registered nosave memory: [mem 0x000a0000-0x000effff]
[    0.000000] PM: Registered nosave memory: [mem 0x000f0000-0x000fffff]
[    0.000000] e820: [mem 0x40000000-0xfebfffff] available for PCI devices
[    0.000000] Booting paravirtualized kernel on KVM
[    0.000000] clocksource: refined-jiffies: mask: 0xffffffff max_cycles: 0xffffffff, max_idle_ns: 7645519600211568 ns
[    0.000000] setup_percpu: NR_CPUS:8192 nr_cpumask_bits:2 nr_cpu_ids:2 nr_node_ids:1
[    0.000000] percpu: Embedded 50 pages/cpu s167936 r8192 d28672 u1048576
[    0.000000] PV qspinlock hash table entries: 256 (order: 0, 4096 bytes)
[    0.000000] Built 1 zonelists, mobility grouping on.  Total pages: 257913
[    0.000000] Policy zone: DMA32
[    0.000000] Kernel command line: BOOT_IMAGE=/boot/vmlinuz-4.15.0-197-generic root=LABEL=cloudimg-rootfs ro console=tty1 console=ttyS0
[    0.000000] Memory: 982644K/1048120K available (12300K kernel code, 2477K rwdata, 4320K rodata, 2472K init, 2720K bss, 65476K reserved, 0K cma-reserved)
[    0.000000] SLUB: HWalign=64, Order=0-3, MinObjects=0, CPUs=2, Nodes=1
[    0.000000] Kernel/User page tables isolation: enabled
[    0.000000] ftrace: allocating 39478 entries in 155 pages
[    0.004000] Hierarchical RCU implementation.
[    0.004000] 	RCU restricting CPUs from NR_CPUS=8192 to nr_cpu_ids=2.
[    0.004000] 	Tasks RCU enabled.
[    0.004000] RCU: Adjusting geometry for rcu_fanout_leaf=16, nr_cpu_ids=2
[    0.004000] NR_IRQS: 524544, nr_irqs: 440, preallocated irqs: 16
[    0.004000] random: crng init done
[    0.004000] Console: colour VGA+ 80x25
[    0.004000] console [tty1] enabled
[    0.004000] console [ttyS0] enabled
[    0.004000] ACPI: Core revision 20170831
[    0.004000] ACPI: 2 ACPI AML tables successfully acquired and loaded
[    0.004000] APIC: Switch to symmetric I/O mode setup
[    0.004000] x2apic enabled
[    0.004000] Switched APIC routing to physical x2apic.
[    0.005210] ..TIMER: vector=0x30 apic1=0 pin1=2 apic2=-1 pin2=-1
[    0.008001] tsc: Detected 3192.034 MHz processor
[    0.012009] Calibrating delay loop (skipped) preset value.. 6384.06 BogoMIPS (lpj=12768136)
[    0.014197] pid_max: default: 32768 minimum: 301
[    0.016024] Security Framework initialized
[    0.017134] Yama: becoming mindful.
[    0.018019] AppArmor: AppArmor initialized
[    0.019680] Dentry cache hash table entries: 131072 (order: 8, 1048576 bytes)
[    0.020039] Inode-cache hash table entries: 65536 (order: 7, 524288 bytes)
[    0.021966] Mount-cache hash table entries: 2048 (order: 2, 16384 bytes)
[    0.024003] Mountpoint-cache hash table entries: 2048 (order: 2, 16384 bytes)
[    0.026164] Last level iTLB entries: 4KB 64, 2MB 8, 4MB 8
[    0.028001] Last level dTLB entries: 4KB 64, 2MB 0, 4MB 0, 1GB 4
[    0.029565] Spectre V1 : Mitigation: usercopy/swapgs barriers and __user pointer sanitization
[    0.032001] Spectre V2 : Mitigation: Retpolines
[    0.033409] Spectre V2 : Spectre v2 / SpectreRSB mitigation: Filling RSB on context switch
[    0.036001] Speculative Store Bypass: Vulnerable
[    0.037255] MDS: Mitigation: Clear CPU buffers
[    0.038234] MMIO Stale Data: Mitigation: Clear CPU buffers
[    0.040002] SRBDS: Unknown: Dependent on hypervisor status
[    0.041479] Freeing SMP alternatives memory: 36K
[    0.152437] smpboot: CPU0: Intel(R) Core(TM) i7-8700 CPU @ 3.20GHz (family: 0x6, model: 0x9e, stepping: 0xa)
[    0.155122] Performance Events: unsupported p6 CPU model 158 no PMU driver, software events only.
[    0.156027] Hierarchical SRCU implementation.
[    0.157840] NMI watchdog: Perf event create on CPU 0 failed with -2
[    0.160014] NMI watchdog: Perf NMI watchdog permanently disabled
[    0.161668] smp: Bringing up secondary CPUs ...
[    0.162971] x86: Booting SMP configuration:
[    0.164002] .... node  #0, CPUs:      #1
[    0.004000] kvm-clock: cpu 1, msr 0:3ff44041, secondary cpu clock
[    0.168014] smp: Brought up 1 node, 2 CPUs
[    0.169161] smpboot: Max logical packages: 1
[    0.170090] smpboot: Total of 2 processors activated (12768.13 BogoMIPS)
[    0.172092] devtmpfs: initialized
[    0.173137] x86/mm: Memory block size: 128MB
[    0.174718] evm: security.selinux
[    0.176002] evm: security.SMACK64
[    0.176916] evm: security.SMACK64EXEC
[    0.177848] evm: security.SMACK64TRANSMUTE
[    0.179088] evm: security.SMACK64MMAP
[    0.180001] evm: security.apparmor
[    0.180901] evm: security.ima
[    0.181817] evm: security.capability
[    0.182868] clocksource: jiffies: mask: 0xffffffff max_cycles: 0xffffffff, max_idle_ns: 7645041785100000 ns
[    0.184008] futex hash table entries: 512 (order: 3, 32768 bytes)
[    0.185446] pinctrl core: initialized pinctrl subsystem
[    0.188497] RTC time: 17:37:34, date: 11/21/22
[    0.189843] NET: Registered protocol family 16
[    0.190836] audit: initializing netlink subsys (disabled)
[    0.192017] audit: type=2000 audit(1669052259.898:1): state=initialized audit_enabled=0 res=1
[    0.196010] cpuidle: using governor ladder
[    0.197372] cpuidle: using governor menu
[    0.198684] ACPI: bus type PCI registered
[    0.200002] acpiphp: ACPI Hot Plug PCI Controller Driver version: 0.5
[    0.202003] PCI: Using configuration type 1 for base access
[    0.204624] HugeTLB registered 2.00 MiB page size, pre-allocated 0 pages
[    0.205993] ACPI: Added _OSI(Module Device)
[    0.208002] ACPI: Added _OSI(Processor Device)
[    0.209269] ACPI: Added _OSI(3.0 _SCP Extensions)
[    0.210718] ACPI: Added _OSI(Processor Aggregator Device)
[    0.212002] ACPI: Added _OSI(Linux-Dell-Video)
[    0.213238] ACPI: Added _OSI(Linux-Lenovo-NV-HDMI-Audio)
[    0.214733] ACPI: Added _OSI(Linux-HPI-Hybrid-Graphics)
[    0.216223] ACPI: Executed 1 blocks of module-level executable AML code
[    0.221715] ACPI: Interpreter enabled
[    0.222965] ACPI: (supports S0 S5)
[    0.223912] ACPI: Using IOAPIC for interrupt routing
[    0.224219] PCI: Using host bridge windows from ACPI; if necessary, use "pci=nocrs" and report a bug
[    0.226866] ACPI: Enabled 2 GPEs in block 00 to 07
[    0.234548] ACPI: PCI Root Bridge [PCI0] (domain 0000 [bus 00-ff])
[    0.236006] acpi PNP0A03:00: _OSC: OS supports [ASPM ClockPM Segments MSI]
[    0.238255] acpi PNP0A03:00: _OSC: not requesting OS control; OS requires [ExtendedConfig ASPM ClockPM MSI]
[    0.240012] acpi PNP0A03:00: fail to add MMCONFIG information, can't access extended PCI configuration space under this bridge.
[    0.244315] PCI host bridge to bus 0000:00
[    0.245536] pci_bus 0000:00: root bus resource [io  0x0000-0x0cf7 window]
[    0.247489] pci_bus 0000:00: root bus resource [io  0x0d00-0xffff window]
[    0.248002] pci_bus 0000:00: root bus resource [mem 0x000a0000-0x000bffff window]
[    0.252002] pci_bus 0000:00: root bus resource [mem 0x40000000-0xfdffffff window]
[    0.254435] pci_bus 0000:00: root bus resource [bus 00-ff]
[    0.257377] pci 0000:00:01.1: legacy IDE quirk: reg 0x10: [io  0x01f0-0x01f7]
[    0.260002] pci 0000:00:01.1: legacy IDE quirk: reg 0x14: [io  0x03f6]
[    0.262065] pci 0000:00:01.1: legacy IDE quirk: reg 0x18: [io  0x0170-0x0177]
[    0.264001] pci 0000:00:01.1: legacy IDE quirk: reg 0x1c: [io  0x0376]
[    0.275878] pci 0000:00:07.0: quirk: [io  0x4000-0x403f] claimed by PIIX4 ACPI
[    0.276011] pci 0000:00:07.0: quirk: [io  0x4100-0x410f] claimed by PIIX4 SMB
[    0.283229] ACPI: PCI Interrupt Link [LNKA] (IRQs 5 9 10 *11)
[    0.284282] ACPI: PCI Interrupt Link [LNKB] (IRQs 5 9 *10 11)
[    0.285872] ACPI: PCI Interrupt Link [LNKC] (IRQs 5 *9 10 11)
[    0.288094] ACPI: PCI Interrupt Link [LNKD] (IRQs 5 9 10 *11)
[    0.289718] SCSI subsystem initialized
[    0.290695] pci 0000:00:02.0: vgaarb: setting as boot VGA device
[    0.290695] pci 0000:00:02.0: vgaarb: VGA device added: decodes=io+mem,owns=io+mem,locks=none
[    0.292007] pci 0000:00:02.0: vgaarb: bridge control possible
[    0.293490] vgaarb: loaded
[    0.296030] ACPI: bus type USB registered
[    0.297158] usbcore: registered new interface driver usbfs
[    0.298511] usbcore: registered new interface driver hub
[    0.300006] usbcore: registered new device driver usb
[    0.301627] EDAC MC: Ver: 3.0.0
[    0.301627] PCI: Using ACPI for IRQ routing
[    0.304200] NetLabel: Initializing
[    0.305202] NetLabel:  domain hash size = 128
[    0.306432] NetLabel:  protocols = UNLABELED CIPSOv4 CALIPSO
[    0.308016] NetLabel:  unlabeled traffic allowed by default
[    0.309463] clocksource: Switched to clocksource kvm-clock
[    0.317635] VFS: Disk quotas dquot_6.6.0
[    0.318777] VFS: Dquot-cache hash table entries: 512 (order 0, 4096 bytes)
[    0.320513] AppArmor: AppArmor Filesystem Enabled
[    0.321812] pnp: PnP ACPI init
[    0.323532] pnp: PnP ACPI: found 3 devices
[    0.332647] clocksource: acpi_pm: mask: 0xffffff max_cycles: 0xffffff, max_idle_ns: 2085701024 ns
[    0.335503] NET: Registered protocol family 2
[    0.336801] IP idents hash table entries: 16384 (order: 5, 131072 bytes)
[    0.339270] TCP established hash table entries: 8192 (order: 4, 65536 bytes)
[    0.341396] TCP bind hash table entries: 8192 (order: 5, 131072 bytes)
[    0.343183] TCP: Hash tables configured (established 8192 bind 8192)
[    0.344996] UDP hash table entries: 512 (order: 2, 16384 bytes)
[    0.346720] UDP-Lite hash table entries: 512 (order: 2, 16384 bytes)
[    0.348568] NET: Registered protocol family 1
[    0.349811] pci 0000:00:00.0: Limiting direct PCI/PCI transfers
[    0.351470] pci 0000:00:01.0: Activating ISA DMA hang workarounds
[    0.352957] pci 0000:00:02.0: Video device with shadowed ROM at [mem 0x000c0000-0x000dffff]
[    0.355429] Unpacking initramfs...
[    0.552567] Freeing initrd memory: 19536K
[    0.554133] clocksource: tsc: mask: 0xffffffffffffffff max_cycles: 0x2e02e4ac931, max_idle_ns: 440795208917 ns
[    0.557613] platform rtc_cmos: registered platform RTC device (no PNP device found)
[    0.560212] Scanning for low memory corruption every 60 seconds
[    0.562725] Initialise system trusted keyrings
[    0.564522] Key type blacklist registered
[    0.566093] workingset: timestamp_bits=36 max_order=18 bucket_order=0
[    0.569065] zbud: loaded
[    0.570357] squashfs: version 4.0 (2009/01/31) Phillip Lougher
[    0.572440] fuse init (API version 7.26)
[    0.575297] Key type asymmetric registered
[    0.576684] Asymmetric key parser 'x509' registered
[    0.578208] Block layer SCSI generic (bsg) driver version 0.4 loaded (major 246)
[    0.580553] io scheduler noop registered
[    0.581851] io scheduler deadline registered
[    0.583299] io scheduler cfq registered (default)
[    0.584992] ACPI: AC Adapter [AC] (on-line)
[    0.586272] input: Power Button as /devices/LNXSYSTM:00/LNXPWRBN:00/input/input0
[    0.588421] ACPI: Power Button [PWRF]
[    0.589597] input: Sleep Button as /devices/LNXSYSTM:00/LNXSLPBN:00/input/input1
[    0.591628] ACPI: Sleep Button [SLPF]
[    0.593056] Serial: 8250/16550 driver, 32 ports, IRQ sharing enabled
[    0.615415] 00:02: ttyS0 at I/O 0x3f8 (irq = 4, base_baud = 115200) is a 16550A
[    0.620085] Linux agpgart interface v0.103
[    0.622220] loop: module loaded
[    0.623461] scsi host0: ata_piix
[    0.624458] scsi host1: ata_piix
[    0.625260] ata1: PATA max UDMA/33 cmd 0x1f0 ctl 0x3f6 bmdma 0xd000 irq 14
[    0.626990] ata2: PATA max UDMA/33 cmd 0x170 ctl 0x376 bmdma 0xd008 irq 15
[    0.628711] tun: Universal TUN/TAP device driver, 1.6
[    0.630179] PPP generic driver version 2.4.2
[    0.631409] ehci_hcd: USB 2.0 'Enhanced' Host Controller (EHCI) Driver
[    0.632816] ehci-pci: EHCI PCI platform driver
[    0.634171] ehci-platform: EHCI generic platform driver
[    0.635848] ohci_hcd: USB 1.1 'Open' Host Controller (OHCI) Driver
[    0.637432] ohci-pci: OHCI PCI platform driver
[    0.638302] ohci-platform: OHCI generic platform driver
[    0.639501] uhci_hcd: USB Universal Host Controller Interface driver
[    0.641042] i8042: PNP: PS/2 Controller [PNP0303:PS2K,PNP0f03:PS2M] at 0x60,0x64 irq 1,12
[    0.643699] serio: i8042 KBD port at 0x60,0x64 irq 1
[    0.645173] serio: i8042 AUX port at 0x60,0x64 irq 12
[    0.646564] mousedev: PS/2 mouse device common for all mice
[    0.648485] input: AT Translated Set 2 keyboard as /devices/platform/i8042/serio0/input/input2
[    0.650863] rtc_cmos rtc_cmos: rtc core: registered rtc_cmos as rtc0
[    0.652561] rtc_cmos rtc_cmos: alarms up to one day, 114 bytes nvram
[    0.654281] i2c /dev entries driver
[    0.655227] device-mapper: uevent: version 1.0.3
[    0.656377] device-mapper: ioctl: 4.37.0-ioctl (2017-09-20) initialised: dm-devel@redhat.com
[    0.658658] ledtrig-cpu: registered to indicate activity on CPUs
[    0.660410] NET: Registered protocol family 10
[    0.664322] Segment Routing with IPv6
[    0.665373] NET: Registered protocol family 17
[    0.666420] Key type dns_resolver registered
[    0.667414] mce: Using 0 MCE banks
[    0.668199] RAS: Correctable Errors collector initialized.
[    0.669623] sched_clock: Marking stable (668185460, 0)->(881534583, -213349123)
[    0.672132] registered taskstats version 1
[    0.673648] Loading compiled-in X.509 certificates
[    0.678709] Loaded X.509 cert 'Build time autogenerated kernel key: ffc9dd3886e7b6bb89620497cc57c4262b59bc54'
[    0.681563] Loaded X.509 cert 'Canonical Ltd. Live Patch Signing: 14df34d1a87cf37625abec039ef2bf521249b969'
[    0.684882] Loaded X.509 cert 'Canonical Ltd. Kernel Module Signing: 88f752e560a1e0737e31163a466ad7b70a850c19'
[    0.687758] blacklist: Loading compiled-in revocation X.509 certificates
[    0.689467] Loaded X.509 cert 'Canonical Ltd. Secure Boot Signing: 61482aa2830d0ab2ad5af10b7250da9033ddcef0'
[    0.692242] zswap: loaded using pool lzo/zbud
[    0.695914] Key type big_key registered
[    0.697123] Key type trusted registered
[    0.699356] Key type encrypted registered
[    0.700916] AppArmor: AppArmor sha1 policy hashing enabled
[    0.702566] ima: No TPM chip found, activating TPM-bypass! (rc=-19)
[    0.704413] ima: Allocated hash algorithm: sha1
[    0.705640] evm: HMAC attrs: 0x1
[    0.706751]   Magic number: 14:992:643
[    0.708027] rtc_cmos rtc_cmos: setting system clock to 2022-11-21 17:37:35 UTC (1669052255)
[    0.710548] BIOS EDD facility v0.16 2004-Jun-25, 0 devices found
[    0.712323] EDD information not available.
[    0.825977] Freeing unused kernel image memory: 2472K
[    1.393774] Write protecting the kernel read-only data: 20480k
[    1.399558] Freeing unused kernel image memory: 2008K
[    1.401617] Freeing unused kernel image memory: 1824K
[    1.409928] x86/mm: Checked W+X mappings: passed, no W+X pages found.
[    1.412006] x86/mm: Checking user space page tables
[    1.420103] x86/mm: Checked W+X mappings: passed, no W+X pages found.
Loading, please wait...
starting version 237
[    1.482097] Fusion MPT base driver 3.04.20
[    1.483488] Copyright (c) 1999-2008 LSI Corporation
[    1.487643] e1000: Intel(R) PRO/1000 Network Driver - version 7.3.21-k8-NAPI
[    1.489893] e1000: Copyright (c) 1999-2006 Intel Corporation.
[    1.497473] Fusion MPT SPI Host driver 3.04.20
[    1.501893] AVX2 version of gcm_enc/dec engaged.
[    1.503368] AES CTR mode by8 optimization enabled
[    1.689861] input: ImExPS/2 Generic Explorer Mouse as /devices/platform/i8042/serio1/input/input4
[    2.428157] e1000 0000:00:03.0 eth0: (PCI:33MHz:32-bit) 02:a6:12:9f:2a:1a
[    2.429813] e1000 0000:00:03.0 eth0: Intel(R) PRO/1000 Network Connection
[    2.432301] mptbase: ioc0: Initiating bringup
[    2.433979] e1000 0000:00:03.0 enp0s3: renamed from eth0
[    4.412750] ioc0: LSI53C1030 A0: Capabilities={Initiator}
[    7.529908] scsi host2: ioc0: LSI53C1030 A0, FwRev=00000000h, Ports=1, MaxQ=256, IRQ=20
[    9.573505] scsi 2:0:0:0: Direct-Access     VBOX     HARDDISK         1.0  PQ: 0 ANSI: 5
[    9.608084] scsi target2:0:0: Beginning Domain Validation
[    9.612612] scsi target2:0:0: Domain Validation skipping write tests
[    9.616050] scsi target2:0:0: Ending Domain Validation
[    9.619287] scsi target2:0:0: asynchronous
[    9.622598] scsi 2:0:1:0: Direct-Access     VBOX     HARDDISK         1.0  PQ: 0 ANSI: 5
[    9.656150] scsi target2:0:1: Beginning Domain Validation
[    9.667712] scsi target2:0:1: Domain Validation skipping write tests
[    9.675954] scsi target2:0:1: Ending Domain Validation
[    9.682900] scsi target2:0:1: asynchronous
[    9.697816] sd 2:0:0:0: Attached scsi generic sg0 type 0
[    9.698193] sd 2:0:0:0: [sda] 83886080 512-byte logical blocks: (42.9 GB/40.0 GiB)
[    9.700667] sd 2:0:1:0: Attached scsi generic sg1 type 0
[    9.702820] sd 2:0:0:0: [sda] Write Protect is off
[    9.706547] sd 2:0:0:0: [sda] Incomplete mode parameter data
[    9.706590] sd 2:0:1:0: [sdb] 20480 512-byte logical blocks: (10.5 MB/10.0 MiB)
[    9.708031] sd 2:0:0:0: [sda] Assuming drive cache: write through
[    9.711860] sd 2:0:1:0: [sdb] Write Protect is off
[    9.712521]  sda: sda1
[    9.714073] sd 2:0:1:0: [sdb] Incomplete mode parameter data
[    9.714449] sd 2:0:0:0: [sda] Attached SCSI disk
[    9.716074] sd 2:0:1:0: [sdb] Assuming drive cache: write through
[    9.720187] sd 2:0:1:0: [sdb] Attached SCSI disk
Begin: Loading essential drivers ... [   11.224572] raid6: sse2x1   gen() 18478 MB/s
[   11.283682] raid6: sse2x1   xor() 13522 MB/s
[   11.333042] raid6: sse2x2   gen() 18637 MB/s
[   11.387691] raid6: sse2x2   xor() 14447 MB/s
[   11.451666] raid6: sse2x4   gen() 28544 MB/s
[   11.501387] raid6: sse2x4   xor() 13440 MB/s
[   11.559716] raid6: avx2x1   gen() 37329 MB/s
[   11.611825] raid6: avx2x1   xor() 21861 MB/s
[   11.660029] raid6: avx2x2   gen() 34151 MB/s
[   11.711661] raid6: avx2x2   xor() 24357 MB/s
[   11.767743] raid6: avx2x4   gen() 48783 MB/s
[   11.823742] raid6: avx2x4   xor() 30004 MB/s
[   11.825179] raid6: using algorithm avx2x4 gen() 48783 MB/s
[   11.826742] raid6: .... xor() 30004 MB/s, rmw enabled
[   11.828224] raid6: using avx2x2 recovery algorithm
[   11.830448] xor: automatically using best checksumming function   avx       
[   11.832995] async_tx: api initialized (async)
done.
Begin: Running /scripts/init-premount ... done.
Begin: Mounting root file system ... Begin: Running /scripts/local-top ... done.
Begin: Running /scripts/local-premount ... [   11.869691] Btrfs loaded, crc32c=crc32c-intel
Scanning for Btrfs filesystems
done.
Warning: fsck not present, so skipping root file system
[   11.891420] EXT4-fs (sda1): mounted filesystem with ordered data mode. Opts: (null)
done.
Begin: Running /scripts/local-bottom ... done.
Begin: Running /scripts/init-bottom ... done.
[   12.031817] ip_tables: (C) 2000-2006 Netfilter Core Team
[   12.043633] systemd[1]: systemd 237 running in system mode. (+PAM +AUDIT +SELINUX +IMA +APPARMOR +SMACK +SYSVINIT +UTMP +LIBCRYPTSETUP +GCRYPT +GNUTLS +ACL +XZ +LZ4 +SECCOMP +BLKID +ELFUTILS +KMOD -IDN2 +IDN -PCRE2 default-hierarchy=hybrid)
[   12.054545] systemd[1]: Detected virtualization oracle.
[   12.057732] systemd[1]: Detected architecture x86-64.

Welcome to [1mUbuntu 18.04.6 LTS[0m!

[   12.066182] systemd[1]: Set hostname to <ubuntu>.
[   12.071226] systemd[1]: Initializing machine ID from random generator.
[   12.072886] systemd[1]: Installed transient /etc/machine-id file.
[   12.319462] systemd[1]: Started Forward Password Requests to Wall Directory Watch.
[[0;32m  OK  [0m] Started Forward Password Requests to Wall Directory Watch.
[   12.323262] systemd[1]: Reached target Swap.
[[0;32m  OK  [0m] Reached target Swap.
[   12.326101] systemd[1]: Created slice User and Session Slice.
[[0;32m  OK  [0m] Created slice User and Session Slice.
[   12.328499] systemd[1]: Reached target User and Group Name Lookups.
[[0;32m  OK  [0m] Reached target User and Group Name Lookups.
[[0;32m  OK  [0m] Set up automount Arbitrary Executabâ€¦rmats File System Automount Point.
[[0;32m  OK  [0m] Created slice System Slice.
[[0;32m  OK  [0m] Listening on Journal Audit Socket.
[[0;32m  OK  [0m] Listening on Network Service Netlink Socket.
[[0;32m  OK  [0m] Listening on udev Kernel Socket.
[[0;32m  OK  [0m] Listening on /dev/initctl Compatibility Named Pipe.
[[0;32m  OK  [0m] Listening on LVM2 poll daemon socket.
[[0;32m  OK  [0m] Listening on LVM2 metadata daemon socket.
[[0;32m  OK  [0m] Listening on Syslog Socket.
[[0;32m  OK  [0m] Listening on fsck to fsckd communication Socket.
[[0;32m  OK  [0m] Created slice system-serial\x2dgetty.slice.
[[0;32m  OK  [0m] Reached target System Time Synchronized.
[[0;32m  OK  [0m] Listening on udev Control Socket.
[[0;32m  OK  [0m] Reached target Slices.
[[0;32m  OK  [0m] Listening on Device-mapper event daemon FIFOs.
[[0;32m  OK  [0m] Listening on Journal Socket.
         Starting Uncomplicated firewall...
         Starting udev Coldplug all Devices...
         Starting Monitoring of LVM2 mirrorsâ€¦ng dmeventd or progress polling...
         Starting File System Check on Root Device...
         Starting Set the console keyboard layout...
         Starting Load Kernel Modules...
         Mounting POSIX Message Queue File System...
[   15.501368] Loading iSCSI transport class v2.0-870.
[   15.506750] iscsi: registered transport (tcp)
         Mounting Kernel Debug File System...
[[0;32m  OK  [0m] Listening on Journal Socket (/dev/log).
         Starting Journal Service...
         Starting Create list of required stâ€¦ce nodes for the current kernel...
         Mounting Huge Pages File System...
[[0;32m  OK  [0m] Started Uncomplicated firewall.
[[0;32m  OK  [0m] Started File[   15.584372] iscsi: registered transport (iser)
 System Check on Root Device.
[[0;32m  OK  [0m] Started Journal Service.
[[0;32m  OK  [0m] Started Load Kernel Modules.
[[0;32m  OK  [0m] Mounted POSIX Message Queue File System.
[[0;32m  OK  [0m] Mounted Kernel Debug File System.
[[0;32m  OK  [0m] Started Create list of required staâ€¦vice nodes for the current kernel.
[[0;32m  OK  [0m] Mounted Huge Pages File System.
[[0;32m  OK  [0m] Started udev Coldplug all Devices.
[[0;32m  OK  [0m] Started File System Check Daemon to report status.
         Starting Create Static Device Nodes in /dev...
         Starting Apply Kernel Variables...
         Mounting FUSE Control File System...
         Mounting Kernel Configuration File System...
         Starting Remount Root and Kernel File Systems...
[[0;32m  OK  [0m] Started LVM2 metadata daemon.
[[0;32m  OK  [0m] Mounted FUSE Control File System.
[[0;32m  OK  [0m] Mounted Kernel Configuration File System.
[[0;32m  OK  [0m] Started Create Static Device Nodes in /dev.
[[0;32m  OK  [0m] Started Apply Kernel Variables.
[[0;32m  OK  [0m] Started Remount Root and Kernel File Systems.
[[0;32m  OK  [0m] Started Monitoring of LVM2 mirrors,â€¦sing dmeventd or progress polling.
         Starting Load/Save Random Seed...
         Starting Flush Journal to Persistent Storage...
         Starting udev Kernel Device Manager...
[[0;32m  OK  [0m] Started udev Kernel Device Manager.
[[0;32m  OK  [0m] Started Load/Save Random Seed.
[[0;32m  OK  [0m] Started Flush Journal to Persistent Storage.
[[0;32m  OK  [0m] Found device /dev/ttyS0.
[[0;32m  OK  [0m] Listening on Load/Save RF Kill Switch Status /dev/rfkill Watch.
         Mounting Arbitrary Executable File Formats File System...
[[0;32m  OK  [0m] Mounted Arbitrary Executable File Formats File System.
[[0;32m  OK  [0m] Started Set the console keyboard layout.
[[0;32m  OK  [0m] Reached target Local File Systems (Pre).
[[0;32m  OK  [0m] Reached target Local File Systems.
         Starting Create Volatile Files and Directories...
         Starting Set console font and keymap...
         Starting AppArmor initialization...
         Starting Commit a transient machine-id on disk...
         Starting Tell Plymouth To Write Out Runtime Data...
         Starting ebtables ruleset management...
[[0;32m  OK  [0m] Started Dispatch Password Requests to Console Directory Watch.
[[0;32m  OK  [0m] Reached target Local Encrypted Volumes.
[[0;32m  OK  [0m] Started Create Volatile Files and Directories.
         Starting Update UTMP about System Boot/Shutdown...
[[0;32m  OK  [0m] Started Tell Plymouth To Write Out Runtime Data.
[[0;32m  OK  [0m] Started Update UTMP about System Boot/Shutdown.
[[0;32m  OK  [0m] Started Commit a transient machine-id on disk.
[[0;32m  OK  [0m] Started ebtables ruleset management.
[[0;32m  OK  [0m] Started Set console font and keymap.
[[0;32m  OK  [0m] Started AppArmor initialization.
         Starting Initial cloud-init job (pre-networking)...
         Starting Load AppArmor profiles managed internally by snapd...
[[0;32m  OK  [0m] Started Load AppArmor profiles managed internally by snapd.
[   19.249650] cloud-init[900]: Cloud-init v. 22.3.4-0ubuntu1~18.04.1 running 'init-local' at Mon, 21 Nov 2022 17:37:53 +0000. Up 18.87 seconds.
[[0;32m  OK  [0m] Started Initial cloud-init job (pre-networking).
[[0;32m  OK  [0m] Reached target Network (Pre).
         Starting Network Service...
[[0;32m  OK  [0m] Started Network Service.
         Starting Network Name Resolution...
         Starting Wait for Network to be Configured...
[[0;32m  OK  [0m] Started Network Name Resolution.
[[0;32m  OK  [0m] Reached target Network.
[[0;32m  OK  [0m] Reached target Host and Network Name Lookups.
[[0;32m  OK  [0m] Started Wait for Network to be Configured.
         Starting Initial cloud-init job (metadata service crawler)...
[   21.050048] cloud-init[1039]: Cloud-init v. 22.3.4-0ubuntu1~18.04.1 running 'init' at Mon, 21 Nov 2022 17:37:55 +0000. Up 20.88 seconds.
[   21.064179] cloud-init[1039]: ci-info: ++++++++++++++++++++++++++++++++++++++Net device info++++++++++++++++++++++++++++++++++++++
[   21.076138] cloud-init[1039]: ci-info: +--------+------+----------------------------+---------------+--------+-------------------+
[   21.078061] cloud-init[1039]: ci-info: | Device |  Up  |          Address           |      Mask     | Scope  |     Hw-Address    |
[   21.080282] cloud-init[1039]: ci-info: +--------+------+----------------------------+---------------+--------+-------------------+
[   21.092135] cloud-init[1039]: ci-info: | enp0s3 | True |         10.0.2.15          | 255.255.255.0 | global | 02:a6:12:9f:2a:1a |
[   21.094406] cloud-init[1039]: ci-info: | enp0s3 | True | fe80::a6:12ff:fe9f:2a1a/64 |       .       |  link  | 02:a6:12:9f:2a:1a |
[   21.096378] cloud-init[1039]: ci-info: |   lo   | True |         127.0.0.1          |   255.0.0.0   |  host  |         .         |
[   21.108214] cloud-init[1039]: ci-info: |   lo   | True |          ::1/128           |       .       |  host  |         .         |
[   21.109451] cloud-init[1039]: ci-info: +--------+------+----------------------------+---------------+--------+-------------------+
[   21.111656] cloud-init[1039]: ci-info: ++++++++++++++++++++++++++++Route IPv4 info+++++++++++++++++++++++++++++
[   21.113827] cloud-init[1039]: ci-info: +-------+-------------+----------+-----------------+-----------+-------+
[   21.115536] cloud-init[1039]: ci-info: | Route | Destination | Gateway  |     Genmask     | Interface | Flags |
[   21.132153] cloud-init[1039]: ci-info: +-------+-------------+----------+-----------------+-----------+-------+
[   21.148182] cloud-init[1039]: ci-info: |   0   |   0.0.0.0   | 10.0.2.2 |     0.0.0.0     |   enp0s3  |   UG  |
[   21.160297] cloud-init[1039]: ci-info: |   1   |   10.0.2.0  | 0.0.0.0  |  255.255.255.0  |   enp0s3  |   U   |
[   21.161874] cloud-init[1039]: ci-info: |   2   |   10.0.2.2  | 0.0.0.0  | 255.255.255.255 |   enp0s3  |   UH  |
[   21.163345] cloud-init[1039]: ci-info: +-------+-------------+----------+-----------------+-----------+-------+
[   21.164672] cloud-init[1039]: ci-info: +++++++++++++++++++Route IPv6 info+++++++++++++++++++
[   21.165772] cloud-init[1039]: ci-info: +-------+-------------+---------+-----------+-------+
[   21.180222] cloud-init[1039]: ci-info: | Route | Destination | Gateway | Interface | Flags |
[   21.181533] cloud-init[1039]: ci-info: +-------+-------------+---------+-----------+-------+
[   21.183200] cloud-init[1039]: ci-info: |   1   |  fe80::/64  |    ::   |   enp0s3  |   U   |
[   21.196200] cloud-init[1039]: ci-info: |   3   |    local    |    ::   |   enp0s3  |   U   |
[   21.197325] cloud-init[1039]: ci-info: |   4   |   ff00::/8  |    ::   |   enp0s3  |   U   |
[   21.198521] cloud-init[1039]: ci-info: +-------+-------------+---------+-----------+-------+
[   21.679995] cloud-init[1039]: Generating public/private rsa key pair.
[   21.681188] cloud-init[1039]: Your identification has been saved in /etc/ssh/ssh_host_rsa_key.
[   21.682481] cloud-init[1039]: Your public key has been saved in /etc/ssh/ssh_host_rsa_key.pub.
[   21.683760] cloud-init[1039]: The key fingerprint is:
[   21.684597] cloud-init[1039]: SHA256:wAP787yEtNfJuuI8jhUxkG+UNAImuw1F8rRGuZKO4Dw root@ubuntu-bionic
[   21.696262] cloud-init[1039]: The key's randomart image is:
[   21.697550] cloud-init[1039]: +---[RSA 2048]----+
[   21.698395] cloud-init[1039]: |o.Bo+oo.         |
[   21.699158] cloud-init[1039]: | X...*o.         |
[   21.699981] cloud-init[1039]: |o.+..o*          |
[   21.700916] cloud-init[1039]: |+=.  .o=         |
[   21.701741] cloud-init[1039]: |B..  .= S        |
[   21.702663] cloud-init[1039]: |.E   . B o .     |
[   21.703658] cloud-init[1039]: |  .   + = +      |
[   21.704553] cloud-init[1039]: |     +oo o       |
[   21.705857] cloud-init[1039]: |    .o+o+.       |
[   21.706756] cloud-init[1039]: +----[SHA256]-----+
[   21.707620] cloud-init[1039]: Generating public/private dsa key pair.
[   21.708699] cloud-init[1039]: Your identification has been saved in /etc/ssh/ssh_host_dsa_key.
[   21.720237] cloud-init[1039]: Your public key has been saved in /etc/ssh/ssh_host_dsa_key.pub.
[   21.721973] cloud-init[1039]: The key fingerprint is:
[   21.722862] cloud-init[1039]: SHA256:IymC9pkymYVBB4RjrRJiuNAX4HGpWvTgITg5F3GcVRI root@ubuntu-bionic
[[0;32m  OK  [0m] Started Initial cloud-init job (metadata service crawler).
[[0;32m  OK  [0m] Reached target Cloud-config availability.
[[0;32m  OK  [0m] Reached target Network is Online.
[   21.742359] cloud-init[1039]: The key's randomart image is:
[   21.766483] cloud-init[1039]: +---[DSA 1024]----+
         [   21.770679] Starting Availability of block devices...cloud-init
[1039]: |=*B*+=Eo.        |
[   21.772172] cloud-init[1039]: |#+B==  .         |
[[0;32m  OK  [0m] Reached target Remote File Systems (Pre).
[   21.772238] cloud-init[1039]: |=%o*             |
[[   21.774517] cloud-init[1039]: |oo* .  .         |
[   21.774575] cloud-init[1039]: [0;32m  OK  [0m|o=... o S        |
] Reached target Remote File Systems.
[   21.774613] cloud-init[1039]: |o =.o. . .       |
[[0;32m  OK  [0m[   21.777759] ] cloud-initReached target System Initialization.[1039]: 
| = +             |
         [   21.792198] cloud-init[1039]: |  o              |
Starting Socket activation for snappy daemon.
[   21.792339] cloud-init[1039]: |                 |
[[0;32m  OK  [0m] [   21.794515] Started Discard unused blocks once a week.
cloud-init[1039]: +----[SHA256]-----+
[[   21.796164] cloud-init[1039]: Generating public/private ecdsa key pair.
[0;32m  OK  [0m] Started Ubuntu Advantage Timer for running repeated jobs.
[   21.796311] cloud-init[1039]: Your identification has been saved in /etc/ssh/ssh_host_ecdsa_key.
[[   21.799350] cloud-init[1039]: Your public key has been saved in /etc/ssh/ssh_host_ecdsa_key.pub.
[0;32m  OK  [0m] Listening on cloud-init hotplug hook socket.
[   21.799453] cloud-init[1039]: The key fingerprint is:
[[   21.802492] cloud-init[1039]: SHA256:L/1dgFORfgPDDCEaUvv+IbkxVqtt/0d5hsiN/iWe50g root@ubuntu-bionic
[0;32m  OK  [0m] Started Daily Cleanup of Temporary Directories.
[   21.802559] cloud-init[1039]: The key's randomart image is:
[   21.817094] cloud-init[1039]: +---[ECDSA 256]---+
[   21.817815] cloud-init[1039]: |     ..o . o= .. |
         [   21.819928] Starting LXD - unix socket.cloud-init
[1039]: |      . + .  =.. |
[[   21.832151] cloud-init[1039]: |       o     .+  |
[   21.832238] cloud-init[1039]: |        .    o...|
[0;32m  OK  [0m] Listening on Open-iSCSI iscsid Socket.
[   21.832307] cloud-init[1039]: |        S. oo+.oo|
[[0;32m  OK  [0m] Listening on UUID daemon activation socket.
[   21.856173] cloud-init[1039]: |        .oo =.oo+|
[[0;32m  OK  [0m[   21.869234] ] cloud-initListening on D-Bus System Message Bus Socket.[1039]: 
|        .Bo+  Eo+|
[[   21.870901] cloud-init[1039]: |        ..Ooo+ *o|
[0;32m  OK  [0m] Started Message of the Day.
[   21.871012] cloud-init[1039]: |         o.oooB+o|
[[   21.900128] cloud-init[1039]: +----[SHA256]-----+
[   21.900196] cloud-init[1039]: Generating public/private ed25519 key pair.
[0;32m  OK  [0m] Started Daily apt download activities.
[   21.900233] cloud-init[1039]: Your identification has been saved in /etc/ssh/ssh_host_ed25519_key.
[[   21.916091] cloud-init[1039]: Your public key has been saved in /etc/ssh/ssh_host_ed25519_key.pub.
[0;32m  OK  [0m] Started Daily apt upgrade and clean activities.
[   21.916172] cloud-init[1039]: The key fingerprint is:
[[0;32m  OK  [0m[   21.928172] ] cloud-initReached target Timers.[1039]: 
SHA256:AAS6YkvNiKIwbYBAk/GqlI2cwISPP4pnkH28pqxbPOo root@ubuntu-bionic
[[0;32m  OK  [0m] Started ACPI Events Check.
[   21.930125] cloud-init[1039]: The key's randomart image is:
[[   21.931878] cloud-init[1039]: +--[ED25519 256]--+
[0;32m  OK  [0m] Reached target Paths.
[   21.931945] cloud-init[1039]: |+=+oo            |
[[0;32m  OK  [0m[   21.933968] ] cloud-initListening on ACPID Listen Socket.[1039]: 
|*oo  .           |
[[0;32m  OK  [0m[   21.944192] ] cloud-initStarted Availability of block devices.[1039]: 
|=+ .  .          |
[[   21.945647] cloud-init[1039]: |=+@    .         |
[   21.945721] cloud-init[1039]: |B#o=    S        |
[0;32m  OK  [0m] Listening on Socket activation for snappy daemon.
[   21.945769] cloud-init[1039]: |%+= o            |
[[   21.948730] cloud-init[1039]: |+++o .           |
[0;32m  OK  [0m] Listening on LXD - unix socket.
[   21.948810] cloud-init[1039]: |o+o.o            |
[[0;32m  OK  [0m] Reached target Sockets.
[   21.951387] cloud-init[1039]: |=Eoo             |
[[0;32m  OK  [0m] Reached target Basic System.
[   21.964273] cloud-init[1039]: +----[SHA256]-----+
         Starting Permit User Sessions...
         Starting Pollinate to seed the pseudo random number generator...
[[0;32m  OK  [0m] Started Deferred execution scheduler.
         Starting LXD - container startup/shutdown...
         Starting System Logging Service...
[[0;32m  OK  [0m] Started FUSE filesystem for LXC.
[[0;32m  OK  [0m] Started irqbalance daemon.
         Starting Accounts Service...
         Starting Login Service...
[[0;32m  OK  [0m] Started D-Bus System Message Bus.
[[0;32m  OK  [0m] Reached target Login Prompts (Pre).
[[0;32m  OK  [0m] Started Regular background program processing daemon.
         Starting LSB: automatic crash report generation...
         Starting Dispatcher daemon for systemd-networkd...
         Starting LSB: Record successful boot for GRUB...
         Starting Virtualbox guest utils...
         Starting Snap Daemon...
[[0;32m  OK  [0m] Started System Logging Service.
[[0;32m  OK  [0m] Started Permit User Sessions.
[[0;32m  OK  [0m] Started LXD - container startup/shutdown.
[[0;32m  OK  [0m] Started Login Service.
         Starting Authorization Manager...
[[0;32m  OK  [0m] Started Unattended Upgrades Shutdown.
         Starting Hold until boot process finishes up...
         Starting Terminate Plymouth Boot Screen...
[[0;32m  OK  [0m] Started LSB: automatic crash report generation.
[[0;32m  OK  [0m] Started Hold until boot process finishes up.
[[0;32m  OK  [0m] Started Terminate Plymouth Boot Screen.
[[0;32m  OK  [0m] Started Serial Getty on ttyS0.
         Starting Set console scheme...
[[0;32m  OK  [0m] Started Set console scheme.
[[0;32m  OK  [0m] Started LSB: Record successful boot for GRUB.
[[0;32m  OK  [0m] Created slice system-getty.slice.
[[0;32m  OK  [0m] Started Getty on tty1.
[[0;32m  OK  [0m] Reached target Login Prompts.
[[0;32m  OK  [0m] Started Authorization Manager.
[[0;32m  OK  [0m] Started Accounts Service.
[[0;32m  OK  [0m] Started Virtualbox guest utils.
[[0;32m  OK  [0m] Started Dispatcher daemon for systemd-networkd.
[[0;32m  OK  [0m] Started Pollinate to seed the pseudo random number generator.
         Starting OpenBSD Secure Shell server...
[[0;32m  OK  [0m] Started OpenBSD Secure Shell server.
[[0;32m  OK  [0m] Started Snap Daemon.
         Starting Wait until snapd is fully seeded...
         Starting Time & Date Service...
[[0;32m  OK  [0m] Started Time & Date Service.
[[0;32m  OK  [0m] Created slice User Slice of vagrant.
         Starting User Manager for UID 1000...
[[0;32m  OK  [0m] Started Session 1 of user vagrant.
[[0;32m  OK  [0m] Started User Manager for UID 1000.
[[0;32m  OK  [0m] Started Wait until snapd is fully seeded.
         Starting Apply the settings specified in cloud-config...
[   24.983466] cloud-init[1794]: Cloud-init v. 22.3.4-0ubuntu1~18.04.1 running 'modules:config' at Mon, 21 Nov 2022 17:37:59 +0000. Up 24.55 seconds.
[[0;32m  OK  [0m] Started Apply the settings specified in cloud-config.
[[0;32m  OK  [0m] Reached target Multi-User System.
[[0;32m  OK  [0m] Reached target Graphical Interface.
         Starting Execute cloud user/final scripts...
         Starting Update UTMP about System Runlevel Changes...
[[0;32m  OK  [0m] Started Update UTMP about System Runlevel Changes.
ci-info: no authorized SSH keys fingerprints found for user ubuntu.
<14>Nov 21 17:38:00 cloud-init: #############################################################
<14>Nov 21 17:38:00 cloud-init: -----BEGIN SSH HOST KEY FINGERPRINTS-----
<14>Nov 21 17:38:00 cloud-init: 1024 SHA256:IymC9pkymYVBB4RjrRJiuNAX4HGpWvTgITg5F3GcVRI root@ubuntu-bionic (DSA)
<14>Nov 21 17:38:00 cloud-init: 256 SHA256:L/1dgFORfgPDDCEaUvv+IbkxVqtt/0d5hsiN/iWe50g root@ubuntu-bionic (ECDSA)
<14>Nov 21 17:38:00 cloud-init: 256 SHA256:AAS6YkvNiKIwbYBAk/GqlI2cwISPP4pnkH28pqxbPOo root@ubuntu-bionic (ED25519)
<14>Nov 21 17:38:00 cloud-init: 2048 SHA256:wAP787yEtNfJuuI8jhUxkG+UNAImuw1F8rRGuZKO4Dw root@ubuntu-bionic (RSA)
<14>Nov 21 17:38:00 cloud-init: -----END SSH HOST KEY FINGERPRINTS-----
<14>Nov 21 17:38:00 cloud-init: #############################################################
-----BEGIN SSH HOST KEY KEYS-----
ecdsa-sha2-nistp256 AAAAE2VjZHNhLXNoYTItbmlzdHAyNTYAAAAIbmlzdHAyNTYAAABBBI43sRgEPUMM7ZeP51uN67L6F9gOxx55BQfizivlkxxoM8Tz/uaIEuSCNuQHQfIf4svw3Wu/4lMg80n09tIEBNI= root@ubuntu-bionic
ssh-ed25519 AAAAC3NzaC1lZDI1NTE5AAAAIFNQgrUIJXKAdVQc+FWEfASHqfr7sxhqknDIyfUVYQU+ root@ubuntu-bionic
ssh-rsa AAAAB3NzaC1yc2EAAAADAQABAAABAQDCeKgYh+0U6rtoLFaC0YanuvFSmRd3zMeYoozAZlNL2Kn8q3pRkoINfFDP5GsWH6a0xNYfGugax7VQ3sdcvJma3EvI7A25KG6cjl3h/XgThDAUh4IAMy9+AXyv76HLdHcGglLEiiZ2slM1Kn9F1WnNBfp0HbjEcfzJMI59oupwgmFMSzc9aeMbI2GHYCFbuVy50yJsqlbQDnFLyZrmP3e8OhFcMLv88A/y0DHS8z608hn5SNTfQyTSOLR7/AJ5m4Jv1Iguh+rY9r1GfrnK+1SpCIOS18FMbNz8ZfF/2S1Lp7Ohaze56rUhyzMNPGtK4a5TklszKpQAq0/ZlofyW/0D root@ubuntu-bionic
-----END SSH HOST KEY KEYS-----
[   25.708443] cloud-init[1888]: Cloud-init v. 22.3.4-0ubuntu1~18.04.1 running 'modules:final' at Mon, 21 Nov 2022 17:38:00 +0000. Up 25.51 seconds.
[   25.710624] cloud-init[1888]: Cloud-init v. 22.3.4-0ubuntu1~18.04.1 finished at Mon, 21 Nov 2022 17:38:00 +0000. Datasource DataSourceNoCloud [seed=/dev/sdb][dsmode=net].  Up 25.70 seconds
[[0;32m  OK  [0m] Started Execute cloud user/final scripts.
[[0;32m  OK  [0m] Reached target Cloud-init target.

Ubuntu 18.04.6 LTS ubuntu-bionic ttyS0

ubuntu-bionic login: 