[    0.000000] Linux version 4.15.0-200-generic (buildd@lcy02-amd64-069) (gcc version 7.5.0 (Ubuntu 7.5.0-3ubuntu1~18.04)) #211-Ubuntu SMP Thu Nov 24 18:16:04 UTC 2022 (Ubuntu 4.15.0-200.211-generic 4.15.18)
[    0.000000] Command line: BOOT_IMAGE=/boot/vmlinuz-4.15.0-200-generic root=LABEL=cloudimg-rootfs ro console=tty1 console=ttyS0
[    0.000000] KERNEL supported cpus:
[    0.000000]   Intel GenuineIntel
[    0.000000]   AMD AuthenticAMD
[    0.000000]   Centaur CentaurHauls
[    0.000000] x86/fpu: Supporting XSAVE feature 0x001: 'x87 floating point registers'
[    0.000000] x86/fpu: Supporting XSAVE feature 0x002: 'SSE registers'
[    0.000000] x86/fpu: Supporting XSAVE feature 0x004: 'AVX registers'
[    0.000000] x86/fpu: xstate_offset[2]:  576, xstate_sizes[2]:  256
[    0.000000] x86/fpu: Enabled xstate features 0x7, context size is 832 bytes, using 'standard' format.
[    0.000000] e820: BIOS-provided physical RAM map:
[    0.000000] BIOS-e820: [mem 0x0000000000000000-0x000000000009fbff] usable
[    0.000000] BIOS-e820: [mem 0x000000000009fc00-0x000000000009ffff] reserved
[    0.000000] BIOS-e820: [mem 0x00000000000f0000-0x00000000000fffff] reserved
[    0.000000] BIOS-e820: [mem 0x0000000000100000-0x000000003ffeffff] usable
[    0.000000] BIOS-e820: [mem 0x000000003fff0000-0x000000003fffffff] ACPI data
[    0.000000] BIOS-e820: [mem 0x00000000fec00000-0x00000000fec00fff] reserved
[    0.000000] BIOS-e820: [mem 0x00000000fee00000-0x00000000fee00fff] reserved
[    0.000000] BIOS-e820: [mem 0x00000000fffc0000-0x00000000ffffffff] reserved
[    0.000000] NX (Execute Disable) protection: active
[    0.000000] SMBIOS 2.5 present.
[    0.000000] DMI: innotek GmbH VirtualBox/VirtualBox, BIOS VirtualBox 12/01/2006
[    0.000000] Hypervisor detected: KVM
[    0.000000] e820: last_pfn = 0x3fff0 max_arch_pfn = 0x400000000
[    0.000000] MTRR: Disabled
[    0.000000] x86/PAT: MTRRs disabled, skipping PAT initialization too.
[    0.000000] CPU MTRRs all blank - virtualized system.
[    0.000000] x86/PAT: Configuration [0-7]: WB  WT  UC- UC  WB  WT  UC- UC  
[    0.000000] found SMP MP-table at [mem 0x0009fff0-0x0009ffff]
[    0.000000] Scanning 1 areas for low memory corruption
[    0.000000] RAMDISK: [mem 0x359c9000-0x36cdbfff]
[    0.000000] ACPI: Early table checksum verification disabled
[    0.000000] ACPI: RSDP 0x00000000000E0000 000024 (v02 VBOX  )
[    0.000000] ACPI: XSDT 0x000000003FFF0030 00003C (v01 VBOX   VBOXXSDT 00000001 ASL  00000061)
[    0.000000] ACPI: FACP 0x000000003FFF00F0 0000F4 (v04 VBOX   VBOXFACP 00000001 ASL  00000061)
[    0.000000] ACPI: DSDT 0x000000003FFF0470 002325 (v02 VBOX   VBOXBIOS 00000002 INTL 20160527)
[    0.000000] ACPI: FACS 0x000000003FFF0200 000040
[    0.000000] ACPI: FACS 0x000000003FFF0200 000040
[    0.000000] ACPI: APIC 0x000000003FFF0240 00005C (v02 VBOX   VBOXAPIC 00000001 ASL  00000061)
[    0.000000] ACPI: SSDT 0x000000003FFF02A0 0001CC (v01 VBOX   VBOXCPUT 00000002 INTL 20160527)
[    0.000000] ACPI: Reserving FACP table memory at [mem 0x3fff00f0-0x3fff01e3]
[    0.000000] ACPI: Reserving DSDT table memory at [mem 0x3fff0470-0x3fff2794]
[    0.000000] ACPI: Reserving FACS table memory at [mem 0x3fff0200-0x3fff023f]
[    0.000000] ACPI: Reserving FACS table memory at [mem 0x3fff0200-0x3fff023f]
[    0.000000] ACPI: Reserving APIC table memory at [mem 0x3fff0240-0x3fff029b]
[    0.000000] ACPI: Reserving SSDT table memory at [mem 0x3fff02a0-0x3fff046b]
[    0.000000] No NUMA configuration found
[    0.000000] Faking a node at [mem 0x0000000000000000-0x000000003ffeffff]
[    0.000000] NODE_DATA(0) allocated [mem 0x3ffc5000-0x3ffeffff]
[    0.000000] kvm-clock: cpu 0, msr 0:3ff44001, primary cpu clock
[    0.000000] kvm-clock: Using msrs 4b564d01 and 4b564d00
[    0.000000] kvm-clock: using sched offset of 3329335790 cycles
[    0.000000] clocksource: kvm-clock: mask: 0xffffffffffffffff max_cycles: 0x1cd42e4dffb, max_idle_ns: 881590591483 ns
[    0.000000] Zone ranges:
[    0.000000]   DMA      [mem 0x0000000000001000-0x0000000000ffffff]
[    0.000000]   DMA32    [mem 0x0000000001000000-0x000000003ffeffff]
[    0.000000]   Normal   empty
[    0.000000]   Device   empty
[    0.000000] Movable zone start for each node
[    0.000000] Early memory node ranges
[    0.000000]   node   0: [mem 0x0000000000001000-0x000000000009efff]
[    0.000000]   node   0: [mem 0x0000000000100000-0x000000003ffeffff]
[    0.000000] Reserved but unavailable: 104 pages
[    0.000000] Initmem setup node 0 [mem 0x0000000000001000-0x000000003ffeffff]
[    0.000000] ACPI: PM-Timer IO Port: 0x4008
[    0.000000] IOAPIC[0]: apic_id 2, version 32, address 0xfec00000, GSI 0-23
[    0.000000] ACPI: INT_SRC_OVR (bus 0 bus_irq 0 global_irq 2 dfl dfl)
[    0.000000] ACPI: INT_SRC_OVR (bus 0 bus_irq 9 global_irq 9 low level)
[    0.000000] Using ACPI (MADT) for SMP configuration information
[    0.000000] smpboot: Allowing 2 CPUs, 0 hotplug CPUs
[    0.000000] PM: Registered nosave memory: [mem 0x00000000-0x00000fff]
[    0.000000] PM: Registered nosave memory: [mem 0x0009f000-0x0009ffff]
[    0.000000] PM: Registered nosave memory: [mem 0x000a0000-0x000effff]
[    0.000000] PM: Registered nosave memory: [mem 0x000f0000-0x000fffff]
[    0.000000] e820: [mem 0x40000000-0xfebfffff] available for PCI devices
[    0.000000] Booting paravirtualized kernel on KVM
[    0.000000] clocksource: refined-jiffies: mask: 0xffffffff max_cycles: 0xffffffff, max_idle_ns: 7645519600211568 ns
[    0.000000] setup_percpu: NR_CPUS:8192 nr_cpumask_bits:2 nr_cpu_ids:2 nr_node_ids:1
[    0.000000] percpu: Embedded 50 pages/cpu s167936 r8192 d28672 u1048576
[    0.000000] PV qspinlock hash table entries: 256 (order: 0, 4096 bytes)
[    0.000000] Built 1 zonelists, mobility grouping on.  Total pages: 257913
[    0.000000] Policy zone: DMA32
[    0.000000] Kernel command line: BOOT_IMAGE=/boot/vmlinuz-4.15.0-200-generic root=LABEL=cloudimg-rootfs ro console=tty1 console=ttyS0
[    0.000000] Memory: 982648K/1048120K available (12300K kernel code, 2477K rwdata, 4320K rodata, 2472K init, 2720K bss, 65472K reserved, 0K cma-reserved)
[    0.000000] SLUB: HWalign=64, Order=0-3, MinObjects=0, CPUs=2, Nodes=1
[    0.000000] Kernel/User page tables isolation: enabled
[    0.000000] ftrace: allocating 39478 entries in 155 pages
[    0.004000] Hierarchical RCU implementation.
[    0.004000] 	RCU restricting CPUs from NR_CPUS=8192 to nr_cpu_ids=2.
[    0.004000] 	Tasks RCU enabled.
[    0.004000] RCU: Adjusting geometry for rcu_fanout_leaf=16, nr_cpu_ids=2
[    0.004000] NR_IRQS: 524544, nr_irqs: 440, preallocated irqs: 16
[    0.004000] random: crng init done
[    0.004000] Console: colour VGA+ 80x25
[    0.004000] console [tty1] enabled
[    0.004000] console [ttyS0] enabled
[    0.004000] ACPI: Core revision 20170831
[    0.004000] ACPI: 2 ACPI AML tables successfully acquired and loaded
[    0.004000] APIC: Switch to symmetric I/O mode setup
[    0.004000] x2apic enabled
[    0.004000] Switched APIC routing to physical x2apic.
[    0.004000] ..TIMER: vector=0x30 apic1=0 pin1=2 apic2=-1 pin2=-1
[    0.004003] tsc: Detected 3192.036 MHz processor
[    0.004970] Calibrating delay loop (skipped) preset value.. 6384.07 BogoMIPS (lpj=12768144)
[    0.008002] pid_max: default: 32768 minimum: 301
[    0.009506] Security Framework initialized
[    0.012002] Yama: becoming mindful.
[    0.012940] AppArmor: AppArmor initialized
[    0.014607] Dentry cache hash table entries: 131072 (order: 8, 1048576 bytes)
[    0.016038] Inode-cache hash table entries: 65536 (order: 7, 524288 bytes)
[    0.017794] Mount-cache hash table entries: 2048 (order: 2, 16384 bytes)
[    0.020003] Mountpoint-cache hash table entries: 2048 (order: 2, 16384 bytes)
[    0.022083] Last level iTLB entries: 4KB 64, 2MB 8, 4MB 8
[    0.024001] Last level dTLB entries: 4KB 64, 2MB 0, 4MB 0, 1GB 4
[    0.025492] Spectre V1 : Mitigation: usercopy/swapgs barriers and __user pointer sanitization
[    0.027766] Spectre V2 : Mitigation: Retpolines
[    0.028001] Spectre V2 : Spectre v2 / SpectreRSB mitigation: Filling RSB on context switch
[    0.030270] Speculative Store Bypass: Vulnerable
[    0.032084] MDS: Mitigation: Clear CPU buffers
[    0.033326] MMIO Stale Data: Mitigation: Clear CPU buffers
[    0.034440] SRBDS: Unknown: Dependent on hypervisor status
[    0.036169] Freeing SMP alternatives memory: 36K
[    0.147296] smpboot: CPU0: Intel(R) Core(TM) i7-8700 CPU @ 3.20GHz (family: 0x6, model: 0x9e, stepping: 0xa)
[    0.148000] Performance Events: unsupported p6 CPU model 158 no PMU driver, software events only.
[    0.148025] Hierarchical SRCU implementation.
[    0.149617] NMI watchdog: Perf event create on CPU 0 failed with -2
[    0.151247] NMI watchdog: Perf NMI watchdog permanently disabled
[    0.152031] smp: Bringing up secondary CPUs ...
[    0.153197] x86: Booting SMP configuration:
[    0.154252] .... node  #0, CPUs:      #1
[    0.004000] kvm-clock: cpu 1, msr 0:3ff44041, secondary cpu clock
[    0.159831] smp: Brought up 1 node, 2 CPUs
[    0.160003] smpboot: Max logical packages: 1
[    0.161137] smpboot: Total of 2 processors activated (12768.14 BogoMIPS)
[    0.164037] devtmpfs: initialized
[    0.165122] x86/mm: Memory block size: 128MB
[    0.166504] evm: security.selinux
[    0.167557] evm: security.SMACK64
[    0.168003] evm: security.SMACK64EXEC
[    0.169017] evm: security.SMACK64TRANSMUTE
[    0.170103] evm: security.SMACK64MMAP
[    0.171123] evm: security.apparmor
[    0.172001] evm: security.ima
[    0.172895] evm: security.capability
[    0.173969] clocksource: jiffies: mask: 0xffffffff max_cycles: 0xffffffff, max_idle_ns: 7645041785100000 ns
[    0.176008] futex hash table entries: 512 (order: 3, 32768 bytes)
[    0.177771] pinctrl core: initialized pinctrl subsystem
[    0.180508] RTC time:  1:09:12, date: 12/05/22
[    0.181761] NET: Registered protocol family 16
[    0.182979] audit: initializing netlink subsys (disabled)
[    0.184017] audit: type=2000 audit(1670202557.607:1): state=initialized audit_enabled=0 res=1
[    0.186187] cpuidle: using governor ladder
[    0.188008] cpuidle: using governor menu
[    0.188881] ACPI: bus type PCI registered
[    0.189722] acpiphp: ACPI Hot Plug PCI Controller Driver version: 0.5
[    0.191204] PCI: Using configuration type 1 for base access
[    0.192845] HugeTLB registered 2.00 MiB page size, pre-allocated 0 pages
[    0.196032] ACPI: Added _OSI(Module Device)
[    0.197594] ACPI: Added _OSI(Processor Device)
[    0.199085] ACPI: Added _OSI(3.0 _SCP Extensions)
[    0.200002] ACPI: Added _OSI(Processor Aggregator Device)
[    0.201502] ACPI: Added _OSI(Linux-Dell-Video)
[    0.202752] ACPI: Added _OSI(Linux-Lenovo-NV-HDMI-Audio)
[    0.204001] ACPI: Added _OSI(Linux-HPI-Hybrid-Graphics)
[    0.205600] ACPI: Executed 1 blocks of module-level executable AML code
[    0.211019] ACPI: Interpreter enabled
[    0.212010] ACPI: (supports S0 S5)
[    0.213002] ACPI: Using IOAPIC for interrupt routing
[    0.214713] PCI: Using host bridge windows from ACPI; if necessary, use "pci=nocrs" and report a bug
[    0.216129] ACPI: Enabled 2 GPEs in block 00 to 07
[    0.223817] ACPI: PCI Root Bridge [PCI0] (domain 0000 [bus 00-ff])
[    0.224006] acpi PNP0A03:00: _OSC: OS supports [ASPM ClockPM Segments MSI]
[    0.228062] acpi PNP0A03:00: _OSC: not requesting OS control; OS requires [ExtendedConfig ASPM ClockPM MSI]
[    0.230955] acpi PNP0A03:00: fail to add MMCONFIG information, can't access extended PCI configuration space under this bridge.
[    0.232292] PCI host bridge to bus 0000:00
[    0.233452] pci_bus 0000:00: root bus resource [io  0x0000-0x0cf7 window]
[    0.236002] pci_bus 0000:00: root bus resource [io  0x0d00-0xffff window]
[    0.237904] pci_bus 0000:00: root bus resource [mem 0x000a0000-0x000bffff window]
[    0.240002] pci_bus 0000:00: root bus resource [mem 0x40000000-0xfdffffff window]
[    0.244002] pci_bus 0000:00: root bus resource [bus 00-ff]
[    0.246764] pci 0000:00:01.1: legacy IDE quirk: reg 0x10: [io  0x01f0-0x01f7]
[    0.248002] pci 0000:00:01.1: legacy IDE quirk: reg 0x14: [io  0x03f6]
[    0.249540] pci 0000:00:01.1: legacy IDE quirk: reg 0x18: [io  0x0170-0x0177]
[    0.252001] pci 0000:00:01.1: legacy IDE quirk: reg 0x1c: [io  0x0376]
[    0.263462] pci 0000:00:07.0: quirk: [io  0x4000-0x403f] claimed by PIIX4 ACPI
[    0.264010] pci 0000:00:07.0: quirk: [io  0x4100-0x410f] claimed by PIIX4 SMB
[    0.270634] ACPI: PCI Interrupt Link [LNKA] (IRQs 5 9 10 *11)
[    0.272284] ACPI: PCI Interrupt Link [LNKB] (IRQs 5 9 *10 11)
[    0.273878] ACPI: PCI Interrupt Link [LNKC] (IRQs 5 *9 10 11)
[    0.275502] ACPI: PCI Interrupt Link [LNKD] (IRQs 5 9 10 *11)
[    0.276278] SCSI subsystem initialized
[    0.277369] pci 0000:00:02.0: vgaarb: setting as boot VGA device
[    0.277543] pci 0000:00:02.0: vgaarb: VGA device added: decodes=io+mem,owns=io+mem,locks=none
[    0.280008] pci 0000:00:02.0: vgaarb: bridge control possible
[    0.281411] vgaarb: loaded
[    0.284020] ACPI: bus type USB registered
[    0.284932] usbcore: registered new interface driver usbfs
[    0.286082] usbcore: registered new interface driver hub
[    0.287210] usbcore: registered new device driver usb
[    0.288034] EDAC MC: Ver: 3.0.0
[    0.288890] PCI: Using ACPI for IRQ routing
[    0.289294] NetLabel: Initializing
[    0.290281] NetLabel:  domain hash size = 128
[    0.292005] NetLabel:  protocols = UNLABELED CIPSOv4 CALIPSO
[    0.293577] NetLabel:  unlabeled traffic allowed by default
[    0.296059] clocksource: Switched to clocksource kvm-clock
[    0.305805] VFS: Disk quotas dquot_6.6.0
[    0.307064] VFS: Dquot-cache hash table entries: 512 (order 0, 4096 bytes)
[    0.309096] AppArmor: AppArmor Filesystem Enabled
[    0.310401] pnp: PnP ACPI init
[    0.312061] pnp: PnP ACPI: found 3 devices
[    0.320173] clocksource: acpi_pm: mask: 0xffffff max_cycles: 0xffffff, max_idle_ns: 2085701024 ns
[    0.322581] NET: Registered protocol family 2
[    0.323866] IP idents hash table entries: 16384 (order: 5, 131072 bytes)
[    0.326406] TCP established hash table entries: 8192 (order: 4, 65536 bytes)
[    0.328592] TCP bind hash table entries: 8192 (order: 5, 131072 bytes)
[    0.330465] TCP: Hash tables configured (established 8192 bind 8192)
[    0.332207] UDP hash table entries: 512 (order: 2, 16384 bytes)
[    0.333948] UDP-Lite hash table entries: 512 (order: 2, 16384 bytes)
[    0.335787] NET: Registered protocol family 1
[    0.337042] pci 0000:00:00.0: Limiting direct PCI/PCI transfers
[    0.339537] pci 0000:00:01.0: Activating ISA DMA hang workarounds
[    0.341469] pci 0000:00:02.0: Video device with shadowed ROM at [mem 0x000c0000-0x000dffff]
[    0.344039] Unpacking initramfs...
[    0.544424] Freeing initrd memory: 19532K
[    0.545906] clocksource: tsc: mask: 0xffffffffffffffff max_cycles: 0x2e02e6bdd5c, max_idle_ns: 440795322674 ns
[    0.548772] platform rtc_cmos: registered platform RTC device (no PNP device found)
[    0.550759] Scanning for low memory corruption every 60 seconds
[    0.552836] Initialise system trusted keyrings
[    0.554295] Key type blacklist registered
[    0.555374] workingset: timestamp_bits=36 max_order=18 bucket_order=0
[    0.557833] zbud: loaded
[    0.559200] squashfs: version 4.0 (2009/01/31) Phillip Lougher
[    0.560954] fuse init (API version 7.26)
[    0.563164] Key type asymmetric registered
[    0.564667] Asymmetric key parser 'x509' registered
[    0.565803] Block layer SCSI generic (bsg) driver version 0.4 loaded (major 246)
[    0.567769] io scheduler noop registered
[    0.569193] io scheduler deadline registered
[    0.570504] io scheduler cfq registered (default)
[    0.572078] ACPI: AC Adapter [AC] (on-line)
[    0.573244] input: Power Button as /devices/LNXSYSTM:00/LNXPWRBN:00/input/input0
[    0.575164] ACPI: Power Button [PWRF]
[    0.576276] input: Sleep Button as /devices/LNXSYSTM:00/LNXSLPBN:00/input/input1
[    0.578196] ACPI: Sleep Button [SLPF]
[    0.579541] Serial: 8250/16550 driver, 32 ports, IRQ sharing enabled
[    0.601729] 00:02: ttyS0 at I/O 0x3f8 (irq = 4, base_baud = 115200) is a 16550A
[    0.605613] Linux agpgart interface v0.103
[    0.608081] loop: module loaded
[    0.609378] scsi host0: ata_piix
[    0.610355] scsi host1: ata_piix
[    0.611074] ata1: PATA max UDMA/33 cmd 0x1f0 ctl 0x3f6 bmdma 0xd000 irq 14
[    0.612670] ata2: PATA max UDMA/33 cmd 0x170 ctl 0x376 bmdma 0xd008 irq 15
[    0.614257] tun: Universal TUN/TAP device driver, 1.6
[    0.615652] PPP generic driver version 2.4.2
[    0.616801] ehci_hcd: USB 2.0 'Enhanced' Host Controller (EHCI) Driver
[    0.618339] ehci-pci: EHCI PCI platform driver
[    0.619472] ehci-platform: EHCI generic platform driver
[    0.620749] ohci_hcd: USB 1.1 'Open' Host Controller (OHCI) Driver
[    0.622066] ohci-pci: OHCI PCI platform driver
[    0.623140] ohci-platform: OHCI generic platform driver
[    0.624376] uhci_hcd: USB Universal Host Controller Interface driver
[    0.625918] i8042: PNP: PS/2 Controller [PNP0303:PS2K,PNP0f03:PS2M] at 0x60,0x64 irq 1,12
[    0.628374] serio: i8042 KBD port at 0x60,0x64 irq 1
[    0.629881] serio: i8042 AUX port at 0x60,0x64 irq 12
[    0.631265] mousedev: PS/2 mouse device common for all mice
[    0.633042] input: AT Translated Set 2 keyboard as /devices/platform/i8042/serio0/input/input2
[    0.635617] rtc_cmos rtc_cmos: rtc core: registered rtc_cmos as rtc0
[    0.637510] rtc_cmos rtc_cmos: alarms up to one day, 114 bytes nvram
[    0.639123] i2c /dev entries driver
[    0.639991] device-mapper: uevent: version 1.0.3
[    0.641294] device-mapper: ioctl: 4.37.0-ioctl (2017-09-20) initialised: dm-devel@redhat.com
[    0.643547] ledtrig-cpu: registered to indicate activity on CPUs
[    0.645653] NET: Registered protocol family 10
[    0.649597] Segment Routing with IPv6
[    0.650822] NET: Registered protocol family 17
[    0.652308] Key type dns_resolver registered
[    0.653566] mce: Using 0 MCE banks
[    0.654725] RAS: Correctable Errors collector initialized.
[    0.656289] sched_clock: Marking stable (656274543, 0)->(877093355, -220818812)
[    0.658647] registered taskstats version 1
[    0.659837] Loading compiled-in X.509 certificates
[    0.662776] Loaded X.509 cert 'Build time autogenerated kernel key: 29e5beaa583364da097e68c9386761f80dbce7ef'
[    0.665835] Loaded X.509 cert 'Canonical Ltd. Live Patch Signing: 14df34d1a87cf37625abec039ef2bf521249b969'
[    0.669149] Loaded X.509 cert 'Canonical Ltd. Kernel Module Signing: 88f752e560a1e0737e31163a466ad7b70a850c19'
[    0.673149] blacklist: Loading compiled-in revocation X.509 certificates
[    0.675282] Loaded X.509 cert 'Canonical Ltd. Secure Boot Signing: 61482aa2830d0ab2ad5af10b7250da9033ddcef0'
[    0.677985] zswap: loaded using pool lzo/zbud
[    0.682249] Key type big_key registered
[    0.683471] Key type trusted registered
[    0.685644] Key type encrypted registered
[    0.686831] AppArmor: AppArmor sha1 policy hashing enabled
[    0.688339] ima: No TPM chip found, activating TPM-bypass! (rc=-19)
[    0.690200] ima: Allocated hash algorithm: sha1
[    0.691632] evm: HMAC attrs: 0x1
[    0.692750]   Magic number: 2:132:154
[    0.693716] rtc_cmos rtc_cmos: setting system clock to 2022-12-05 01:09:13 UTC (1670202553)
[    0.696223] BIOS EDD facility v0.16 2004-Jun-25, 0 devices found
[    0.697970] EDD information not available.
[    0.797783] Freeing unused kernel image memory: 2472K
[    1.417447] Write protecting the kernel read-only data: 20480k
[    1.423862] Freeing unused kernel image memory: 2008K
[    1.425893] Freeing unused kernel image memory: 1824K
[    1.434897] x86/mm: Checked W+X mappings: passed, no W+X pages found.
[    1.437232] x86/mm: Checking user space page tables
[    1.445502] x86/mm: Checked W+X mappings: passed, no W+X pages found.
Loading, please wait...
starting version 237
[    1.504566] e1000: Intel(R) PRO/1000 Network Driver - version 7.3.21-k8-NAPI
[    1.507107] e1000: Copyright (c) 1999-2006 Intel Corporation.
[    1.514133] Fusion MPT base driver 3.04.20
[    1.515246] Copyright (c) 1999-2008 LSI Corporation
[    1.518448] Fusion MPT SPI Host driver 3.04.20
[    1.533317] AVX2 version of gcm_enc/dec engaged.
[    1.534795] AES CTR mode by8 optimization enabled
[    1.727520] input: ImExPS/2 Generic Explorer Mouse as /devices/platform/i8042/serio1/input/input4
[    1.868272] e1000 0000:00:03.0 eth0: (PCI:33MHz:32-bit) 02:0b:d2:67:80:32
[    1.870223] e1000 0000:00:03.0 eth0: Intel(R) PRO/1000 Network Connection
[    1.872939] mptbase: ioc0: Initiating bringup
[    1.873409] e1000 0000:00:03.0 enp0s3: renamed from eth0
[    1.972275] ioc0: LSI53C1030 A0: Capabilities={Initiator}
[    2.220307] scsi host2: ioc0: LSI53C1030 A0, FwRev=00000000h, Ports=1, MaxQ=256, IRQ=20
[    2.393539] scsi 2:0:0:0: Direct-Access     VBOX     HARDDISK         1.0  PQ: 0 ANSI: 5
[    2.436170] scsi target2:0:0: Beginning Domain Validation
[    2.448307] scsi target2:0:0: Domain Validation skipping write tests
[    2.455972] scsi target2:0:0: Ending Domain Validation
[    2.462428] scsi target2:0:0: asynchronous
[    2.468629] scsi 2:0:1:0: Direct-Access     VBOX     HARDDISK         1.0  PQ: 0 ANSI: 5
[    2.504096] scsi target2:0:1: Beginning Domain Validation
[    2.509779] scsi target2:0:1: Domain Validation skipping write tests
[    2.513650] scsi target2:0:1: Ending Domain Validation
[    2.517229] scsi target2:0:1: asynchronous
[    2.527497] sd 2:0:0:0: Attached scsi generic sg0 type 0
[    2.527868] sd 2:0:0:0: [sda] 83886080 512-byte logical blocks: (42.9 GB/40.0 GiB)
[    2.537215] sd 2:0:1:0: Attached scsi generic sg1 type 0
[    2.537645] sd 2:0:0:0: [sda] Write Protect is off
[    2.546736] sd 2:0:1:0: [sdb] 20480 512-byte logical blocks: (10.5 MB/10.0 MiB)
[    2.546789] sd 2:0:0:0: [sda] Incomplete mode parameter data
[    2.556476] sd 2:0:0:0: [sda] Assuming drive cache: write through
[    2.556557] sd 2:0:1:0: [sdb] Write Protect is off
[    2.561030]  sda: sda1
[    2.563736] sd 2:0:1:0: [sdb] Incomplete mode parameter data
[    2.564195] sd 2:0:0:0: [sda] Attached SCSI disk
[    2.565801] sd 2:0:1:0: [sdb] Assuming drive cache: write through
[    2.571961] sd 2:0:1:0: [sdb] Attached SCSI disk
Begin: Loading essential drivers ... [    4.104036] raid6: sse2x1   gen() 14731 MB/s
[    4.152044] raid6: sse2x1   xor() 10028 MB/s
[    4.200045] raid6: sse2x2   gen() 17889 MB/s
[    4.248043] raid6: sse2x2   xor() 12361 MB/s
[    4.296043] raid6: sse2x4   gen() 21145 MB/s
[    4.344048] raid6: sse2x4   xor() 12955 MB/s
[    4.392044] raid6: avx2x1   gen() 29876 MB/s
[    4.440071] raid6: avx2x1   xor() 20247 MB/s
[    4.488011] raid6: avx2x2   gen() 35217 MB/s
[    4.536042] raid6: avx2x2   xor() 22748 MB/s
[    4.584043] raid6: avx2x4   gen() 41753 MB/s
[    4.632046] raid6: avx2x4   xor() 25342 MB/s
[    4.633903] raid6: using algorithm avx2x4 gen() 41753 MB/s
[    4.635570] raid6: .... xor() 25342 MB/s, rmw enabled
[    4.637013] raid6: using avx2x2 recovery algorithm
[    4.639096] xor: automatically using best checksumming function   avx       
[    4.641984] async_tx: api initialized (async)
done.
Begin: Running /scripts/init-premount ... done.
Begin: Mounting root file system ... Begin: Running /scripts/local-top ... done.
Begin: Running /scripts/local-premount ... [    4.678897] Btrfs loaded, crc32c=crc32c-intel
Scanning for Btrfs filesystems
done.
Warning: fsck not present, so skipping root file system
[    4.699730] EXT4-fs (sda1): mounted filesystem with ordered data mode. Opts: (null)
done.
Begin: Running /scripts/local-bottom ... done.
Begin: Running /scripts/init-bottom ... done.
[    4.870014] ip_tables: (C) 2000-2006 Netfilter Core Team
[    4.888168] systemd[1]: systemd 237 running in system mode. (+PAM +AUDIT +SELINUX +IMA +APPARMOR +SMACK +SYSVINIT +UTMP +LIBCRYPTSETUP +GCRYPT +GNUTLS +ACL +XZ +LZ4 +SECCOMP +BLKID +ELFUTILS +KMOD -IDN2 +IDN -PCRE2 default-hierarchy=hybrid)
[    4.898847] systemd[1]: Detected virtualization oracle.
[    4.901357] systemd[1]: Detected architecture x86-64.

Welcome to [1mUbuntu 18.04.6 LTS[0m!

[    4.917174] systemd[1]: Set hostname to <ubuntu>.
[    4.925602] systemd[1]: Initializing machine ID from random generator.
[    4.930450] systemd[1]: Installed transient /etc/machine-id file.
[    5.246599] systemd[1]: Started Forward Password Requests to Wall Directory Watch.
[[0;32m  OK  [0m] Started Forward Password Requests to Wall Directory Watch.
[    5.260193] systemd[1]: Reached target System Time Synchronized.
[[0;32m  OK  [0m] Reached target System Time Synchronized.
[    5.277129] systemd[1]: Created slice System Slice.
[[0;32m  OK  [0m] Created slice System Slice.
[    5.296560] systemd[1]: Listening on fsck to fsckd communication Socket.
[[0;32m  OK  [0m] Listening on fsck to fsckd communication Socket.
[[0;32m  OK  [0m] Listening on udev Kernel Socket.
[[0;32m  OK  [0m] Listening on udev Control Socket.
[[0;32m  OK  [0m] Reached target Swap.
[[0;32m  OK  [0m] Created slice system-serial\x2dgetty.slice.
[[0;32m  OK  [0m] Set up automount Arbitrary Executabâ€¦rmats File System Automount Point.
[[0;32m  OK  [0m] Listening on Journal Socket.
         Starting File System Check on Root Device...
         Starting Set the console keyboard layout...
         Starting Load Kernel Modules...
         Starting Uncomplicated firewall...
         Mounting POSIX Message Queue File System...
         Starting Create list of required stâ€¦ce nodes for the current kernel...
[    5.463328] Loading iSCSI transport class v2.0-870.
[    5.473951] iscsi: registered transport (tcp)
[    5.491038] iscsi: registered transport (iser)
         Mounting Kernel Debug File System...
[[0;32m  OK  [0m] Listening on LVM2 metadata daemon socket.
[[0;32m  OK  [0m] Reached target User and Group Name Lookups.
[[0;32m  OK  [0m] Listening on LVM2 poll daemon socket.
         Mounting Huge Pages File System...
[[0;32m  OK  [0m] Listening on Network Service Netlink Socket.
[[0;32m  OK  [0m] Listening on Syslog Socket.
         Starting udev Coldplug all Devices...
[[0;32m  OK  [0m] Listening on Device-mapper event daemon FIFOs.
         Starting Monitoring of LVM2 mirrorsâ€¦ng dmeventd or progress polling...
[[0;32m  OK  [0m] Listening on Journal Audit Socket.
[[0;32m  OK  [0m] Listening on /dev/initctl Compatibility Named Pipe.
[[0;32m  OK  [0m] Created slice User and Session Slice.
[[0;32m  OK  [0m] Reached target Slices.
[[0;32m  OK  [0m] Listening on Journal Socket (/dev/log).
         Starting Journal Service...
[[0;32m  OK  [0m] Started File System Check on Root Device.
[[0;32m  OK  [0m] Started Load Kernel Modules.
[[0;32m  OK  [0m] Started Uncomplicated firewall.
[[0;32m  OK  [0m] Mounted POSIX Message Queue File System.
[[0;32m  OK  [0m] Started Create list of required staâ€¦vice nodes for the current kernel.
[[0;32m  OK  [0m] Mounted Kernel Debug File System.
[[0;32m  OK  [0m] Mounted Huge Pages File System.
[[0;32m  OK  [0m] Started LVM2 metadata daemon.
[[0;32m  OK  [0m] Started File System Check Daemon to report status.
         Starting Create Static Device Nodes in /dev...
         Mounting FUSE Control File System...
         Mounting Kernel Configuration File System...
         Starting Apply Kernel Variables...
         Starting Remount Root and Kernel File Systems...
[[0;32m  OK  [0m] Started udev Coldplug all Devices.
[[0;32m  OK  [0m] Started Journal Service.
[[0;32m  OK  [0m] Started Monitoring of LVM2 mirrors,â€¦sing dmeventd or progress polling.
[[0;32m  OK  [0m] Mounted FUSE Control File System.
[[0;32m  OK  [0m] Mounted Kernel Configuration File System.
[[0;32m  OK  [0m] Started Apply Kernel Variables.
[[0;32m  OK  [0m] Started Remount Root and Kernel File Systems.
         Starting Flush Journal to Persistent Storage...
         Starting Load/Save Random Seed...
[[0;32m  OK  [0m] Started Create Static Device Nodes in /dev.
         Starting udev Kernel Device Manager...
[[0;32m  OK  [0m] Started Load/Save Random Seed.
[[0;32m  OK  [0m] Started udev Kernel Device Manager.
[[0;32m  OK  [0m] Started Flush Journal to Persistent Storage.
[[0;32m  OK  [0m] Found device /dev/ttyS0.
[[0;32m  OK  [0m] Listening on Load/Save RF Kill Switch Status /dev/rfkill Watch.
         Mounting Arbitrary Executable File Formats File System...
[[0;32m  OK  [0m] Mounted Arbitrary Executable File Formats File System.
[[0;32m  OK  [0m] Started Set the console keyboard layout.
[[0;32m  OK  [0m] Reached target Local File Systems (Pre).
[[0;32m  OK  [0m] Reached target Local File Systems.
         Starting Tell Plymouth To Write Out Runtime Data...
         Starting Commit a transient machine-id on disk...
         Starting ebtables ruleset management...
         Starting Set console font and keymap...
         Starting AppArmor initialization...
         Starting Create Volatile Files and Directories...
[[0;32m  OK  [0m] Started Dispatch Password Requests to Console Directory Watch.
[[0;32m  OK  [0m] Reached target Local Encrypted Volumes.
[[0;32m  OK  [0m] Started Tell Plymouth To Write Out Runtime Data.
[[0;32m  OK  [0m] Started Create Volatile Files and Directories.
         Starting Update UTMP about System Boot/Shutdown...
[[0;32m  OK  [0m] Started Update UTMP about System Boot/Shutdown.
[[0;32m  OK  [0m] Started Commit a transient machine-id on disk.
[[0;32m  OK  [0m] Started ebtables ruleset management.
[[0;32m  OK  [0m] Started AppArmor initialization.
         Starting Load AppArmor profiles managed internally by snapd...
         Starting Initial cloud-init job (pre-networking)...
[[0;32m  OK  [0m] Started Set console font and keymap.
[[0;32m  OK  [0m] Started Load AppArmor profiles managed internally by snapd.
[    9.083368] cloud-init[867]: Cloud-init v. 22.3.4-0ubuntu1~18.04.1 running 'init-local' at Mon, 05 Dec 2022 01:09:21 +0000. Up 8.77 seconds.
[[0;32m  OK  [0m] Started Initial cloud-init job (pre-networking).
[[0;32m  OK  [0m] Reached target Network (Pre).
         Starting Network Service...
[[0;32m  OK  [0m] Started Network Service.
         Starting Network Name Resolution...
         Starting Wait for Network to be Configured...
[[0;32m  OK  [0m] Started Network Name Resolution.
[[0;32m  OK  [0m] Reached target Network.
[[0;32m  OK  [0m] Reached target Host and Network Name Lookups.
[[0;32m  OK  [0m] Started Wait for Network to be Configured.
         Starting Initial cloud-init job (metadata service crawler)...
[   11.412302] cloud-init[998]: Cloud-init v. 22.3.4-0ubuntu1~18.04.1 running 'init' at Mon, 05 Dec 2022 01:09:24 +0000. Up 11.25 seconds.
[   11.424196] cloud-init[998]: ci-info: +++++++++++++++++++++++++++++++++++++Net device info++++++++++++++++++++++++++++++++++++++
[   11.436187] cloud-init[998]: ci-info: +--------+------+---------------------------+---------------+--------+-------------------+
[   11.438094] cloud-init[998]: ci-info: | Device |  Up  |          Address          |      Mask     | Scope  |     Hw-Address    |
[   11.440034] cloud-init[998]: ci-info: +--------+------+---------------------------+---------------+--------+-------------------+
[   11.442183] cloud-init[998]: ci-info: | enp0s3 | True |         10.0.2.15         | 255.255.255.0 | global | 02:0b:d2:67:80:32 |
[   11.456127] cloud-init[998]: ci-info: | enp0s3 | True | fe80::b:d2ff:fe67:8032/64 |       .       |  link  | 02:0b:d2:67:80:32 |
[   11.458123] cloud-init[998]: ci-info: |   lo   | True |         127.0.0.1         |   255.0.0.0   |  host  |         .         |
[   11.459988] cloud-init[998]: ci-info: |   lo   | True |          ::1/128          |       .       |  host  |         .         |
[   11.461857] cloud-init[998]: ci-info: +--------+------+---------------------------+---------------+--------+-------------------+
[   11.472159] cloud-init[998]: ci-info: ++++++++++++++++++++++++++++Route IPv4 info+++++++++++++++++++++++++++++
[   11.474002] cloud-init[998]: ci-info: +-------+-------------+----------+-----------------+-----------+-------+
[   11.488148] cloud-init[998]: ci-info: | Route | Destination | Gateway  |     Genmask     | Interface | Flags |
[   11.489794] cloud-init[998]: ci-info: +-------+-------------+----------+-----------------+-----------+-------+
[   11.491360] cloud-init[998]: ci-info: |   0   |   0.0.0.0   | 10.0.2.2 |     0.0.0.0     |   enp0s3  |   UG  |
[   11.492861] cloud-init[998]: ci-info: |   1   |   10.0.2.0  | 0.0.0.0  |  255.255.255.0  |   enp0s3  |   U   |
[   11.504078] cloud-init[998]: ci-info: |   2   |   10.0.2.2  | 0.0.0.0  | 255.255.255.255 |   enp0s3  |   UH  |
[   11.505322] cloud-init[998]: ci-info: +-------+-------------+----------+-----------------+-----------+-------+
[   11.506405] cloud-init[998]: ci-info: +++++++++++++++++++Route IPv6 info+++++++++++++++++++
[   11.507606] cloud-init[998]: ci-info: +-------+-------------+---------+-----------+-------+
[   11.524136] cloud-init[998]: ci-info: | Route | Destination | Gateway | Interface | Flags |
[   11.525387] cloud-init[998]: ci-info: +-------+-------------+---------+-----------+-------+
[   11.526688] cloud-init[998]: ci-info: |   1   |  fe80::/64  |    ::   |   enp0s3  |   U   |
[   11.527920] cloud-init[998]: ci-info: |   3   |    local    |    ::   |   enp0s3  |   U   |
[   11.529119] cloud-init[998]: ci-info: |   4   |   ff00::/8  |    ::   |   enp0s3  |   U   |
[   11.530353] cloud-init[998]: ci-info: +-------+-------------+---------+-----------+-------+
[   12.158043] cloud-init[998]: Generating public/private rsa key pair.
[   12.159113] cloud-init[998]: Your identification has been saved in /etc/ssh/ssh_host_rsa_key.
[   12.160168] cloud-init[998]: Your public key has been saved in /etc/ssh/ssh_host_rsa_key.pub.
[   12.161460] cloud-init[998]: The key fingerprint is:
[   12.162270] cloud-init[998]: SHA256:Ldk7LayPI6BuiO8IEMq17TS+c6E98ohQjhGkErs9WoQ root@ubuntu-bionic
[   12.179936] cloud-init[998]: The key's randomart image is:
[   12.181084] cloud-init[998]: +---[RSA 2048]----+
[   12.181855] cloud-init[998]: |..               |
[   12.182670] cloud-init[998]: |o+               |
[   12.183484] cloud-init[998]: |E...             |
[   12.184390] cloud-init[998]: |+=o o    +       |
[[0;32m  OK  [0m] Started Initial cloud-init job (metadata service crawler).
[   12.203147] cloud-init[998]: |+o+o +  S o      |
[[0;32m  OK  [0m[   12.217400] ] cloud-initReached target Cloud-config availability.[998]: 
|.o=.= .. o o     |
[[0;32m  OK  [0m] Reached target Network is Online.
[   12.228155] cloud-init[998]: |++ o +o . = .    |
[[0;32m  OK  [0m] Reached target Remote File Systems (Pre).
[   12.244320] [cloud-init[0;32m  OK  [0m[998]: ] |+.+ .+++.o o     |Reached target Remote File Systems.

         Starting Availability of block devices...
[   12.256220] [cloud-init[0;32m  OK  [0m[998]: ] |.=+. o=o+o.      |Reached target System Initialization.

[[0;32m  OK  [0m] Listening on ACPID Listen Socket.
[   12.258939] [cloud-init[0;32m  OK  [0m[998]: ] +----[SHA256]-----+Started Ubuntu Advantage Timer for running repeated jobs.

         Starting Socket activation for snappy daemon.
[   12.261729] [cloud-init[0;32m  OK  [0m[998]: ] Generating public/private dsa key pair.Listening on cloud-init hotplug hook socket.

[[0;32m  OK  [0m] Started Daily apt download activities.
[   12.276151] [cloud-init[0;32m  OK  [0m[998]: ] Your identification has been saved in /etc/ssh/ssh_host_dsa_key.Started Daily apt upgrade and clean activities.

[[0;32m  OK  [0m] Listening on D-Bus System Message Bus Socket.
[   12.288298] cloud-init[998]: Your public key has been saved in /etc/ssh/ssh_host_dsa_key.pub.
[[0;32m  OK  [0m] Started Discard unused blocks once a week.
[   12.305823] cloud-init[998]: The key fingerprint is:
[[0;32m  OK  [0m] Listening on UUID daemon activation socket.
[   12.307813] cloud-init[998]: SHA256:R5CUE++F3DaJuptbdaL00qzDzFeTFBvp1wp1fm56hDo root@ubuntu-bionic
[[0;32m  OK  [0m] Started ACPI Events Check.
[   12.320222] [cloud-init[998]: [0;32m  OK  [0mThe key's randomart image is:] 
Reached target Paths.
         Starting LXD - unix socket.
[   12.344198] cloud-init[998]: +---[DSA 1024]----+
[[0;32m  OK  [0m] Started Message of the Day.
[   12.356820] cloud-init[[998]: [0;32m  OK  [0m|       .++     . |] 
Listening on Open-iSCSI iscsid Socket.
[[0;32m  OK  [0m] Started Daily Cleanup of Temporary Directories.
[   12.380242] [cloud-init[0;32m  OK  [0m[998]: ] |        ++ + .= .|Reached target Timers.

[[0;32m  OK  [0m] Started Availability of block devices.
[   12.382532] cloud-init[998]: |         .* *o *.|
[[0;32m  OK  [0m] Listening on Socket activation for snappy daemon.
[   12.384141] [cloud-init[0;32m  OK  [0m[998]: ] |         + o..+ =|Listening on LXD - unix socket.

[[0;32m  OK  [0m] Reached target Sockets.
[   12.408309] [cloud-init[0;32m  OK  [0m[998]: ] |        S + oo.*.|Reached target Basic System.

[   12.410328] cloud-init[998]:          |         + * o* +|Starting Dispatcher daemon for systemd-networkd...

         Starting System Logging Service...
[   12.411871] cloud-init[998]: |        .++ +o = |
         Starting LSB: Record successful boot for GRUB...
[   12.426621] cloud-init[998]: |         +=oE . .|
         Starting Accounts Service...
[   12.452219] cloud-init[998]: |        +..o . . |
[[0;32m  OK  [0m] Started D-Bus System Message Bus.
[   12.456403] cloud-init[998]: +----[SHA256]-----+
[   12.476966] cloud-init[998]: Generating public/private ecdsa key pair.
         Starting Virtualbox guest utils...
[   12.479437] cloud-init[998]: Your identification has been saved in /etc/ssh/ssh_host_ecdsa_key.
[   12.489511]          cloud-initStarting LSB: automatic crash report generation...[998]: 
Your public key has been saved in /etc/ssh/ssh_host_ecdsa_key.pub.
[[0;32m  OK  [0m] Started FUSE filesystem for LXC.
[   12.504996] cloud-init[998]: The key fingerprint is:
[   12.506553]          cloud-initStarting Login Service...[998]: 
SHA256:4XDIVTxnUgSLEKo6mxLz/WBiREcDcHul74UsoVDQitU root@ubuntu-bionic
         Starting Permit User Sessions...
[   12.510780] cloud-init[998]: The key's randomart image is:
[   12.524142] [cloud-init[0;32m  OK  [0m[998]: ] +---[ECDSA 256]---+Started Deferred execution scheduler.

[   12.526397] cloud-init[998]: |o++oo +..oo+o    |
[   12.527695] cloud-init[998]: | oooE* + .+.o    |
[   12.540409] cloud-init[998]: |ooo * + + .=     |
[   12.541735] cloud-init[998]: |oo = + = .       |
[   12.552732] cloud-init[998]: |  + . + S        |
[   12.553728] cloud-init[998]: |oo   o .         |
[   12.554595] cloud-init[998]: |o+o.o .          |
[   12.555555] cloud-init[998]: |.=.o..           |
[   12.556468] cloud-init[998]: |+    ..          |
[   12.557284] cloud-init[998]: +----[SHA256]-----+
[   12.558130] cloud-init[998]: Generating public/private ed25519 key pair.
[   12.568149] cloud-init[998]: Your identification has been saved in /etc/ssh/ssh_host_ed25519_key.
         Starting Pollinate to seed the pseudo random number generator...
[   12.580323] cloud-init[998]: Your public key has been saved in /etc/ssh/ssh_host_ed25519_key.pub.
[   12.584289] cloud-init[998]: The key fingerprint is:
[   12.586035] cloud-init[998]: SHA256:++DqcNRAJts4qRTNvC8vEiM7leAIU3BYFq9EtsFDE+w root@ubuntu-bionic
[   12.588910] cloud-init[998]: The key's randomart image is:
[[0;32m  OK  [0m] Started irqbalance daemon.
[   12.603602] cloud-init[998]: +--[ED25519 256]--+
[   12.628208]          Starting LXD - container startup/shutdown...
[[0;32m  OK  [0m] Reached target Login Prompts (Pre).
cloud-init[998]: |.B&*. o          |
[   12.644237] cloud-init[998]: |.==*+O           |
[   12.656124] cloud-init[998]: | o+.*.o          |
[   12.657068] cloud-init[998]: |+oEo.. o         |
[   12.657931] cloud-init[998]: |+oo. .. S        |
[   12.658749] cloud-init[998]: |o.= ...  .       |
[   12.659545] cloud-init[998]: | + o.o. o        |
[   12.660374] cloud-init[998]: |o . .o.. o       |
[   12.661673] cloud-init[998]: | . . oo.. .      |
[   12.662502] cloud-init[998]: +----[SHA256]-----+
[[0;32m  OK  [0m] Started Regular background program processing daemon.
         Starting Snap Daemon...
[[0;32m  OK  [0m] Started System Logging Service.
[[0;32m  OK  [0m] Started Dispatcher daemon for systemd-networkd.
[[0;32m  OK  [0m] Started Permit User Sessions.
[[0;32m  OK  [0m] Started LXD - container startup/shutdown.
[[0;32m  OK  [0m] Started Login Service.
[[0;32m  OK  [0m] Started Unattended Upgrades Shutdown.
         Starting Authorization Manager...
         Starting Hold until boot process finishes up...
         Starting Terminate Plymouth Boot Screen...
[[0;32m  OK  [0m] Started Hold until boot process finishes up.
[[0;32m  OK  [0m] Started Serial Getty on ttyS0.
         Starting Set console scheme...
[[0;32m  OK  [0m] Started LSB: automatic crash report generation.
[[0;32m  OK  [0m] Started Terminate Plymouth Boot Screen.
[[0;32m  OK  [0m] Started Set console scheme.
[[0;32m  OK  [0m] Created slice system-getty.slice.
[[0;32m  OK  [0m] Started Getty on tty1.
[[0;32m  OK  [0m] Reached target Login Prompts.
[[0;32m  OK  [0m] Started LSB: Record successful boot for GRUB.
[[0;32m  OK  [0m] Started Authorization Manager.
[[0;32m  OK  [0m] Started Accounts Service.
[[0;32m  OK  [0m] Started Virtualbox guest utils.
[[0;32m  OK  [0m] Started Snap Daemon.
         Starting Wait until snapd is fully seeded...
[[0;32m  OK  [0m] Started Pollinate to seed the pseudo random number generator.
         Starting OpenBSD Secure Shell server...
[[0;32m  OK  [0m] Started OpenBSD Secure Shell server.
         Starting Time & Date Service...
[[0;32m  OK  [0m] Started Time & Date Service.
[[0;32m  OK  [0m] Created slice User Slice of vagrant.
         Starting User Manager for UID 1000...
[[0;32m  OK  [0m] Started Session 1 of user vagrant.
[[0;32m  OK  [0m] Started User Manager for UID 1000.
[[0;32m  OK  [0m] Started Wait until snapd is fully seeded.
         Starting Apply the settings specified in cloud-config...
[   15.044990] cloud-init[1663]: Cloud-init v. 22.3.4-0ubuntu1~18.04.1 running 'modules:config' at Mon, 05 Dec 2022 01:09:27 +0000. Up 14.34 seconds.
[[0;32m  OK  [0m] Started Apply the settings specified in cloud-config.
[[0;32m  OK  [0m] Reached target Multi-User System.
[[0;32m  OK  [0m] Reached target Graphical Interface.
         Starting Update UTMP about System Runlevel Changes...
         Starting Execute cloud user/final scripts...
[[0;32m  OK  [0m] Started Update UTMP about System Runlevel Changes.
ci-info: no authorized SSH keys fingerprints found for user ubuntu.
<14>Dec  5 01:09:28 cloud-init: #############################################################
<14>Dec  5 01:09:28 cloud-init: -----BEGIN SSH HOST KEY FINGERPRINTS-----
<14>Dec  5 01:09:28 cloud-init: 1024 SHA256:R5CUE++F3DaJuptbdaL00qzDzFeTFBvp1wp1fm56hDo root@ubuntu-bionic (DSA)
<14>Dec  5 01:09:28 cloud-init: 256 SHA256:4XDIVTxnUgSLEKo6mxLz/WBiREcDcHul74UsoVDQitU root@ubuntu-bionic (ECDSA)
<14>Dec  5 01:09:28 cloud-init: 256 SHA256:++DqcNRAJts4qRTNvC8vEiM7leAIU3BYFq9EtsFDE+w root@ubuntu-bionic (ED25519)
<14>Dec  5 01:09:28 cloud-init: 2048 SHA256:Ldk7LayPI6BuiO8IEMq17TS+c6E98ohQjhGkErs9WoQ root@ubuntu-bionic (RSA)
<14>Dec  5 01:09:28 cloud-init: -----END SSH HOST KEY FINGERPRINTS-----
<14>Dec  5 01:09:28 cloud-init: #############################################################
-----BEGIN SSH HOST KEY KEYS-----
ecdsa-sha2-nistp256 AAAAE2VjZHNhLXNoYTItbmlzdHAyNTYAAAAIbmlzdHAyNTYAAABBBL6svISgsisZ/8OoVRS49QJsGit96KQunt+k0S0qltzYGvZK7VCOs6I7AFlTApqX0ZBOsfK1vSyjxYCk9cMDufI= root@ubuntu-bionic
ssh-ed25519 AAAAC3NzaC1lZDI1NTE5AAAAIIYq0dlch0LydLveWfEbzUkPNvP0845VoTm6KfoT8Wgy root@ubuntu-bionic
ssh-rsa AAAAB3NzaC1yc2EAAAADAQABAAABAQCf905+AOHQCduOq4SaJrlLobHlW/dFkGeTUnTxlOlgyhIO5r83aRJG+/6FK9ViwwujQXZTAFk59LN17QuIc8GSBXoYgTnpu7jiTPwqj+X5r2ccryXw7kZYyJn4c9c++pfDswxj+HyMOrU9DyXy4y56AUO30Vh3GSVl0ZVwVXBw5Fyd3FpISOCsqCaVz/RZHq44fVlCYC3ZRK2qEcbEuNDV9rMP++0NBnn5653nQDuLbjOk5Jc8GoMEpsAWpXL2OwBDJ8MCAIlod8+u1YT67nK3Um+ghQRbaSPgmqOUHtZNdXXukrOc/6XGLSqZBtgDPpV3g20wBEGXa4gDwVpoUoGh root@ubuntu-bionic
-----END SSH HOST KEY KEYS-----
[   15.802978] cloud-init[1748]: Cloud-init v. 22.3.4-0ubuntu1~18.04.1 running 'modules:final' at Mon, 05 Dec 2022 01:09:28 +0000. Up 15.60 seconds.
[   15.804670] cloud-init[1748]: Cloud-init v. 22.3.4-0ubuntu1~18.04.1 finished at Mon, 05 Dec 2022 01:09:28 +0000. Datasource DataSourceNoCloud [seed=/dev/sdb][dsmode=net].  Up 15.79 seconds
[[0;32m  OK  [0m] Started Execute cloud user/final scripts.
[[0;32m  OK  [0m] Reached target Cloud-init target.

Ubuntu 18.04.6 LTS ubuntu-bionic ttyS0

ubuntu-bionic login: 